Archive member included to satisfy reference by file (symbol)

d:/intelfpga_lite/18.1/nios2eds/bin/gnu/h-x86_64-mingw32/bin/../lib/gcc/nios2-elf/5.3.0/../../../../../H-x86_64-mingw32/nios2-elf/lib/mno-hw-mul\libsmallc.a(lib_a-printf.o)
                              obj/default/source.o (printf)
d:/intelfpga_lite/18.1/nios2eds/bin/gnu/h-x86_64-mingw32/bin/../lib/gcc/nios2-elf/5.3.0/../../../../../H-x86_64-mingw32/nios2-elf/lib/mno-hw-mul\libsmallc.a(lib_a-puts.o)
                              obj/default/source.o (puts)
d:/intelfpga_lite/18.1/nios2eds/bin/gnu/h-x86_64-mingw32/bin/../lib/gcc/nios2-elf/5.3.0/../../../../../H-x86_64-mingw32/nios2-elf/lib/mno-hw-mul\libsmallc.a(lib_a-strlen.o)
                              d:/intelfpga_lite/18.1/nios2eds/bin/gnu/h-x86_64-mingw32/bin/../lib/gcc/nios2-elf/5.3.0/../../../../../H-x86_64-mingw32/nios2-elf/lib/mno-hw-mul\libsmallc.a(lib_a-puts.o) (strlen)
d:/intelfpga_lite/18.1/nios2eds/bin/gnu/h-x86_64-mingw32/bin/../lib/gcc/nios2-elf/5.3.0/../../../../../H-x86_64-mingw32/nios2-elf/lib/mno-hw-mul\libsmallc.a(lib_a-vfprintf.o)
                              d:/intelfpga_lite/18.1/nios2eds/bin/gnu/h-x86_64-mingw32/bin/../lib/gcc/nios2-elf/5.3.0/../../../../../H-x86_64-mingw32/nios2-elf/lib/mno-hw-mul\libsmallc.a(lib_a-printf.o) (___vfprintf_internal_r)
d:/intelfpga_lite/18.1/nios2eds/bin/gnu/h-x86_64-mingw32/bin/../lib/gcc/nios2-elf/5.3.0/../../../../../H-x86_64-mingw32/nios2-elf/lib/mno-hw-mul\libsmallc.a(lib_a-fvwrite_small_dev.o)
                              d:/intelfpga_lite/18.1/nios2eds/bin/gnu/h-x86_64-mingw32/bin/../lib/gcc/nios2-elf/5.3.0/../../../../../H-x86_64-mingw32/nios2-elf/lib/mno-hw-mul\libsmallc.a(lib_a-printf.o) (__sfvwrite_small_dev)
d:/intelfpga_lite/18.1/nios2eds/bin/gnu/h-x86_64-mingw32/bin/../lib/gcc/nios2-elf/5.3.0/../../../../../H-x86_64-mingw32/nios2-elf/lib/mno-hw-mul\libsmallc.a(lib_a-impure.o)
                              d:/intelfpga_lite/18.1/nios2eds/bin/gnu/h-x86_64-mingw32/bin/../lib/gcc/nios2-elf/5.3.0/../../../../../H-x86_64-mingw32/nios2-elf/lib/mno-hw-mul\libsmallc.a(lib_a-printf.o) (_impure_ptr)
d:/intelfpga_lite/18.1/nios2eds/bin/gnu/h-x86_64-mingw32/bin/../lib/gcc/nios2-elf/5.3.0/../../../../../H-x86_64-mingw32/nios2-elf/lib/mno-hw-mul\libsmallc.a(lib_a-writer.o)
                              d:/intelfpga_lite/18.1/nios2eds/bin/gnu/h-x86_64-mingw32/bin/../lib/gcc/nios2-elf/5.3.0/../../../../../H-x86_64-mingw32/nios2-elf/lib/mno-hw-mul\libsmallc.a(lib_a-fvwrite_small_dev.o) (_write_r)
d:/intelfpga_lite/18.1/nios2eds/bin/gnu/h-x86_64-mingw32/bin/../lib/gcc/nios2-elf/5.3.0/../../../../../H-x86_64-mingw32/nios2-elf/lib/mno-hw-mul\libsmallc.a(lib_a-int_errno.o)
                              d:/intelfpga_lite/18.1/nios2eds/bin/gnu/h-x86_64-mingw32/bin/../lib/gcc/nios2-elf/5.3.0/../../../../../H-x86_64-mingw32/nios2-elf/lib/mno-hw-mul\libsmallc.a(lib_a-writer.o) (errno)
d:/intelfpga_lite/18.1/nios2eds/bin/gnu/h-x86_64-mingw32/bin/../lib/gcc/nios2-elf/5.3.0/mno-hw-mul\libgcc.a(lib2-divmod.o)
                              d:/intelfpga_lite/18.1/nios2eds/bin/gnu/h-x86_64-mingw32/bin/../lib/gcc/nios2-elf/5.3.0/../../../../../H-x86_64-mingw32/nios2-elf/lib/mno-hw-mul\libsmallc.a(lib_a-vfprintf.o) (__udivsi3)
d:/intelfpga_lite/18.1/nios2eds/bin/gnu/h-x86_64-mingw32/bin/../lib/gcc/nios2-elf/5.3.0/mno-hw-mul\libgcc.a(lib2-mul.o)
                              d:/intelfpga_lite/18.1/nios2eds/bin/gnu/h-x86_64-mingw32/bin/../lib/gcc/nios2-elf/5.3.0/../../../../../H-x86_64-mingw32/nios2-elf/lib/mno-hw-mul\libsmallc.a(lib_a-vfprintf.o) (__mulsi3)
../Prj4_bsp/\libhal_bsp.a(alt_iic.o)
                              obj/default/source.o (alt_ic_isr_register)
../Prj4_bsp/\libhal_bsp.a(alt_iic_isr_register.o)
                              ../Prj4_bsp/\libhal_bsp.a(alt_iic.o) (alt_iic_isr_register)
../Prj4_bsp/\libhal_bsp.a(alt_irq_entry.o)
                              ../Prj4_bsp/\libhal_bsp.a(alt_iic_isr_register.o) (alt_irq_entry)
../Prj4_bsp/\libhal_bsp.a(alt_irq_handler.o)
                              ../Prj4_bsp/\libhal_bsp.a(alt_iic_isr_register.o) (alt_irq)
../Prj4_bsp/\libhal_bsp.a(alt_irq_vars.o)
                              ../Prj4_bsp/\libhal_bsp.a(alt_iic.o) (alt_irq_active)
../Prj4_bsp/\libhal_bsp.a(alt_load.o)
                              ../Prj4_bsp//obj/HAL/src/crt0.o (alt_load)
../Prj4_bsp/\libhal_bsp.a(alt_main.o)
                              ../Prj4_bsp//obj/HAL/src/crt0.o (alt_main)
../Prj4_bsp/\libhal_bsp.a(alt_write.o)
                              d:/intelfpga_lite/18.1/nios2eds/bin/gnu/h-x86_64-mingw32/bin/../lib/gcc/nios2-elf/5.3.0/../../../../../H-x86_64-mingw32/nios2-elf/lib/mno-hw-mul\libsmallc.a(lib_a-writer.o) (write)
../Prj4_bsp/\libhal_bsp.a(alt_sys_init.o)
                              ../Prj4_bsp/\libhal_bsp.a(alt_main.o) (alt_irq_init)
../Prj4_bsp/\libhal_bsp.a(altera_avalon_dma.o)
                              ../Prj4_bsp/\libhal_bsp.a(alt_sys_init.o) (alt_avalon_dma_launch_bidir)
[...]
Memory Configuration

Name             Origin             Length             Attributes
reset            0x0000000000000000 0x0000000000000020
onchip_memory2_0 0x0000000000000020 0x0000000000007fe0
onchip_memory2_1 0x0000000000008000 0x0000000000008000
*default*        0x0000000000000000 0xffffffffffffffff

Linker script and memory map

LOAD ../Prj4_bsp//obj/HAL/src/crt0.o
LOAD obj/default/source.o
LOAD d:/intelfpga_lite/18.1/nios2eds/bin/gnu/h-x86_64-mingw32/bin/../lib/gcc/nios2-elf/5.3.0/../../../../../H-x86_64-mingw32/nios2-elf/lib/mno-hw-mul\libstdc++.a
LOAD d:/intelfpga_lite/18.1/nios2eds/bin/gnu/h-x86_64-mingw32/bin/../lib/gcc/nios2-elf/5.3.0/../../../../../H-x86_64-mingw32/nios2-elf/lib/mno-hw-mul\libm.a
LOAD d:/intelfpga_lite/18.1/nios2eds/bin/gnu/h-x86_64-mingw32/bin/../lib/gcc/nios2-elf/5.3.0/mno-hw-mul\libgcc.a
START GROUP
LOAD d:/intelfpga_lite/18.1/nios2eds/bin/gnu/h-x86_64-mingw32/bin/../lib/gcc/nios2-elf/5.3.0/../../../../../H-x86_64-mingw32/nios2-elf/lib/mno-hw-mul\libsmallc.a
LOAD d:/intelfpga_lite/18.1/nios2eds/bin/gnu/h-x86_64-mingw32/bin/../lib/gcc/nios2-elf/5.3.0/mno-hw-mul\libgcc.a
LOAD ../Prj4_bsp/\libhal_bsp.a
LOAD d:/intelfpga_lite/18.1/nios2eds/bin/gnu/h-x86_64-mingw32/bin/../lib/gcc/nios2-elf/5.3.0/../../../../../H-x86_64-mingw32/nios2-elf/lib/mno-hw-mul\libm.a
END GROUP
LOAD d:/intelfpga_lite/18.1/nios2eds/bin/gnu/h-x86_64-mingw32/bin/../lib/gcc/nios2-elf/5.3.0/mno-hw-mul\libgcc.a
                0x0000000000000000                __alt_mem_onchip_memory2_0 = 0x0
                0x0000000000008000                __alt_mem_onchip_memory2_1 = 0x8000

.entry          0x0000000000000000       0x20
 *(.entry)
 .entry         0x0000000000000000       0x20 ../Prj4_bsp//obj/HAL/src/crt0.o
                0x0000000000000000                __reset

.exceptions     0x0000000000000020      0x210
                0x0000000000000020                PROVIDE (__ram_exceptions_start, ABSOLUTE (.))
                0x0000000000000020                . = ALIGN (0x20)
 *(.irq)
 *(.exceptions.entry.label)
 .exceptions.entry.label
                0x0000000000000020        0x0 ../Prj4_bsp/\libhal_bsp.a(alt_irq_entry.o)
                0x0000000000000020                alt_irq_entry
 .exceptions.entry.label
                0x0000000000000020        0x0 ../Prj4_bsp/\libhal_bsp.a(alt_exception_entry.o)
                0x0000000000000020                alt_exception
 *(.exceptions.entry.user)
 *(.exceptions.entry.ecc_fatal)
 *(.exceptions.entry)
 .exceptions.entry
                0x0000000000000020       0x54 ../Prj4_bsp/\libhal_bsp.a(alt_exception_entry.o)
 *(.exceptions.irqtest.user)
 *(.exceptions.irqtest)
 .exceptions.irqtest
                0x0000000000000074       0x10 ../Prj4_bsp/\libhal_bsp.a(alt_irq_entry.o)
 *(.exceptions.irqhandler.user)
 *(.exceptions.irqhandler)
 .exceptions.irqhandler
                0x0000000000000084        0x4 ../Prj4_bsp/\libhal_bsp.a(alt_irq_entry.o)
 *(.exceptions.irqreturn.user)
 *(.exceptions.irqreturn)
 .exceptions.irqreturn
                0x0000000000000088        0x4 ../Prj4_bsp/\libhal_bsp.a(alt_irq_entry.o)
 *(.exceptions.notirq.label)
 .exceptions.notirq.label
                0x000000000000008c        0x0 ../Prj4_bsp/\libhal_bsp.a(alt_irq_entry.o)
 *(.exceptions.notirq.user)
 *(.exceptions.notirq)
 .exceptions.notirq
                0x000000000000008c        0x8 ../Prj4_bsp/\libhal_bsp.a(alt_exception_entry.o)
 *(.exceptions.soft.user)
 *(.exceptions.soft)
 *(.exceptions.unknown.user)
 *(.exceptions.unknown)
 .exceptions.unknown
                0x0000000000000094       0x14 ../Prj4_bsp/\libhal_bsp.a(alt_exception_entry.o)
 *(.exceptions.exit.label)
 .exceptions.exit.label
                0x00000000000000a8        0x0 ../Prj4_bsp/\libhal_bsp.a(alt_irq_entry.o)
 .exceptions.exit.label
                0x00000000000000a8        0x0 ../Prj4_bsp/\libhal_bsp.a(alt_exception_entry.o)
 *(.exceptions.exit.user)
 *(.exceptions.exit)
 .exceptions.exit
                0x00000000000000a8       0x54 ../Prj4_bsp/\libhal_bsp.a(alt_exception_entry.o)
 *(.exceptions)
 .exceptions    0x00000000000000fc       0xd4 ../Prj4_bsp/\libhal_bsp.a(alt_irq_handler.o)
                0x00000000000000fc                alt_irq_handler
 .exceptions    0x00000000000001d0       0x60 ../Prj4_bsp/\libhal_bsp.a(alt_instruction_exception_entry.o)
                0x00000000000001d0                alt_instruction_exception_entry
                0x0000000000000230                PROVIDE (__ram_exceptions_end, ABSOLUTE (.))
                0x0000000000000020                PROVIDE (__flash_exceptions_start, LOADADDR (.exceptions))

.text           0x0000000000000230     0x2f04
                [!provide]                        PROVIDE (stext, ABSOLUTE (.))
 *(.interp)
 *(.hash)
 *(.dynsym)
 *(.dynstr)
 *(.gnu.version)
 *(.gnu.version_d)
 *(.gnu.version_r)
 *(.rel.init)
 *(.rela.init)
 *(.rel.text .rel.text.* .rel.gnu.linkonce.t.*)
 *(.rela.text .rela.text.* .rela.gnu.linkonce.t.*)
 *(.rel.fini)
 *(.rela.fini)
 *(.rel.rodata .rel.rodata.* .rel.gnu.linkonce.r.*)
 *(.rela.rodata .rela.rodata.* .rela.gnu.linkonce.r.*)
 *(.rel.data .rel.data.* .rel.gnu.linkonce.d.*)
 *(.rela.data .rela.data.* .rela.gnu.linkonce.d.*)
 *(.rel.tdata .rel.tdata.* .rel.gnu.linkonce.td.*)
 *(.rela.tdata .rela.tdata.* .rela.gnu.linkonce.td.*)
 *(.rel.tbss .rel.tbss.* .rel.gnu.linkonce.tb.*)
 *(.rela.tbss .rela.tbss.* .rela.gnu.linkonce.tb.*)
 *(.rel.ctors)
 *(.rela.ctors)
 *(.rel.dtors)
 *(.rela.dtors)
 *(.rel.got)
 *(.rela.got)
 *(.rel.sdata .rel.sdata.* .rel.gnu.linkonce.s.*)
 *(.rela.sdata .rela.sdata.* .rela.gnu.linkonce.s.*)
 *(.rel.sbss .rel.sbss.* .rel.gnu.linkonce.sb.*)
 *(.rela.sbss .rela.sbss.* .rela.gnu.linkonce.sb.*)
 *(.rel.sdata2 .rel.sdata2.* .rel.gnu.linkonce.s2.*)
 *(.rela.sdata2 .rela.sdata2.* .rela.gnu.linkonce.s2.*)
 *(.rel.sbss2 .rel.sbss2.* .rel.gnu.linkonce.sb2.*)
 *(.rela.sbss2 .rela.sbss2.* .rela.gnu.linkonce.sb2.*)
 *(.rel.bss .rel.bss.* .rel.gnu.linkonce.b.*)
 *(.rela.bss .rela.bss.* .rela.gnu.linkonce.b.*)
 *(.rel.plt)
 *(.rela.plt)
 *(.rel.dyn)
 *(.init)
 *(.plt)
 *(.text .stub .text.* .gnu.linkonce.t.*)
 .text          0x0000000000000230       0x3c ../Prj4_bsp//obj/HAL/src/crt0.o
                0x0000000000000230                _start
 .text          0x000000000000026c      0x19c obj/default/source.o
                0x000000000000026c                DMA_ISR_Handler
                0x0000000000000304                DMA_Init
                0x000000000000037c                main
 .text          0x0000000000000408        0x0 d:/intelfpga_lite/18.1/nios2eds/bin/gnu/h-x86_64-mingw32/bin/../lib/gcc/nios2-elf/5.3.0/../../../../../H-x86_64-mingw32/nios2-elf/lib/mno-hw-mul\libsmallc.a(lib_a-printf.o)
 .text._printf_r
                0x0000000000000408       0x3c d:/intelfpga_lite/18.1/nios2eds/bin/gnu/h-x86_64-mingw32/bin/../lib/gcc/nios2-elf/5.3.0/../../../../../H-x86_64-mingw32/nios2-elf/lib/mno-hw-mul\libsmallc.a(lib_a-printf.o)
                0x0000000000000408                _printf_r
 .text.printf   0x0000000000000444       0x4c d:/intelfpga_lite/18.1/nios2eds/bin/gnu/h-x86_64-mingw32/bin/../lib/gcc/nios2-elf/5.3.0/../../../../../H-x86_64-mingw32/nios2-elf/lib/mno-hw-mul\libsmallc.a(lib_a-printf.o)
                0x0000000000000444                printf
 .text          0x0000000000000490        0x0 d:/intelfpga_lite/18.1/nios2eds/bin/gnu/h-x86_64-mingw32/bin/../lib/gcc/nios2-elf/5.3.0/../../../../../H-x86_64-mingw32/nios2-elf/lib/mno-hw-mul\libsmallc.a(lib_a-puts.o)
 .text._puts_r  0x0000000000000490       0x80 d:/intelfpga_lite/18.1/nios2eds/bin/gnu/h-x86_64-mingw32/bin/../lib/gcc/nios2-elf/5.3.0/../../../../../H-x86_64-mingw32/nios2-elf/lib/mno-hw-mul\libsmallc.a(lib_a-puts.o)
                0x0000000000000490                _puts_r
 .text.puts     0x0000000000000510       0x14 d:/intelfpga_lite/18.1/nios2eds/bin/gnu/h-x86_64-mingw32/bin/../lib/gcc/nios2-elf/5.3.0/../../../../../H-x86_64-mingw32/nios2-elf/lib/mno-hw-mul\libsmallc.a(lib_a-puts.o)
                0x0000000000000510                puts
 .text          0x0000000000000524        0x0 d:/intelfpga_lite/18.1/nios2eds/bin/gnu/h-x86_64-mingw32/bin/../lib/gcc/nios2-elf/5.3.0/../../../../../H-x86_64-mingw32/nios2-elf/lib/mno-hw-mul\libsmallc.a(lib_a-strlen.o)
 .text.strlen   0x0000000000000524       0x1c d:/intelfpga_lite/18.1/nios2eds/bin/gnu/h-x86_64-mingw32/bin/../lib/gcc/nios2-elf/5.3.0/../../../../../H-x86_64-mingw32/nios2-elf/lib/mno-hw-mul\libsmallc.a(lib_a-strlen.o)
                0x0000000000000524                strlen
 .text          0x0000000000000540        0x0 d:/intelfpga_lite/18.1/nios2eds/bin/gnu/h-x86_64-mingw32/bin/../lib/gcc/nios2-elf/5.3.0/../../../../../H-x86_64-mingw32/nios2-elf/lib/mno-hw-mul\libsmallc.a(lib_a-vfprintf.o)
 .text.print_repeat
                0x0000000000000540       0x6c d:/intelfpga_lite/18.1/nios2eds/bin/gnu/h-x86_64-mingw32/bin/../lib/gcc/nios2-elf/5.3.0/../../../../../H-x86_64-mingw32/nios2-elf/lib/mno-hw-mul\libsmallc.a(lib_a-vfprintf.o)
 .text.___vfprintf_internal_r
                0x00000000000005ac      0x52c d:/intelfpga_lite/18.1/nios2eds/bin/gnu/h-x86_64-mingw32/bin/../lib/gcc/nios2-elf/5.3.0/../../../../../H-x86_64-mingw32/nios2-elf/lib/mno-hw-mul\libsmallc.a(lib_a-vfprintf.o)
                0x00000000000005ac                ___vfprintf_internal_r
 .text.__vfprintf_internal
                0x0000000000000ad8       0x1c d:/intelfpga_lite/18.1/nios2eds/bin/gnu/h-x86_64-mingw32/bin/../lib/gcc/nios2-elf/5.3.0/../../../../../H-x86_64-mingw32/nios2-elf/lib/mno-hw-mul\libsmallc.a(lib_a-vfprintf.o)
                0x0000000000000ad8                __vfprintf_internal
 .text          0x0000000000000af4        0x0 d:/intelfpga_lite/18.1/nios2eds/bin/gnu/h-x86_64-mingw32/bin/../lib/gcc/nios2-elf/5.3.0/../../../../../H-x86_64-mingw32/nios2-elf/lib/mno-hw-mul\libsmallc.a(lib_a-fvwrite_small_dev.o)
 .text.__sfvwrite_small_dev
                0x0000000000000af4       0xb8 d:/intelfpga_lite/18.1/nios2eds/bin/gnu/h-x86_64-mingw32/bin/../lib/gcc/nios2-elf/5.3.0/../../../../../H-x86_64-mingw32/nios2-elf/lib/mno-hw-mul\libsmallc.a(lib_a-fvwrite_small_dev.o)
                0x0000000000000af4                __sfvwrite_small_dev
 .text          0x0000000000000bac        0x0 d:/intelfpga_lite/18.1/nios2eds/bin/gnu/h-x86_64-mingw32/bin/../lib/gcc/nios2-elf/5.3.0/../../../../../H-x86_64-mingw32/nios2-elf/lib/mno-hw-mul\libsmallc.a(lib_a-impure.o)
 .text          0x0000000000000bac        0x0 d:/intelfpga_lite/18.1/nios2eds/bin/gnu/h-x86_64-mingw32/bin/../lib/gcc/nios2-elf/5.3.0/../../../../../H-x86_64-mingw32/nios2-elf/lib/mno-hw-mul\libsmallc.a(lib_a-writer.o)
 .text._write_r
                0x0000000000000bac       0x58 d:/intelfpga_lite/18.1/nios2eds/bin/gnu/h-x86_64-mingw32/bin/../lib/gcc/nios2-elf/5.3.0/../../../../../H-x86_64-mingw32/nios2-elf/lib/mno-hw-mul\libsmallc.a(lib_a-writer.o)
                0x0000000000000bac                _write_r
 .text          0x0000000000000c04        0x0 d:/intelfpga_lite/18.1/nios2eds/bin/gnu/h-x86_64-mingw32/bin/../lib/gcc/nios2-elf/5.3.0/../../../../../H-x86_64-mingw32/nios2-elf/lib/mno-hw-mul\libsmallc.a(lib_a-int_errno.o)
 .text          0x0000000000000c04      0x1b4 d:/intelfpga_lite/18.1/nios2eds/bin/gnu/h-x86_64-mingw32/bin/../lib/gcc/nios2-elf/5.3.0/mno-hw-mul\libgcc.a(lib2-divmod.o)
                0x0000000000000c04                __divsi3
                0x0000000000000c88                __modsi3
                0x0000000000000cfc                __udivsi3
                0x0000000000000d60                __umodsi3
 .text          0x0000000000000db8       0x28 d:/intelfpga_lite/18.1/nios2eds/bin/gnu/h-x86_64-mingw32/bin/../lib/gcc/nios2-elf/5.3.0/mno-hw-mul\libgcc.a(lib2-mul.o)
                0x0000000000000db8                __mulsi3
 .text          0x0000000000000de0      0x1b0 ../Prj4_bsp/\libhal_bsp.a(alt_iic.o)
                0x0000000000000de0                alt_ic_isr_register
                0x0000000000000e30                alt_ic_irq_enable
                0x0000000000000eb8                alt_ic_irq_disable
                0x0000000000000f44                alt_ic_irq_enabled
 .text          0x0000000000000f90       0xf0 ../Prj4_bsp/\libhal_bsp.a(alt_iic_isr_register.o)
                0x0000000000000f90                alt_iic_isr_register
 .text          0x0000000000001080        0x0 ../Prj4_bsp/\libhal_bsp.a(alt_irq_entry.o)
 .text          0x0000000000001080        0x0 ../Prj4_bsp/\libhal_bsp.a(alt_irq_handler.o)
 .text          0x0000000000001080        0x0 ../Prj4_bsp/\libhal_bsp.a(alt_irq_vars.o)
 .text          0x0000000000001080       0xec ../Prj4_bsp/\libhal_bsp.a(alt_load.o)
                0x00000000000010e8                alt_load
 .text          0x000000000000116c       0x7c ../Prj4_bsp/\libhal_bsp.a(alt_main.o)
                0x000000000000116c                alt_main
 .text          0x00000000000011e8      0x13c ../Prj4_bsp/\libhal_bsp.a(alt_write.o)
                0x0000000000001224                write
 .text          0x0000000000001324       0xc8 ../Prj4_bsp/\libhal_bsp.a(alt_sys_init.o)
                0x0000000000001358                alt_irq_init
                0x0000000000001390                alt_sys_init
 .text          0x00000000000013ec      0xbc4 ../Prj4_bsp/\libhal_bsp.a(altera_avalon_dma.o)
                0x0000000000001454                alt_avalon_dma_launch_bidir
                0x00000000000019c8                alt_avalon_dma_tx_ioctl
                0x0000000000001a10                alt_avalon_dma_rx_ioctl
                0x0000000000001a58                alt_avalon_dma_prepare
                0x0000000000001b90                alt_avalon_dma_space
                0x0000000000001c04                alt_avalon_dma_send
                0x0000000000001efc                alt_avalon_dma_init
 .text          0x0000000000001fb0       0xc0 ../Prj4_bsp/\libhal_bsp.a(altera_avalon_jtag_uart_fd.o)
                0x0000000000001fb0                altera_avalon_jtag_uart_read_fd
                0x0000000000002010                altera_avalon_jtag_uart_write_fd
 .text          0x0000000000002070       0xec ../Prj4_bsp/\libhal_bsp.a(altera_avalon_jtag_uart_read.o)
                0x0000000000002070                altera_avalon_jtag_uart_read
 .text          0x000000000000215c       0x94 ../Prj4_bsp/\libhal_bsp.a(altera_avalon_jtag_uart_write.o)
                0x000000000000215c                altera_avalon_jtag_uart_write
 .text          0x00000000000021f0      0x114 ../Prj4_bsp/\libhal_bsp.a(alt_close.o)
                0x000000000000222c                close
 .text          0x0000000000002304       0x20 ../Prj4_bsp/\libhal_bsp.a(alt_dcache_flush_all.o)
                0x0000000000002304                alt_dcache_flush_all
 .text          0x0000000000002324       0x2c ../Prj4_bsp/\libhal_bsp.a(alt_dev.o)
 .text          0x0000000000002350       0xe0 ../Prj4_bsp/\libhal_bsp.a(alt_dev_llist_insert.o)
                0x000000000000238c                alt_dev_llist_insert
 .text          0x0000000000002430       0x90 ../Prj4_bsp/\libhal_bsp.a(alt_dma_rxchan_open.o)
                0x000000000000246c                alt_dma_rxchan_open
 .text          0x00000000000024c0       0x90 ../Prj4_bsp/\libhal_bsp.a(alt_dma_txchan_open.o)
                0x00000000000024fc                alt_dma_txchan_open
 .text          0x0000000000002550       0x60 ../Prj4_bsp/\libhal_bsp.a(alt_do_ctors.o)
                0x0000000000002550                _do_ctors
 .text          0x00000000000025b0       0x60 ../Prj4_bsp/\libhal_bsp.a(alt_do_dtors.o)
                0x00000000000025b0                _do_dtors
 .text          0x0000000000002610        0x0 ../Prj4_bsp/\libhal_bsp.a(alt_errno.o)
 .text          0x0000000000002610        0x0 ../Prj4_bsp/\libhal_bsp.a(alt_exception_entry.o)
 .text          0x0000000000002610       0x90 ../Prj4_bsp/\libhal_bsp.a(alt_find_dev.o)
                0x0000000000002610                alt_find_dev
 .text          0x00000000000026a0       0x20 ../Prj4_bsp/\libhal_bsp.a(alt_icache_flush_all.o)
                0x00000000000026a0                alt_icache_flush_all
 .text          0x00000000000026c0       0x9c ../Prj4_bsp/\libhal_bsp.a(alt_instruction_exception_entry.o)
                0x00000000000026c0                alt_exception_cause_generated_bad_addr
 .text          0x000000000000275c      0x160 ../Prj4_bsp/\libhal_bsp.a(alt_io_redirect.o)
                0x0000000000002840                alt_io_redirect
 .text          0x00000000000028bc      0x284 ../Prj4_bsp/\libhal_bsp.a(alt_open.o)
                0x00000000000029e4                open
 .text          0x0000000000002b40       0x84 ../Prj4_bsp/\libhal_bsp.a(alt_release_fd.o)
                0x0000000000002b40                alt_release_fd
 .text          0x0000000000002bc4       0x24 ../Prj4_bsp/\libhal_bsp.a(altera_nios2_gen2_irq.o)
                0x0000000000002bc4                altera_nios2_gen2_irq_init
 .text          0x0000000000002be8      0x108 ../Prj4_bsp/\libhal_bsp.a(alt_find_file.o)
                0x0000000000002be8                alt_find_file
 .text          0x0000000000002cf0       0xc4 ../Prj4_bsp/\libhal_bsp.a(alt_get_fd.o)
                0x0000000000002cf0                alt_get_fd
 .text          0x0000000000002db4        0x0 d:/intelfpga_lite/18.1/nios2eds/bin/gnu/h-x86_64-mingw32/bin/../lib/gcc/nios2-elf/5.3.0/../../../../../H-x86_64-mingw32/nios2-elf/lib/mno-hw-mul\libsmallc.a(lib_a-atexit.o)
 .text.atexit   0x0000000000002db4       0x14 d:/intelfpga_lite/18.1/nios2eds/bin/gnu/h-x86_64-mingw32/bin/../lib/gcc/nios2-elf/5.3.0/../../../../../H-x86_64-mingw32/nios2-elf/lib/mno-hw-mul\libsmallc.a(lib_a-atexit.o)
                0x0000000000002db4                atexit
 .text          0x0000000000002dc8        0x0 d:/intelfpga_lite/18.1/nios2eds/bin/gnu/h-x86_64-mingw32/bin/../lib/gcc/nios2-elf/5.3.0/../../../../../H-x86_64-mingw32/nios2-elf/lib/mno-hw-mul\libsmallc.a(lib_a-exit.o)
 .text.exit     0x0000000000002dc8       0x20 d:/intelfpga_lite/18.1/nios2eds/bin/gnu/h-x86_64-mingw32/bin/../lib/gcc/nios2-elf/5.3.0/../../../../../H-x86_64-mingw32/nios2-elf/lib/mno-hw-mul\libsmallc.a(lib_a-exit.o)
                0x0000000000002dc8                exit
 .text          0x0000000000002de8        0x0 d:/intelfpga_lite/18.1/nios2eds/bin/gnu/h-x86_64-mingw32/bin/../lib/gcc/nios2-elf/5.3.0/../../../../../H-x86_64-mingw32/nios2-elf/lib/mno-hw-mul\libsmallc.a(lib_a-memcmp.o)
 .text.memcmp   0x0000000000002de8       0x30 d:/intelfpga_lite/18.1/nios2eds/bin/gnu/h-x86_64-mingw32/bin/../lib/gcc/nios2-elf/5.3.0/../../../../../H-x86_64-mingw32/nios2-elf/lib/mno-hw-mul\libsmallc.a(lib_a-memcmp.o)
                0x0000000000002de8                memcmp
 .text          0x0000000000002e18        0x0 d:/intelfpga_lite/18.1/nios2eds/bin/gnu/h-x86_64-mingw32/bin/../lib/gcc/nios2-elf/5.3.0/../../../../../H-x86_64-mingw32/nios2-elf/lib/mno-hw-mul\libsmallc.a(lib_a-__atexit.o)
 .text.__register_exitproc
                0x0000000000002e18      0x158 d:/intelfpga_lite/18.1/nios2eds/bin/gnu/h-x86_64-mingw32/bin/../lib/gcc/nios2-elf/5.3.0/../../../../../H-x86_64-mingw32/nios2-elf/lib/mno-hw-mul\libsmallc.a(lib_a-__atexit.o)
                0x0000000000002e18                __register_exitproc
 .text          0x0000000000002f70        0x0 d:/intelfpga_lite/18.1/nios2eds/bin/gnu/h-x86_64-mingw32/bin/../lib/gcc/nios2-elf/5.3.0/../../../../../H-x86_64-mingw32/nios2-elf/lib/mno-hw-mul\libsmallc.a(lib_a-__call_atexit.o)
 .text.__call_exitprocs
                0x0000000000002f70      0x190 d:/intelfpga_lite/18.1/nios2eds/bin/gnu/h-x86_64-mingw32/bin/../lib/gcc/nios2-elf/5.3.0/../../../../../H-x86_64-mingw32/nios2-elf/lib/mno-hw-mul\libsmallc.a(lib_a-__call_atexit.o)
                0x0000000000002f70                __call_exitprocs
 .text          0x0000000000003100       0x34 ../Prj4_bsp/\libhal_bsp.a(alt_exit.o)
                0x0000000000003100                _exit
 *(.gnu.warning.*)
 *(.fini)
                [!provide]                        PROVIDE (__etext, ABSOLUTE (.))
                [!provide]                        PROVIDE (_etext, ABSOLUTE (.))
                [!provide]                        PROVIDE (etext, ABSOLUTE (.))
 *(.eh_frame_hdr)
                0x0000000000003134                . = ALIGN (0x4)
                [!provide]                        PROVIDE (__preinit_array_start, ABSOLUTE (.))
 *(.preinit_array)
                [!provide]                        PROVIDE (__preinit_array_end, ABSOLUTE (.))
                [!provide]                        PROVIDE (__init_array_start, ABSOLUTE (.))
 *(.init_array)
                [!provide]                        PROVIDE (__init_array_end, ABSOLUTE (.))
                [!provide]                        PROVIDE (__fini_array_start, ABSOLUTE (.))
 *(.fini_array)
                [!provide]                        PROVIDE (__fini_array_end, ABSOLUTE (.))
 *(.eh_frame)
 *(.gcc_except_table .gcc_except_table.*)
 *(.dynamic)
                0x0000000000003134                PROVIDE (__CTOR_LIST__, ABSOLUTE (.))
 *(.ctors)
 *(SORT(.ctors.*))
                0x0000000000003134                PROVIDE (__CTOR_END__, ABSOLUTE (.))
                0x0000000000003134                PROVIDE (__DTOR_LIST__, ABSOLUTE (.))
 *(.dtors)
 *(SORT(.dtors.*))
                0x0000000000003134                PROVIDE (__DTOR_END__, ABSOLUTE (.))
 *(.jcr)
                0x0000000000003134                . = ALIGN (0x4)

.rodata         0x0000000000008000       0x78 load address 0x0000000000003134
                0x0000000000008000                PROVIDE (__ram_rodata_start, ABSOLUTE (.))
                0x0000000000008000                . = ALIGN (0x4)
 *(.rodata .rodata.* .gnu.linkonce.r.*)
 .rodata        0x0000000000008000       0x31 obj/default/source.o
 *fill*         0x0000000000008031        0x3 
 .rodata.str1.4
                0x0000000000008034        0x4 d:/intelfpga_lite/18.1/nios2eds/bin/gnu/h-x86_64-mingw32/bin/../lib/gcc/nios2-elf/5.3.0/../../../../../H-x86_64-mingw32/nios2-elf/lib/mno-hw-mul\libsmallc.a(lib_a-puts.o)
                                          0x2 (size before relaxing)
 .rodata        0x0000000000008038       0x11 ../Prj4_bsp/\libhal_bsp.a(alt_main.o)
 *fill*         0x0000000000008049        0x3 
 .rodata        0x000000000000804c       0x1d ../Prj4_bsp/\libhal_bsp.a(alt_sys_init.o)
 *fill*         0x0000000000008069        0x3 
 .rodata        0x000000000000806c        0xa ../Prj4_bsp/\libhal_bsp.a(alt_dev.o)
 *(.rodata1)
                0x0000000000008078                . = ALIGN (0x4)
 *fill*         0x0000000000008076        0x2 
                0x0000000000008078                PROVIDE (__ram_rodata_end, ABSOLUTE (.))
                0x0000000000003134                PROVIDE (__flash_rodata_start, LOADADDR (.rodata))

.rwdata         0x0000000000008078      0x3c8 load address 0x00000000000031ac
                0x0000000000008078                PROVIDE (__ram_rwdata_start, ABSOLUTE (.))
                0x0000000000008078                . = ALIGN (0x4)
 *(.got.plt)
 *(.got)
 *(.data1)
 *(.data .data.* .gnu.linkonce.d.*)
 .data          0x0000000000008078        0x0 ../Prj4_bsp//obj/HAL/src/crt0.o
 .data          0x0000000000008078        0x0 obj/default/source.o
 .data          0x0000000000008078        0x0 d:/intelfpga_lite/18.1/nios2eds/bin/gnu/h-x86_64-mingw32/bin/../lib/gcc/nios2-elf/5.3.0/../../../../../H-x86_64-mingw32/nios2-elf/lib/mno-hw-mul\libsmallc.a(lib_a-printf.o)
 .data          0x0000000000008078        0x0 d:/intelfpga_lite/18.1/nios2eds/bin/gnu/h-x86_64-mingw32/bin/../lib/gcc/nios2-elf/5.3.0/../../../../../H-x86_64-mingw32/nios2-elf/lib/mno-hw-mul\libsmallc.a(lib_a-puts.o)
 .data          0x0000000000008078        0x0 d:/intelfpga_lite/18.1/nios2eds/bin/gnu/h-x86_64-mingw32/bin/../lib/gcc/nios2-elf/5.3.0/../../../../../H-x86_64-mingw32/nios2-elf/lib/mno-hw-mul\libsmallc.a(lib_a-strlen.o)
 .data          0x0000000000008078        0x0 d:/intelfpga_lite/18.1/nios2eds/bin/gnu/h-x86_64-mingw32/bin/../lib/gcc/nios2-elf/5.3.0/../../../../../H-x86_64-mingw32/nios2-elf/lib/mno-hw-mul\libsmallc.a(lib_a-vfprintf.o)
 .data          0x0000000000008078        0x0 d:/intelfpga_lite/18.1/nios2eds/bin/gnu/h-x86_64-mingw32/bin/../lib/gcc/nios2-elf/5.3.0/../../../../../H-x86_64-mingw32/nios2-elf/lib/mno-hw-mul\libsmallc.a(lib_a-fvwrite_small_dev.o)
 .data          0x0000000000008078        0x0 d:/intelfpga_lite/18.1/nios2eds/bin/gnu/h-x86_64-mingw32/bin/../lib/gcc/nios2-elf/5.3.0/../../../../../H-x86_64-mingw32/nios2-elf/lib/mno-hw-mul\libsmallc.a(lib_a-impure.o)
 .data.impure_data
                0x0000000000008078       0xe0 d:/intelfpga_lite/18.1/nios2eds/bin/gnu/h-x86_64-mingw32/bin/../lib/gcc/nios2-elf/5.3.0/../../../../../H-x86_64-mingw32/nios2-elf/lib/mno-hw-mul\libsmallc.a(lib_a-impure.o)
 .data          0x0000000000008158        0x0 d:/intelfpga_lite/18.1/nios2eds/bin/gnu/h-x86_64-mingw32/bin/../lib/gcc/nios2-elf/5.3.0/../../../../../H-x86_64-mingw32/nios2-elf/lib/mno-hw-mul\libsmallc.a(lib_a-writer.o)
 .data          0x0000000000008158        0x0 d:/intelfpga_lite/18.1/nios2eds/bin/gnu/h-x86_64-mingw32/bin/../lib/gcc/nios2-elf/5.3.0/../../../../../H-x86_64-mingw32/nios2-elf/lib/mno-hw-mul\libsmallc.a(lib_a-int_errno.o)
 .data          0x0000000000008158        0x0 d:/intelfpga_lite/18.1/nios2eds/bin/gnu/h-x86_64-mingw32/bin/../lib/gcc/nios2-elf/5.3.0/mno-hw-mul\libgcc.a(lib2-divmod.o)
 .data          0x0000000000008158        0x0 d:/intelfpga_lite/18.1/nios2eds/bin/gnu/h-x86_64-mingw32/bin/../lib/gcc/nios2-elf/5.3.0/mno-hw-mul\libgcc.a(lib2-mul.o)
 .data          0x0000000000008158        0x0 ../Prj4_bsp/\libhal_bsp.a(alt_iic.o)
 .data          0x0000000000008158        0x0 ../Prj4_bsp/\libhal_bsp.a(alt_iic_isr_register.o)
 .data          0x0000000000008158        0x0 ../Prj4_bsp/\libhal_bsp.a(alt_irq_entry.o)
 .data          0x0000000000008158        0x0 ../Prj4_bsp/\libhal_bsp.a(alt_irq_handler.o)
 .data          0x0000000000008158        0x0 ../Prj4_bsp/\libhal_bsp.a(alt_irq_vars.o)
 .data          0x0000000000008158        0x0 ../Prj4_bsp/\libhal_bsp.a(alt_load.o)
 .data          0x0000000000008158        0x0 ../Prj4_bsp/\libhal_bsp.a(alt_main.o)
 .data          0x0000000000008158        0x0 ../Prj4_bsp/\libhal_bsp.a(alt_write.o)
 .data          0x0000000000008158      0x108 ../Prj4_bsp/\libhal_bsp.a(alt_sys_init.o)
 .data          0x0000000000008260        0x0 ../Prj4_bsp/\libhal_bsp.a(altera_avalon_dma.o)
 .data          0x0000000000008260        0x0 ../Prj4_bsp/\libhal_bsp.a(altera_avalon_jtag_uart_fd.o)
 .data          0x0000000000008260        0x0 ../Prj4_bsp/\libhal_bsp.a(altera_avalon_jtag_uart_read.o)
 .data          0x0000000000008260        0x0 ../Prj4_bsp/\libhal_bsp.a(altera_avalon_jtag_uart_write.o)
 .data          0x0000000000008260        0x0 ../Prj4_bsp/\libhal_bsp.a(alt_close.o)
 .data          0x0000000000008260        0x0 ../Prj4_bsp/\libhal_bsp.a(alt_dcache_flush_all.o)
 .data          0x0000000000008260      0x1a8 ../Prj4_bsp/\libhal_bsp.a(alt_dev.o)
                0x0000000000008260                alt_dev_null
                0x0000000000008288                alt_fd_list
 .data          0x0000000000008408        0x0 ../Prj4_bsp/\libhal_bsp.a(alt_dev_llist_insert.o)
 .data          0x0000000000008408        0x0 ../Prj4_bsp/\libhal_bsp.a(alt_dma_rxchan_open.o)
 .data          0x0000000000008408        0x0 ../Prj4_bsp/\libhal_bsp.a(alt_dma_txchan_open.o)
 .data          0x0000000000008408        0x0 ../Prj4_bsp/\libhal_bsp.a(alt_do_ctors.o)
 .data          0x0000000000008408        0x0 ../Prj4_bsp/\libhal_bsp.a(alt_do_dtors.o)
 .data          0x0000000000008408        0x0 ../Prj4_bsp/\libhal_bsp.a(alt_errno.o)
 .data          0x0000000000008408        0x0 ../Prj4_bsp/\libhal_bsp.a(alt_exception_entry.o)
 .data          0x0000000000008408        0x0 ../Prj4_bsp/\libhal_bsp.a(alt_find_dev.o)
 .data          0x0000000000008408        0x0 ../Prj4_bsp/\libhal_bsp.a(alt_icache_flush_all.o)
 .data          0x0000000000008408        0x0 ../Prj4_bsp/\libhal_bsp.a(alt_instruction_exception_entry.o)
 .data          0x0000000000008408        0x0 ../Prj4_bsp/\libhal_bsp.a(alt_io_redirect.o)
 .data          0x0000000000008408        0x0 ../Prj4_bsp/\libhal_bsp.a(alt_open.o)
 .data          0x0000000000008408        0x0 ../Prj4_bsp/\libhal_bsp.a(alt_release_fd.o)
 .data          0x0000000000008408        0x0 ../Prj4_bsp/\libhal_bsp.a(altera_nios2_gen2_irq.o)
 .data          0x0000000000008408        0x0 ../Prj4_bsp/\libhal_bsp.a(alt_find_file.o)
 .data          0x0000000000008408        0x0 ../Prj4_bsp/\libhal_bsp.a(alt_get_fd.o)
 .data          0x0000000000008408        0x0 d:/intelfpga_lite/18.1/nios2eds/bin/gnu/h-x86_64-mingw32/bin/../lib/gcc/nios2-elf/5.3.0/../../../../../H-x86_64-mingw32/nios2-elf/lib/mno-hw-mul\libsmallc.a(lib_a-atexit.o)
 .data          0x0000000000008408        0x0 d:/intelfpga_lite/18.1/nios2eds/bin/gnu/h-x86_64-mingw32/bin/../lib/gcc/nios2-elf/5.3.0/../../../../../H-x86_64-mingw32/nios2-elf/lib/mno-hw-mul\libsmallc.a(lib_a-exit.o)
 .data          0x0000000000008408        0x0 d:/intelfpga_lite/18.1/nios2eds/bin/gnu/h-x86_64-mingw32/bin/../lib/gcc/nios2-elf/5.3.0/../../../../../H-x86_64-mingw32/nios2-elf/lib/mno-hw-mul\libsmallc.a(lib_a-memcmp.o)
 .data          0x0000000000008408        0x0 d:/intelfpga_lite/18.1/nios2eds/bin/gnu/h-x86_64-mingw32/bin/../lib/gcc/nios2-elf/5.3.0/../../../../../H-x86_64-mingw32/nios2-elf/lib/mno-hw-mul\libsmallc.a(lib_a-__atexit.o)
 .data          0x0000000000008408        0x0 d:/intelfpga_lite/18.1/nios2eds/bin/gnu/h-x86_64-mingw32/bin/../lib/gcc/nios2-elf/5.3.0/../../../../../H-x86_64-mingw32/nios2-elf/lib/mno-hw-mul\libsmallc.a(lib_a-__call_atexit.o)
 .data          0x0000000000008408        0x0 ../Prj4_bsp/\libhal_bsp.a(alt_exit.o)
                0x0000000000010408                _gp = ABSOLUTE ((. + 0x8000))
                [!provide]                        PROVIDE (gp, _gp)
 *(.rwdata .rwdata.*)
 *(.sdata .sdata.* .gnu.linkonce.s.*)
 .sdata         0x0000000000008408        0x4 obj/default/source.o
                0x0000000000008408                pdata1
 .sdata._global_impure_ptr
                0x000000000000840c        0x4 d:/intelfpga_lite/18.1/nios2eds/bin/gnu/h-x86_64-mingw32/bin/../lib/gcc/nios2-elf/5.3.0/../../../../../H-x86_64-mingw32/nios2-elf/lib/mno-hw-mul\libsmallc.a(lib_a-impure.o)
                0x000000000000840c                _global_impure_ptr
 .sdata._impure_ptr
                0x0000000000008410        0x4 d:/intelfpga_lite/18.1/nios2eds/bin/gnu/h-x86_64-mingw32/bin/../lib/gcc/nios2-elf/5.3.0/../../../../../H-x86_64-mingw32/nios2-elf/lib/mno-hw-mul\libsmallc.a(lib_a-impure.o)
                0x0000000000008410                _impure_ptr
 .sdata         0x0000000000008414        0x4 ../Prj4_bsp/\libhal_bsp.a(alt_irq_vars.o)
                0x0000000000008414                alt_priority_mask
 .sdata         0x0000000000008418       0x14 ../Prj4_bsp/\libhal_bsp.a(alt_dev.o)
                0x0000000000008418                alt_fs_list
                0x0000000000008420                alt_dev_list
                0x0000000000008428                alt_max_fd
 .sdata         0x000000000000842c        0x8 ../Prj4_bsp/\libhal_bsp.a(alt_dma_rxchan_open.o)
                0x000000000000842c                alt_dma_rxchan_list
 .sdata         0x0000000000008434        0x8 ../Prj4_bsp/\libhal_bsp.a(alt_dma_txchan_open.o)
                0x0000000000008434                alt_dma_txchan_list
 .sdata         0x000000000000843c        0x4 ../Prj4_bsp/\libhal_bsp.a(alt_errno.o)
                0x000000000000843c                alt_errno
 *(.sdata2 .sdata2.* .gnu.linkonce.s2.*)
                0x0000000000008440                . = ALIGN (0x4)
                0x0000000000008440                _edata = ABSOLUTE (.)
                [!provide]                        PROVIDE (edata, ABSOLUTE (.))
                0x0000000000008440                PROVIDE (__ram_rwdata_end, ABSOLUTE (.))
                0x00000000000031ac                PROVIDE (__flash_rwdata_start, LOADADDR (.rwdata))

.bss            0x0000000000008440      0x11c load address 0x0000000000003574
                0x0000000000008440                __bss_start = ABSOLUTE (.)
                [!provide]                        PROVIDE (__sbss_start, ABSOLUTE (.))
                [!provide]                        PROVIDE (___sbss_start, ABSOLUTE (.))
 *(.dynsbss)
 *(.sbss .sbss.* .gnu.linkonce.sb.*)
 .sbss          0x0000000000008440        0x4 obj/default/source.o
                0x0000000000008440                pdata0
 .sbss          0x0000000000008444        0x4 d:/intelfpga_lite/18.1/nios2eds/bin/gnu/h-x86_64-mingw32/bin/../lib/gcc/nios2-elf/5.3.0/../../../../../H-x86_64-mingw32/nios2-elf/lib/mno-hw-mul\libsmallc.a(lib_a-int_errno.o)
                0x0000000000008444                errno
 .sbss          0x0000000000008448        0x4 ../Prj4_bsp/\libhal_bsp.a(alt_irq_vars.o)
                0x0000000000008448                alt_irq_active
 .sbss          0x000000000000844c        0xc ../Prj4_bsp/\libhal_bsp.a(alt_main.o)
                0x000000000000844c                alt_argc
                0x0000000000008450                alt_argv
                0x0000000000008454                alt_envp
 .sbss          0x0000000000008458        0x4 ../Prj4_bsp/\libhal_bsp.a(alt_instruction_exception_entry.o)
                0x0000000000008458                alt_instruction_exception_handler
 *(.sbss2 .sbss2.* .gnu.linkonce.sb2.*)
 *(.scommon)
                [!provide]                        PROVIDE (__sbss_end, ABSOLUTE (.))
                [!provide]                        PROVIDE (___sbss_end, ABSOLUTE (.))
 *(.dynbss)
 *(.bss .bss.* .gnu.linkonce.b.*)
 .bss           0x000000000000845c        0x0 ../Prj4_bsp//obj/HAL/src/crt0.o
 .bss           0x000000000000845c        0x0 obj/default/source.o
 .bss           0x000000000000845c        0x0 d:/intelfpga_lite/18.1/nios2eds/bin/gnu/h-x86_64-mingw32/bin/../lib/gcc/nios2-elf/5.3.0/../../../../../H-x86_64-mingw32/nios2-elf/lib/mno-hw-mul\libsmallc.a(lib_a-printf.o)
 .bss           0x000000000000845c        0x0 d:/intelfpga_lite/18.1/nios2eds/bin/gnu/h-x86_64-mingw32/bin/../lib/gcc/nios2-elf/5.3.0/../../../../../H-x86_64-mingw32/nios2-elf/lib/mno-hw-mul\libsmallc.a(lib_a-puts.o)
 .bss           0x000000000000845c        0x0 d:/intelfpga_lite/18.1/nios2eds/bin/gnu/h-x86_64-mingw32/bin/../lib/gcc/nios2-elf/5.3.0/../../../../../H-x86_64-mingw32/nios2-elf/lib/mno-hw-mul\libsmallc.a(lib_a-strlen.o)
 .bss           0x000000000000845c        0x0 d:/intelfpga_lite/18.1/nios2eds/bin/gnu/h-x86_64-mingw32/bin/../lib/gcc/nios2-elf/5.3.0/../../../../../H-x86_64-mingw32/nios2-elf/lib/mno-hw-mul\libsmallc.a(lib_a-vfprintf.o)
 .bss           0x000000000000845c        0x0 d:/intelfpga_lite/18.1/nios2eds/bin/gnu/h-x86_64-mingw32/bin/../lib/gcc/nios2-elf/5.3.0/../../../../../H-x86_64-mingw32/nios2-elf/lib/mno-hw-mul\libsmallc.a(lib_a-fvwrite_small_dev.o)
 .bss           0x000000000000845c        0x0 d:/intelfpga_lite/18.1/nios2eds/bin/gnu/h-x86_64-mingw32/bin/../lib/gcc/nios2-elf/5.3.0/../../../../../H-x86_64-mingw32/nios2-elf/lib/mno-hw-mul\libsmallc.a(lib_a-impure.o)
 .bss           0x000000000000845c        0x0 d:/intelfpga_lite/18.1/nios2eds/bin/gnu/h-x86_64-mingw32/bin/../lib/gcc/nios2-elf/5.3.0/../../../../../H-x86_64-mingw32/nios2-elf/lib/mno-hw-mul\libsmallc.a(lib_a-writer.o)
 .bss           0x000000000000845c        0x0 d:/intelfpga_lite/18.1/nios2eds/bin/gnu/h-x86_64-mingw32/bin/../lib/gcc/nios2-elf/5.3.0/../../../../../H-x86_64-mingw32/nios2-elf/lib/mno-hw-mul\libsmallc.a(lib_a-int_errno.o)
 .bss           0x000000000000845c        0x0 d:/intelfpga_lite/18.1/nios2eds/bin/gnu/h-x86_64-mingw32/bin/../lib/gcc/nios2-elf/5.3.0/mno-hw-mul\libgcc.a(lib2-divmod.o)
 .bss           0x000000000000845c        0x0 d:/intelfpga_lite/18.1/nios2eds/bin/gnu/h-x86_64-mingw32/bin/../lib/gcc/nios2-elf/5.3.0/mno-hw-mul\libgcc.a(lib2-mul.o)
 .bss           0x000000000000845c        0x0 ../Prj4_bsp/\libhal_bsp.a(alt_iic.o)
 .bss           0x000000000000845c        0x0 ../Prj4_bsp/\libhal_bsp.a(alt_iic_isr_register.o)
 .bss           0x000000000000845c        0x0 ../Prj4_bsp/\libhal_bsp.a(alt_irq_entry.o)
 .bss           0x000000000000845c        0x0 ../Prj4_bsp/\libhal_bsp.a(alt_irq_handler.o)
 .bss           0x000000000000845c        0x0 ../Prj4_bsp/\libhal_bsp.a(alt_irq_vars.o)
 .bss           0x000000000000845c        0x0 ../Prj4_bsp/\libhal_bsp.a(alt_load.o)
 .bss           0x000000000000845c        0x0 ../Prj4_bsp/\libhal_bsp.a(alt_main.o)
 .bss           0x000000000000845c        0x0 ../Prj4_bsp/\libhal_bsp.a(alt_write.o)
 .bss           0x000000000000845c        0x0 ../Prj4_bsp/\libhal_bsp.a(alt_sys_init.o)
 .bss           0x000000000000845c        0x0 ../Prj4_bsp/\libhal_bsp.a(altera_avalon_dma.o)
 .bss           0x000000000000845c        0x0 ../Prj4_bsp/\libhal_bsp.a(altera_avalon_jtag_uart_fd.o)
 .bss           0x000000000000845c        0x0 ../Prj4_bsp/\libhal_bsp.a(altera_avalon_jtag_uart_read.o)
 .bss           0x000000000000845c        0x0 ../Prj4_bsp/\libhal_bsp.a(altera_avalon_jtag_uart_write.o)
 .bss           0x000000000000845c        0x0 ../Prj4_bsp/\libhal_bsp.a(alt_close.o)
 .bss           0x000000000000845c        0x0 ../Prj4_bsp/\libhal_bsp.a(alt_dcache_flush_all.o)
 .bss           0x000000000000845c        0x0 ../Prj4_bsp/\libhal_bsp.a(alt_dev.o)
 .bss           0x000000000000845c        0x0 ../Prj4_bsp/\libhal_bsp.a(alt_dev_llist_insert.o)
 .bss           0x000000000000845c        0x0 ../Prj4_bsp/\libhal_bsp.a(alt_dma_rxchan_open.o)
 .bss           0x000000000000845c        0x0 ../Prj4_bsp/\libhal_bsp.a(alt_dma_txchan_open.o)
 .bss           0x000000000000845c        0x0 ../Prj4_bsp/\libhal_bsp.a(alt_do_ctors.o)
 .bss           0x000000000000845c        0x0 ../Prj4_bsp/\libhal_bsp.a(alt_do_dtors.o)
 .bss           0x000000000000845c        0x0 ../Prj4_bsp/\libhal_bsp.a(alt_errno.o)
 .bss           0x000000000000845c        0x0 ../Prj4_bsp/\libhal_bsp.a(alt_exception_entry.o)
 .bss           0x000000000000845c        0x0 ../Prj4_bsp/\libhal_bsp.a(alt_find_dev.o)
 .bss           0x000000000000845c        0x0 ../Prj4_bsp/\libhal_bsp.a(alt_icache_flush_all.o)
 .bss           0x000000000000845c        0x0 ../Prj4_bsp/\libhal_bsp.a(alt_instruction_exception_entry.o)
 .bss           0x000000000000845c        0x0 ../Prj4_bsp/\libhal_bsp.a(alt_io_redirect.o)
 .bss           0x000000000000845c        0x0 ../Prj4_bsp/\libhal_bsp.a(alt_open.o)
 .bss           0x000000000000845c        0x0 ../Prj4_bsp/\libhal_bsp.a(alt_release_fd.o)
 .bss           0x000000000000845c        0x0 ../Prj4_bsp/\libhal_bsp.a(altera_nios2_gen2_irq.o)
 .bss           0x000000000000845c        0x0 ../Prj4_bsp/\libhal_bsp.a(alt_find_file.o)
 .bss           0x000000000000845c        0x0 ../Prj4_bsp/\libhal_bsp.a(alt_get_fd.o)
 .bss           0x000000000000845c        0x0 d:/intelfpga_lite/18.1/nios2eds/bin/gnu/h-x86_64-mingw32/bin/../lib/gcc/nios2-elf/5.3.0/../../../../../H-x86_64-mingw32/nios2-elf/lib/mno-hw-mul\libsmallc.a(lib_a-atexit.o)
 .bss           0x000000000000845c        0x0 d:/intelfpga_lite/18.1/nios2eds/bin/gnu/h-x86_64-mingw32/bin/../lib/gcc/nios2-elf/5.3.0/../../../../../H-x86_64-mingw32/nios2-elf/lib/mno-hw-mul\libsmallc.a(lib_a-exit.o)
 .bss           0x000000000000845c        0x0 d:/intelfpga_lite/18.1/nios2eds/bin/gnu/h-x86_64-mingw32/bin/../lib/gcc/nios2-elf/5.3.0/../../../../../H-x86_64-mingw32/nios2-elf/lib/mno-hw-mul\libsmallc.a(lib_a-memcmp.o)
 .bss           0x000000000000845c        0x0 d:/intelfpga_lite/18.1/nios2eds/bin/gnu/h-x86_64-mingw32/bin/../lib/gcc/nios2-elf/5.3.0/../../../../../H-x86_64-mingw32/nios2-elf/lib/mno-hw-mul\libsmallc.a(lib_a-__atexit.o)
 .bss           0x000000000000845c        0x0 d:/intelfpga_lite/18.1/nios2eds/bin/gnu/h-x86_64-mingw32/bin/../lib/gcc/nios2-elf/5.3.0/../../../../../H-x86_64-mingw32/nios2-elf/lib/mno-hw-mul\libsmallc.a(lib_a-__call_atexit.o)
 .bss           0x000000000000845c        0x0 ../Prj4_bsp/\libhal_bsp.a(alt_exit.o)
 *(COMMON)
 COMMON         0x000000000000845c      0x100 ../Prj4_bsp/\libhal_bsp.a(alt_irq_handler.o)
                0x000000000000845c                alt_irq
                0x000000000000855c                . = ALIGN (0x4)
                0x000000000000855c                __bss_end = ABSOLUTE (.)

.onchip_memory2_0
                0x0000000000003574        0x0
                [!provide]                        PROVIDE (_alt_partition_onchip_memory2_0_start, ABSOLUTE (.))
 *(.onchip_memory2_0 .onchip_memory2_0. onchip_memory2_0.*)
                0x0000000000003574                . = ALIGN (0x4)
                [!provide]                        PROVIDE (_alt_partition_onchip_memory2_0_end, ABSOLUTE (.))
                [!provide]                        PROVIDE (_alt_partition_onchip_memory2_0_load_addr, LOADADDR (.onchip_memory2_0))

.onchip_memory2_1
                0x000000000000855c        0x0 load address 0x0000000000003574
                [!provide]                        PROVIDE (_alt_partition_onchip_memory2_1_start, ABSOLUTE (.))
 *(.onchip_memory2_1 .onchip_memory2_1. onchip_memory2_1.*)
                0x000000000000855c                . = ALIGN (0x4)
                [!provide]                        PROVIDE (_alt_partition_onchip_memory2_1_end, ABSOLUTE (.))
                0x000000000000855c                _end = ABSOLUTE (.)
                0x000000000000855c                end = ABSOLUTE (.)
                0x000000000000855c                __alt_stack_base = ABSOLUTE (.)
                [!provide]                        PROVIDE (_alt_partition_onchip_memory2_1_load_addr, LOADADDR (.onchip_memory2_1))

.stab
 *(.stab)

.stabstr
 *(.stabstr)

.stab.excl
 *(.stab.excl)

.stab.exclstr
 *(.stab.exclstr)

.stab.index
 *(.stab.index)

.stab.indexstr
 *(.stab.indexstr)

.comment        0x0000000000000000       0x23
 *(.comment)
 .comment       0x0000000000000000       0x23 obj/default/source.o
                                         0x24 (size before relaxing)
 .comment       0x0000000000000023       0x24 d:/intelfpga_lite/18.1/nios2eds/bin/gnu/h-x86_64-mingw32/bin/../lib/gcc/nios2-elf/5.3.0/../../../../../H-x86_64-mingw32/nios2-elf/lib/mno-hw-mul\libsmallc.a(lib_a-printf.o)
 .comment       0x0000000000000023       0x24 d:/intelfpga_lite/18.1/nios2eds/bin/gnu/h-x86_64-mingw32/bin/../lib/gcc/nios2-elf/5.3.0/../../../../../H-x86_64-mingw32/nios2-elf/lib/mno-hw-mul\libsmallc.a(lib_a-puts.o)
 .comment       0x0000000000000023       0x24 d:/intelfpga_lite/18.1/nios2eds/bin/gnu/h-x86_64-mingw32/bin/../lib/gcc/nios2-elf/5.3.0/../../../../../H-x86_64-mingw32/nios2-elf/lib/mno-hw-mul\libsmallc.a(lib_a-strlen.o)
 .comment       0x0000000000000023       0x24 d:/intelfpga_lite/18.1/nios2eds/bin/gnu/h-x86_64-mingw32/bin/../lib/gcc/nios2-elf/5.3.0/../../../../../H-x86_64-mingw32/nios2-elf/lib/mno-hw-mul\libsmallc.a(lib_a-vfprintf.o)
 .comment       0x0000000000000023       0x24 d:/intelfpga_lite/18.1/nios2eds/bin/gnu/h-x86_64-mingw32/bin/../lib/gcc/nios2-elf/5.3.0/../../../../../H-x86_64-mingw32/nios2-elf/lib/mno-hw-mul\libsmallc.a(lib_a-fvwrite_small_dev.o)
 .comment       0x0000000000000023       0x24 d:/intelfpga_lite/18.1/nios2eds/bin/gnu/h-x86_64-mingw32/bin/../lib/gcc/nios2-elf/5.3.0/../../../../../H-x86_64-mingw32/nios2-elf/lib/mno-hw-mul\libsmallc.a(lib_a-impure.o)
 .comment       0x0000000000000023       0x24 d:/intelfpga_lite/18.1/nios2eds/bin/gnu/h-x86_64-mingw32/bin/../lib/gcc/nios2-elf/5.3.0/../../../../../H-x86_64-mingw32/nios2-elf/lib/mno-hw-mul\libsmallc.a(lib_a-writer.o)
 .comment       0x0000000000000023       0x24 d:/intelfpga_lite/18.1/nios2eds/bin/gnu/h-x86_64-mingw32/bin/../lib/gcc/nios2-elf/5.3.0/../../../../../H-x86_64-mingw32/nios2-elf/lib/mno-hw-mul\libsmallc.a(lib_a-int_errno.o)
 .comment       0x0000000000000023       0x24 d:/intelfpga_lite/18.1/nios2eds/bin/gnu/h-x86_64-mingw32/bin/../lib/gcc/nios2-elf/5.3.0/mno-hw-mul\libgcc.a(lib2-divmod.o)
 .comment       0x0000000000000023       0x24 d:/intelfpga_lite/18.1/nios2eds/bin/gnu/h-x86_64-mingw32/bin/../lib/gcc/nios2-elf/5.3.0/mno-hw-mul\libgcc.a(lib2-mul.o)
 .comment       0x0000000000000023       0x24 ../Prj4_bsp/\libhal_bsp.a(alt_iic.o)
 .comment       0x0000000000000023       0x24 ../Prj4_bsp/\libhal_bsp.a(alt_iic_isr_register.o)
 .comment       0x0000000000000023       0x24 ../Prj4_bsp/\libhal_bsp.a(alt_irq_handler.o)
 .comment       0x0000000000000023       0x24 ../Prj4_bsp/\libhal_bsp.a(alt_irq_vars.o)
 .comment       0x0000000000000023       0x24 ../Prj4_bsp/\libhal_bsp.a(alt_load.o)
 .comment       0x0000000000000023       0x24 ../Prj4_bsp/\libhal_bsp.a(alt_main.o)
 .comment       0x0000000000000023       0x24 ../Prj4_bsp/\libhal_bsp.a(alt_write.o)
 .comment       0x0000000000000023       0x24 ../Prj4_bsp/\libhal_bsp.a(alt_sys_init.o)
 .comment       0x0000000000000023       0x24 ../Prj4_bsp/\libhal_bsp.a(altera_avalon_dma.o)
 .comment       0x0000000000000023       0x24 ../Prj4_bsp/\libhal_bsp.a(altera_avalon_jtag_uart_fd.o)
 .comment       0x0000000000000023       0x24 ../Prj4_bsp/\libhal_bsp.a(altera_avalon_jtag_uart_read.o)
 .comment       0x0000000000000023       0x24 ../Prj4_bsp/\libhal_bsp.a(altera_avalon_jtag_uart_write.o)
 .comment       0x0000000000000023       0x24 ../Prj4_bsp/\libhal_bsp.a(alt_close.o)
 .comment       0x0000000000000023       0x24 ../Prj4_bsp/\libhal_bsp.a(alt_dcache_flush_all.o)
 .comment       0x0000000000000023       0x24 ../Prj4_bsp/\libhal_bsp.a(alt_dev.o)
 .comment       0x0000000000000023       0x24 ../Prj4_bsp/\libhal_bsp.a(alt_dev_llist_insert.o)
 .comment       0x0000000000000023       0x24 ../Prj4_bsp/\libhal_bsp.a(alt_dma_rxchan_open.o)
 .comment       0x0000000000000023       0x24 ../Prj4_bsp/\libhal_bsp.a(alt_dma_txchan_open.o)
 .comment       0x0000000000000023       0x24 ../Prj4_bsp/\libhal_bsp.a(alt_do_ctors.o)
 .comment       0x0000000000000023       0x24 ../Prj4_bsp/\libhal_bsp.a(alt_do_dtors.o)
 .comment       0x0000000000000023       0x24 ../Prj4_bsp/\libhal_bsp.a(alt_errno.o)
 .comment       0x0000000000000023       0x24 ../Prj4_bsp/\libhal_bsp.a(alt_find_dev.o)
 .comment       0x0000000000000023       0x24 ../Prj4_bsp/\libhal_bsp.a(alt_icache_flush_all.o)
 .comment       0x0000000000000023       0x24 ../Prj4_bsp/\libhal_bsp.a(alt_instruction_exception_entry.o)
 .comment       0x0000000000000023       0x24 ../Prj4_bsp/\libhal_bsp.a(alt_io_redirect.o)
 .comment       0x0000000000000023       0x24 ../Prj4_bsp/\libhal_bsp.a(alt_open.o)
 .comment       0x0000000000000023       0x24 ../Prj4_bsp/\libhal_bsp.a(alt_release_fd.o)
 .comment       0x0000000000000023       0x24 ../Prj4_bsp/\libhal_bsp.a(altera_nios2_gen2_irq.o)
 .comment       0x0000000000000023       0x24 ../Prj4_bsp/\libhal_bsp.a(alt_find_file.o)
 .comment       0x0000000000000023       0x24 ../Prj4_bsp/\libhal_bsp.a(alt_get_fd.o)
 .comment       0x0000000000000023       0x24 d:/intelfpga_lite/18.1/nios2eds/bin/gnu/h-x86_64-mingw32/bin/../lib/gcc/nios2-elf/5.3.0/../../../../../H-x86_64-mingw32/nios2-elf/lib/mno-hw-mul\libsmallc.a(lib_a-atexit.o)
 .comment       0x0000000000000023       0x24 d:/intelfpga_lite/18.1/nios2eds/bin/gnu/h-x86_64-mingw32/bin/../lib/gcc/nios2-elf/5.3.0/../../../../../H-x86_64-mingw32/nios2-elf/lib/mno-hw-mul\libsmallc.a(lib_a-exit.o)
 .comment       0x0000000000000023       0x24 d:/intelfpga_lite/18.1/nios2eds/bin/gnu/h-x86_64-mingw32/bin/../lib/gcc/nios2-elf/5.3.0/../../../../../H-x86_64-mingw32/nios2-elf/lib/mno-hw-mul\libsmallc.a(lib_a-memcmp.o)
 .comment       0x0000000000000023       0x24 d:/intelfpga_lite/18.1/nios2eds/bin/gnu/h-x86_64-mingw32/bin/../lib/gcc/nios2-elf/5.3.0/../../../../../H-x86_64-mingw32/nios2-elf/lib/mno-hw-mul\libsmallc.a(lib_a-__atexit.o)
 .comment       0x0000000000000023       0x24 d:/intelfpga_lite/18.1/nios2eds/bin/gnu/h-x86_64-mingw32/bin/../lib/gcc/nios2-elf/5.3.0/../../../../../H-x86_64-mingw32/nios2-elf/lib/mno-hw-mul\libsmallc.a(lib_a-__call_atexit.o)
 .comment       0x0000000000000023       0x24 ../Prj4_bsp/\libhal_bsp.a(alt_exit.o)

.debug
 *(.debug)

.line
 *(.line)

.debug_srcinfo
 *(.debug_srcinfo)

.debug_sfnames
 *(.debug_sfnames)

.debug_aranges  0x0000000000000000      0x678
 *(.debug_aranges)
 .debug_aranges
                0x0000000000000000       0x28 ../Prj4_bsp//obj/HAL/src/crt0.o
 .debug_aranges
                0x0000000000000028       0x20 obj/default/source.o
 .debug_aranges
                0x0000000000000048       0x28 d:/intelfpga_lite/18.1/nios2eds/bin/gnu/h-x86_64-mingw32/bin/../lib/gcc/nios2-elf/5.3.0/../../../../../H-x86_64-mingw32/nios2-elf/lib/mno-hw-mul\libsmallc.a(lib_a-printf.o)
 .debug_aranges
                0x0000000000000070       0x28 d:/intelfpga_lite/18.1/nios2eds/bin/gnu/h-x86_64-mingw32/bin/../lib/gcc/nios2-elf/5.3.0/../../../../../H-x86_64-mingw32/nios2-elf/lib/mno-hw-mul\libsmallc.a(lib_a-puts.o)
 .debug_aranges
                0x0000000000000098       0x20 d:/intelfpga_lite/18.1/nios2eds/bin/gnu/h-x86_64-mingw32/bin/../lib/gcc/nios2-elf/5.3.0/../../../../../H-x86_64-mingw32/nios2-elf/lib/mno-hw-mul\libsmallc.a(lib_a-strlen.o)
 .debug_aranges
                0x00000000000000b8       0x30 d:/intelfpga_lite/18.1/nios2eds/bin/gnu/h-x86_64-mingw32/bin/../lib/gcc/nios2-elf/5.3.0/../../../../../H-x86_64-mingw32/nios2-elf/lib/mno-hw-mul\libsmallc.a(lib_a-vfprintf.o)
 .debug_aranges
                0x00000000000000e8       0x20 d:/intelfpga_lite/18.1/nios2eds/bin/gnu/h-x86_64-mingw32/bin/../lib/gcc/nios2-elf/5.3.0/../../../../../H-x86_64-mingw32/nios2-elf/lib/mno-hw-mul\libsmallc.a(lib_a-fvwrite_small_dev.o)
 .debug_aranges
                0x0000000000000108       0x18 d:/intelfpga_lite/18.1/nios2eds/bin/gnu/h-x86_64-mingw32/bin/../lib/gcc/nios2-elf/5.3.0/../../../../../H-x86_64-mingw32/nios2-elf/lib/mno-hw-mul\libsmallc.a(lib_a-impure.o)
 .debug_aranges
                0x0000000000000120       0x20 d:/intelfpga_lite/18.1/nios2eds/bin/gnu/h-x86_64-mingw32/bin/../lib/gcc/nios2-elf/5.3.0/../../../../../H-x86_64-mingw32/nios2-elf/lib/mno-hw-mul\libsmallc.a(lib_a-writer.o)
 .debug_aranges
                0x0000000000000140       0x18 d:/intelfpga_lite/18.1/nios2eds/bin/gnu/h-x86_64-mingw32/bin/../lib/gcc/nios2-elf/5.3.0/../../../../../H-x86_64-mingw32/nios2-elf/lib/mno-hw-mul\libsmallc.a(lib_a-int_errno.o)
 .debug_aranges
                0x0000000000000158       0x20 d:/intelfpga_lite/18.1/nios2eds/bin/gnu/h-x86_64-mingw32/bin/../lib/gcc/nios2-elf/5.3.0/mno-hw-mul\libgcc.a(lib2-divmod.o)
 .debug_aranges
                0x0000000000000178       0x20 d:/intelfpga_lite/18.1/nios2eds/bin/gnu/h-x86_64-mingw32/bin/../lib/gcc/nios2-elf/5.3.0/mno-hw-mul\libgcc.a(lib2-mul.o)
 .debug_aranges
                0x0000000000000198       0x20 ../Prj4_bsp/\libhal_bsp.a(alt_iic.o)
 .debug_aranges
                0x00000000000001b8       0x20 ../Prj4_bsp/\libhal_bsp.a(alt_iic_isr_register.o)
 .debug_aranges
                0x00000000000001d8       0x30 ../Prj4_bsp/\libhal_bsp.a(alt_irq_entry.o)
 .debug_aranges
                0x0000000000000208       0x20 ../Prj4_bsp/\libhal_bsp.a(alt_irq_handler.o)
 .debug_aranges
                0x0000000000000228       0x18 ../Prj4_bsp/\libhal_bsp.a(alt_irq_vars.o)
 .debug_aranges
                0x0000000000000240       0x20 ../Prj4_bsp/\libhal_bsp.a(alt_load.o)
 .debug_aranges
                0x0000000000000260       0x20 ../Prj4_bsp/\libhal_bsp.a(alt_main.o)
 .debug_aranges
                0x0000000000000280       0x20 ../Prj4_bsp/\libhal_bsp.a(alt_write.o)
 .debug_aranges
                0x00000000000002a0       0x20 ../Prj4_bsp/\libhal_bsp.a(alt_sys_init.o)
 .debug_aranges
                0x00000000000002c0       0x20 ../Prj4_bsp/\libhal_bsp.a(altera_avalon_dma.o)
 .debug_aranges
                0x00000000000002e0       0x20 ../Prj4_bsp/\libhal_bsp.a(altera_avalon_jtag_uart_fd.o)
 .debug_aranges
                0x0000000000000300       0x20 ../Prj4_bsp/\libhal_bsp.a(altera_avalon_jtag_uart_read.o)
 .debug_aranges
                0x0000000000000320       0x20 ../Prj4_bsp/\libhal_bsp.a(altera_avalon_jtag_uart_write.o)
 .debug_aranges
                0x0000000000000340       0x20 ../Prj4_bsp/\libhal_bsp.a(alt_close.o)
 .debug_aranges
                0x0000000000000360       0x20 ../Prj4_bsp/\libhal_bsp.a(alt_dcache_flush_all.o)
 .debug_aranges
                0x0000000000000380       0x20 ../Prj4_bsp/\libhal_bsp.a(alt_dev.o)
 .debug_aranges
                0x00000000000003a0       0x20 ../Prj4_bsp/\libhal_bsp.a(alt_dev_llist_insert.o)
 .debug_aranges
                0x00000000000003c0       0x20 ../Prj4_bsp/\libhal_bsp.a(alt_dma_rxchan_open.o)
 .debug_aranges
                0x00000000000003e0       0x20 ../Prj4_bsp/\libhal_bsp.a(alt_dma_txchan_open.o)
 .debug_aranges
                0x0000000000000400       0x20 ../Prj4_bsp/\libhal_bsp.a(alt_do_ctors.o)
 .debug_aranges
                0x0000000000000420       0x20 ../Prj4_bsp/\libhal_bsp.a(alt_do_dtors.o)
 .debug_aranges
                0x0000000000000440       0x18 ../Prj4_bsp/\libhal_bsp.a(alt_errno.o)
 .debug_aranges
                0x0000000000000458       0x38 ../Prj4_bsp/\libhal_bsp.a(alt_exception_entry.o)
 .debug_aranges
                0x0000000000000490       0x20 ../Prj4_bsp/\libhal_bsp.a(alt_find_dev.o)
 .debug_aranges
                0x00000000000004b0       0x20 ../Prj4_bsp/\libhal_bsp.a(alt_icache_flush_all.o)
 .debug_aranges
                0x00000000000004d0       0x28 ../Prj4_bsp/\libhal_bsp.a(alt_instruction_exception_entry.o)
 .debug_aranges
                0x00000000000004f8       0x20 ../Prj4_bsp/\libhal_bsp.a(alt_io_redirect.o)
 .debug_aranges
                0x0000000000000518       0x20 ../Prj4_bsp/\libhal_bsp.a(alt_open.o)
 .debug_aranges
                0x0000000000000538       0x20 ../Prj4_bsp/\libhal_bsp.a(alt_release_fd.o)
 .debug_aranges
                0x0000000000000558       0x20 ../Prj4_bsp/\libhal_bsp.a(altera_nios2_gen2_irq.o)
 .debug_aranges
                0x0000000000000578       0x20 ../Prj4_bsp/\libhal_bsp.a(alt_find_file.o)
 .debug_aranges
                0x0000000000000598       0x20 ../Prj4_bsp/\libhal_bsp.a(alt_get_fd.o)
 .debug_aranges
                0x00000000000005b8       0x20 d:/intelfpga_lite/18.1/nios2eds/bin/gnu/h-x86_64-mingw32/bin/../lib/gcc/nios2-elf/5.3.0/../../../../../H-x86_64-mingw32/nios2-elf/lib/mno-hw-mul\libsmallc.a(lib_a-atexit.o)
 .debug_aranges
                0x00000000000005d8       0x20 d:/intelfpga_lite/18.1/nios2eds/bin/gnu/h-x86_64-mingw32/bin/../lib/gcc/nios2-elf/5.3.0/../../../../../H-x86_64-mingw32/nios2-elf/lib/mno-hw-mul\libsmallc.a(lib_a-exit.o)
 .debug_aranges
                0x00000000000005f8       0x20 d:/intelfpga_lite/18.1/nios2eds/bin/gnu/h-x86_64-mingw32/bin/../lib/gcc/nios2-elf/5.3.0/../../../../../H-x86_64-mingw32/nios2-elf/lib/mno-hw-mul\libsmallc.a(lib_a-memcmp.o)
 .debug_aranges
                0x0000000000000618       0x20 d:/intelfpga_lite/18.1/nios2eds/bin/gnu/h-x86_64-mingw32/bin/../lib/gcc/nios2-elf/5.3.0/../../../../../H-x86_64-mingw32/nios2-elf/lib/mno-hw-mul\libsmallc.a(lib_a-__atexit.o)
 .debug_aranges
                0x0000000000000638       0x20 d:/intelfpga_lite/18.1/nios2eds/bin/gnu/h-x86_64-mingw32/bin/../lib/gcc/nios2-elf/5.3.0/../../../../../H-x86_64-mingw32/nios2-elf/lib/mno-hw-mul\libsmallc.a(lib_a-__call_atexit.o)
 .debug_aranges
                0x0000000000000658       0x20 ../Prj4_bsp/\libhal_bsp.a(alt_exit.o)

.debug_pubnames
 *(.debug_pubnames)

.debug_info     0x0000000000000000     0x9000
 *(.debug_info .gnu.linkonce.wi.*)
 .debug_info    0x0000000000000000       0x5a ../Prj4_bsp//obj/HAL/src/crt0.o
 .debug_info    0x000000000000005a      0x119 obj/default/source.o
 .debug_info    0x0000000000000173      0x699 d:/intelfpga_lite/18.1/nios2eds/bin/gnu/h-x86_64-mingw32/bin/../lib/gcc/nios2-elf/5.3.0/../../../../../H-x86_64-mingw32/nios2-elf/lib/mno-hw-mul\libsmallc.a(lib_a-printf.o)
 .debug_info    0x000000000000080c      0x66d d:/intelfpga_lite/18.1/nios2eds/bin/gnu/h-x86_64-mingw32/bin/../lib/gcc/nios2-elf/5.3.0/../../../../../H-x86_64-mingw32/nios2-elf/lib/mno-hw-mul\libsmallc.a(lib_a-puts.o)
 .debug_info    0x0000000000000e79       0xc9 d:/intelfpga_lite/18.1/nios2eds/bin/gnu/h-x86_64-mingw32/bin/../lib/gcc/nios2-elf/5.3.0/../../../../../H-x86_64-mingw32/nios2-elf/lib/mno-hw-mul\libsmallc.a(lib_a-strlen.o)
 .debug_info    0x0000000000000f42      0xb2b d:/intelfpga_lite/18.1/nios2eds/bin/gnu/h-x86_64-mingw32/bin/../lib/gcc/nios2-elf/5.3.0/../../../../../H-x86_64-mingw32/nios2-elf/lib/mno-hw-mul\libsmallc.a(lib_a-vfprintf.o)
 .debug_info    0x0000000000001a6d      0x62b d:/intelfpga_lite/18.1/nios2eds/bin/gnu/h-x86_64-mingw32/bin/../lib/gcc/nios2-elf/5.3.0/../../../../../H-x86_64-mingw32/nios2-elf/lib/mno-hw-mul\libsmallc.a(lib_a-fvwrite_small_dev.o)
 .debug_info    0x0000000000002098      0x5a9 d:/intelfpga_lite/18.1/nios2eds/bin/gnu/h-x86_64-mingw32/bin/../lib/gcc/nios2-elf/5.3.0/../../../../../H-x86_64-mingw32/nios2-elf/lib/mno-hw-mul\libsmallc.a(lib_a-impure.o)
 .debug_info    0x0000000000002641      0x630 d:/intelfpga_lite/18.1/nios2eds/bin/gnu/h-x86_64-mingw32/bin/../lib/gcc/nios2-elf/5.3.0/../../../../../H-x86_64-mingw32/nios2-elf/lib/mno-hw-mul\libsmallc.a(lib_a-writer.o)
 .debug_info    0x0000000000002c71       0x8a d:/intelfpga_lite/18.1/nios2eds/bin/gnu/h-x86_64-mingw32/bin/../lib/gcc/nios2-elf/5.3.0/../../../../../H-x86_64-mingw32/nios2-elf/lib/mno-hw-mul\libsmallc.a(lib_a-int_errno.o)
 .debug_info    0x0000000000002cfb      0x2c6 d:/intelfpga_lite/18.1/nios2eds/bin/gnu/h-x86_64-mingw32/bin/../lib/gcc/nios2-elf/5.3.0/mno-hw-mul\libgcc.a(lib2-divmod.o)
 .debug_info    0x0000000000002fc1       0xb4 d:/intelfpga_lite/18.1/nios2eds/bin/gnu/h-x86_64-mingw32/bin/../lib/gcc/nios2-elf/5.3.0/mno-hw-mul\libgcc.a(lib2-mul.o)
 .debug_info    0x0000000000003075      0x350 ../Prj4_bsp/\libhal_bsp.a(alt_iic.o)
 .debug_info    0x00000000000033c5      0x1ef ../Prj4_bsp/\libhal_bsp.a(alt_iic_isr_register.o)
 .debug_info    0x00000000000035b4       0x63 ../Prj4_bsp/\libhal_bsp.a(alt_irq_entry.o)
 .debug_info    0x0000000000003617      0x187 ../Prj4_bsp/\libhal_bsp.a(alt_irq_handler.o)
 .debug_info    0x000000000000379e       0x88 ../Prj4_bsp/\libhal_bsp.a(alt_irq_vars.o)
 .debug_info    0x0000000000003826      0x145 ../Prj4_bsp/\libhal_bsp.a(alt_load.o)
 .debug_info    0x000000000000396b      0x131 ../Prj4_bsp/\libhal_bsp.a(alt_main.o)
 .debug_info    0x0000000000003a9c      0x4b7 ../Prj4_bsp/\libhal_bsp.a(alt_write.o)
 .debug_info    0x0000000000003f53      0x771 ../Prj4_bsp/\libhal_bsp.a(alt_sys_init.o)
 .debug_info    0x00000000000046c4      0xa3c ../Prj4_bsp/\libhal_bsp.a(altera_avalon_dma.o)
 .debug_info    0x0000000000005100      0x3a7 ../Prj4_bsp/\libhal_bsp.a(altera_avalon_jtag_uart_fd.o)
 .debug_info    0x00000000000054a7      0x1b2 ../Prj4_bsp/\libhal_bsp.a(altera_avalon_jtag_uart_read.o)
 .debug_info    0x0000000000005659      0x195 ../Prj4_bsp/\libhal_bsp.a(altera_avalon_jtag_uart_write.o)
 .debug_info    0x00000000000057ee      0x321 ../Prj4_bsp/\libhal_bsp.a(alt_close.o)
 .debug_info    0x0000000000005b0f       0x92 ../Prj4_bsp/\libhal_bsp.a(alt_dcache_flush_all.o)
 .debug_info    0x0000000000005ba1      0x49c ../Prj4_bsp/\libhal_bsp.a(alt_dev.o)
 .debug_info    0x000000000000603d      0x1a9 ../Prj4_bsp/\libhal_bsp.a(alt_dev_llist_insert.o)
 .debug_info    0x00000000000061e6      0x236 ../Prj4_bsp/\libhal_bsp.a(alt_dma_rxchan_open.o)
 .debug_info    0x000000000000641c      0x24d ../Prj4_bsp/\libhal_bsp.a(alt_dma_txchan_open.o)
 .debug_info    0x0000000000006669       0x83 ../Prj4_bsp/\libhal_bsp.a(alt_do_ctors.o)
 .debug_info    0x00000000000066ec       0x83 ../Prj4_bsp/\libhal_bsp.a(alt_do_dtors.o)
 .debug_info    0x000000000000676f       0xa6 ../Prj4_bsp/\libhal_bsp.a(alt_errno.o)
 .debug_info    0x0000000000006815       0x69 ../Prj4_bsp/\libhal_bsp.a(alt_exception_entry.o)
 .debug_info    0x000000000000687e      0x2e9 ../Prj4_bsp/\libhal_bsp.a(alt_find_dev.o)
 .debug_info    0x0000000000006b67       0x92 ../Prj4_bsp/\libhal_bsp.a(alt_icache_flush_all.o)
 .debug_info    0x0000000000006bf9      0x1e7 ../Prj4_bsp/\libhal_bsp.a(alt_instruction_exception_entry.o)
 .debug_info    0x0000000000006de0      0x4a5 ../Prj4_bsp/\libhal_bsp.a(alt_io_redirect.o)
 .debug_info    0x0000000000007285      0x3bb ../Prj4_bsp/\libhal_bsp.a(alt_open.o)
 .debug_info    0x0000000000007640      0x2b0 ../Prj4_bsp/\libhal_bsp.a(alt_release_fd.o)
 .debug_info    0x00000000000078f0       0x92 ../Prj4_bsp/\libhal_bsp.a(altera_nios2_gen2_irq.o)
 .debug_info    0x0000000000007982      0x2e6 ../Prj4_bsp/\libhal_bsp.a(alt_find_file.o)
 .debug_info    0x0000000000007c68      0x310 ../Prj4_bsp/\libhal_bsp.a(alt_get_fd.o)
 .debug_info    0x0000000000007f78       0xfe d:/intelfpga_lite/18.1/nios2eds/bin/gnu/h-x86_64-mingw32/bin/../lib/gcc/nios2-elf/5.3.0/../../../../../H-x86_64-mingw32/nios2-elf/lib/mno-hw-mul\libsmallc.a(lib_a-atexit.o)
 .debug_info    0x0000000000008076       0xe5 d:/intelfpga_lite/18.1/nios2eds/bin/gnu/h-x86_64-mingw32/bin/../lib/gcc/nios2-elf/5.3.0/../../../../../H-x86_64-mingw32/nios2-elf/lib/mno-hw-mul\libsmallc.a(lib_a-exit.o)
 .debug_info    0x000000000000815b       0xf4 d:/intelfpga_lite/18.1/nios2eds/bin/gnu/h-x86_64-mingw32/bin/../lib/gcc/nios2-elf/5.3.0/../../../../../H-x86_64-mingw32/nios2-elf/lib/mno-hw-mul\libsmallc.a(lib_a-memcmp.o)
 .debug_info    0x000000000000824f      0x64a d:/intelfpga_lite/18.1/nios2eds/bin/gnu/h-x86_64-mingw32/bin/../lib/gcc/nios2-elf/5.3.0/../../../../../H-x86_64-mingw32/nios2-elf/lib/mno-hw-mul\libsmallc.a(lib_a-__atexit.o)
 .debug_info    0x0000000000008899      0x67b d:/intelfpga_lite/18.1/nios2eds/bin/gnu/h-x86_64-mingw32/bin/../lib/gcc/nios2-elf/5.3.0/../../../../../H-x86_64-mingw32/nios2-elf/lib/mno-hw-mul\libsmallc.a(lib_a-__call_atexit.o)
 .debug_info    0x0000000000008f14       0xec ../Prj4_bsp/\libhal_bsp.a(alt_exit.o)

.debug_abbrev   0x0000000000000000     0x2ff2
 *(.debug_abbrev)
 .debug_abbrev  0x0000000000000000       0x12 ../Prj4_bsp//obj/HAL/src/crt0.o
 .debug_abbrev  0x0000000000000012       0xc0 obj/default/source.o
 .debug_abbrev  0x00000000000000d2      0x1ee d:/intelfpga_lite/18.1/nios2eds/bin/gnu/h-x86_64-mingw32/bin/../lib/gcc/nios2-elf/5.3.0/../../../../../H-x86_64-mingw32/nios2-elf/lib/mno-hw-mul\libsmallc.a(lib_a-printf.o)
 .debug_abbrev  0x00000000000002c0      0x1d6 d:/intelfpga_lite/18.1/nios2eds/bin/gnu/h-x86_64-mingw32/bin/../lib/gcc/nios2-elf/5.3.0/../../../../../H-x86_64-mingw32/nios2-elf/lib/mno-hw-mul\libsmallc.a(lib_a-puts.o)
 .debug_abbrev  0x0000000000000496       0x7f d:/intelfpga_lite/18.1/nios2eds/bin/gnu/h-x86_64-mingw32/bin/../lib/gcc/nios2-elf/5.3.0/../../../../../H-x86_64-mingw32/nios2-elf/lib/mno-hw-mul\libsmallc.a(lib_a-strlen.o)
 .debug_abbrev  0x0000000000000515      0x2a1 d:/intelfpga_lite/18.1/nios2eds/bin/gnu/h-x86_64-mingw32/bin/../lib/gcc/nios2-elf/5.3.0/../../../../../H-x86_64-mingw32/nios2-elf/lib/mno-hw-mul\libsmallc.a(lib_a-vfprintf.o)
 .debug_abbrev  0x00000000000007b6      0x1bc d:/intelfpga_lite/18.1/nios2eds/bin/gnu/h-x86_64-mingw32/bin/../lib/gcc/nios2-elf/5.3.0/../../../../../H-x86_64-mingw32/nios2-elf/lib/mno-hw-mul\libsmallc.a(lib_a-fvwrite_small_dev.o)
 .debug_abbrev  0x0000000000000972      0x14a d:/intelfpga_lite/18.1/nios2eds/bin/gnu/h-x86_64-mingw32/bin/../lib/gcc/nios2-elf/5.3.0/../../../../../H-x86_64-mingw32/nios2-elf/lib/mno-hw-mul\libsmallc.a(lib_a-impure.o)
 .debug_abbrev  0x0000000000000abc      0x1a6 d:/intelfpga_lite/18.1/nios2eds/bin/gnu/h-x86_64-mingw32/bin/../lib/gcc/nios2-elf/5.3.0/../../../../../H-x86_64-mingw32/nios2-elf/lib/mno-hw-mul\libsmallc.a(lib_a-writer.o)
 .debug_abbrev  0x0000000000000c62       0x37 d:/intelfpga_lite/18.1/nios2eds/bin/gnu/h-x86_64-mingw32/bin/../lib/gcc/nios2-elf/5.3.0/../../../../../H-x86_64-mingw32/nios2-elf/lib/mno-hw-mul\libsmallc.a(lib_a-int_errno.o)
 .debug_abbrev  0x0000000000000c99      0x10e d:/intelfpga_lite/18.1/nios2eds/bin/gnu/h-x86_64-mingw32/bin/../lib/gcc/nios2-elf/5.3.0/mno-hw-mul\libgcc.a(lib2-divmod.o)
 .debug_abbrev  0x0000000000000da7       0x6f d:/intelfpga_lite/18.1/nios2eds/bin/gnu/h-x86_64-mingw32/bin/../lib/gcc/nios2-elf/5.3.0/mno-hw-mul\libgcc.a(lib2-mul.o)
 .debug_abbrev  0x0000000000000e16      0x163 ../Prj4_bsp/\libhal_bsp.a(alt_iic.o)
 .debug_abbrev  0x0000000000000f79      0x169 ../Prj4_bsp/\libhal_bsp.a(alt_iic_isr_register.o)
 .debug_abbrev  0x00000000000010e2       0x12 ../Prj4_bsp/\libhal_bsp.a(alt_irq_entry.o)
 .debug_abbrev  0x00000000000010f4      0x122 ../Prj4_bsp/\libhal_bsp.a(alt_irq_handler.o)
 .debug_abbrev  0x0000000000001216       0x40 ../Prj4_bsp/\libhal_bsp.a(alt_irq_vars.o)
 .debug_abbrev  0x0000000000001256       0x9f ../Prj4_bsp/\libhal_bsp.a(alt_load.o)
 .debug_abbrev  0x00000000000012f5       0xba ../Prj4_bsp/\libhal_bsp.a(alt_main.o)
 .debug_abbrev  0x00000000000013af      0x133 ../Prj4_bsp/\libhal_bsp.a(alt_write.o)
 .debug_abbrev  0x00000000000014e2      0x172 ../Prj4_bsp/\libhal_bsp.a(alt_sys_init.o)
 .debug_abbrev  0x0000000000001654      0x284 ../Prj4_bsp/\libhal_bsp.a(altera_avalon_dma.o)
 .debug_abbrev  0x00000000000018d8       0xf7 ../Prj4_bsp/\libhal_bsp.a(altera_avalon_jtag_uart_fd.o)
 .debug_abbrev  0x00000000000019cf       0xd5 ../Prj4_bsp/\libhal_bsp.a(altera_avalon_jtag_uart_read.o)
 .debug_abbrev  0x0000000000001aa4       0xd5 ../Prj4_bsp/\libhal_bsp.a(altera_avalon_jtag_uart_write.o)
 .debug_abbrev  0x0000000000001b79      0x11f ../Prj4_bsp/\libhal_bsp.a(alt_close.o)
 .debug_abbrev  0x0000000000001c98       0x42 ../Prj4_bsp/\libhal_bsp.a(alt_dcache_flush_all.o)
 .debug_abbrev  0x0000000000001cda       0xd9 ../Prj4_bsp/\libhal_bsp.a(alt_dev.o)
 .debug_abbrev  0x0000000000001db3      0x114 ../Prj4_bsp/\libhal_bsp.a(alt_dev_llist_insert.o)
 .debug_abbrev  0x0000000000001ec7      0x104 ../Prj4_bsp/\libhal_bsp.a(alt_dma_rxchan_open.o)
 .debug_abbrev  0x0000000000001fcb      0x109 ../Prj4_bsp/\libhal_bsp.a(alt_dma_txchan_open.o)
 .debug_abbrev  0x00000000000020d4       0x79 ../Prj4_bsp/\libhal_bsp.a(alt_do_ctors.o)
 .debug_abbrev  0x000000000000214d       0x79 ../Prj4_bsp/\libhal_bsp.a(alt_do_dtors.o)
 .debug_abbrev  0x00000000000021c6       0x5a ../Prj4_bsp/\libhal_bsp.a(alt_errno.o)
 .debug_abbrev  0x0000000000002220       0x12 ../Prj4_bsp/\libhal_bsp.a(alt_exception_entry.o)
 .debug_abbrev  0x0000000000002232       0xf0 ../Prj4_bsp/\libhal_bsp.a(alt_find_dev.o)
 .debug_abbrev  0x0000000000002322       0x42 ../Prj4_bsp/\libhal_bsp.a(alt_icache_flush_all.o)
 .debug_abbrev  0x0000000000002364       0xdc ../Prj4_bsp/\libhal_bsp.a(alt_instruction_exception_entry.o)
 .debug_abbrev  0x0000000000002440      0x114 ../Prj4_bsp/\libhal_bsp.a(alt_io_redirect.o)
 .debug_abbrev  0x0000000000002554      0x148 ../Prj4_bsp/\libhal_bsp.a(alt_open.o)
 .debug_abbrev  0x000000000000269c       0xde ../Prj4_bsp/\libhal_bsp.a(alt_release_fd.o)
 .debug_abbrev  0x000000000000277a       0x42 ../Prj4_bsp/\libhal_bsp.a(altera_nios2_gen2_irq.o)
 .debug_abbrev  0x00000000000027bc       0xf0 ../Prj4_bsp/\libhal_bsp.a(alt_find_file.o)
 .debug_abbrev  0x00000000000028ac      0x10d ../Prj4_bsp/\libhal_bsp.a(alt_get_fd.o)
 .debug_abbrev  0x00000000000029b9       0xaa d:/intelfpga_lite/18.1/nios2eds/bin/gnu/h-x86_64-mingw32/bin/../lib/gcc/nios2-elf/5.3.0/../../../../../H-x86_64-mingw32/nios2-elf/lib/mno-hw-mul\libsmallc.a(lib_a-atexit.o)
 .debug_abbrev  0x0000000000002a63       0x8b d:/intelfpga_lite/18.1/nios2eds/bin/gnu/h-x86_64-mingw32/bin/../lib/gcc/nios2-elf/5.3.0/../../../../../H-x86_64-mingw32/nios2-elf/lib/mno-hw-mul\libsmallc.a(lib_a-exit.o)
 .debug_abbrev  0x0000000000002aee       0x7f d:/intelfpga_lite/18.1/nios2eds/bin/gnu/h-x86_64-mingw32/bin/../lib/gcc/nios2-elf/5.3.0/../../../../../H-x86_64-mingw32/nios2-elf/lib/mno-hw-mul\libsmallc.a(lib_a-memcmp.o)
 .debug_abbrev  0x0000000000002b6d      0x1e6 d:/intelfpga_lite/18.1/nios2eds/bin/gnu/h-x86_64-mingw32/bin/../lib/gcc/nios2-elf/5.3.0/../../../../../H-x86_64-mingw32/nios2-elf/lib/mno-hw-mul\libsmallc.a(lib_a-__atexit.o)
 .debug_abbrev  0x0000000000002d53      0x1f6 d:/intelfpga_lite/18.1/nios2eds/bin/gnu/h-x86_64-mingw32/bin/../lib/gcc/nios2-elf/5.3.0/../../../../../H-x86_64-mingw32/nios2-elf/lib/mno-hw-mul\libsmallc.a(lib_a-__call_atexit.o)
 .debug_abbrev  0x0000000000002f49       0xa9 ../Prj4_bsp/\libhal_bsp.a(alt_exit.o)

.debug_line     0x0000000000000000     0x33f6
 *(.debug_line)
 .debug_line    0x0000000000000000       0x66 ../Prj4_bsp//obj/HAL/src/crt0.o
 .debug_line    0x0000000000000066       0xa5 obj/default/source.o
 .debug_line    0x000000000000010b      0x203 d:/intelfpga_lite/18.1/nios2eds/bin/gnu/h-x86_64-mingw32/bin/../lib/gcc/nios2-elf/5.3.0/../../../../../H-x86_64-mingw32/nios2-elf/lib/mno-hw-mul\libsmallc.a(lib_a-printf.o)
 .debug_line    0x000000000000030e      0x206 d:/intelfpga_lite/18.1/nios2eds/bin/gnu/h-x86_64-mingw32/bin/../lib/gcc/nios2-elf/5.3.0/../../../../../H-x86_64-mingw32/nios2-elf/lib/mno-hw-mul\libsmallc.a(lib_a-puts.o)
 .debug_line    0x0000000000000514      0x15c d:/intelfpga_lite/18.1/nios2eds/bin/gnu/h-x86_64-mingw32/bin/../lib/gcc/nios2-elf/5.3.0/../../../../../H-x86_64-mingw32/nios2-elf/lib/mno-hw-mul\libsmallc.a(lib_a-strlen.o)
 .debug_line    0x0000000000000670      0x351 d:/intelfpga_lite/18.1/nios2eds/bin/gnu/h-x86_64-mingw32/bin/../lib/gcc/nios2-elf/5.3.0/../../../../../H-x86_64-mingw32/nios2-elf/lib/mno-hw-mul\libsmallc.a(lib_a-vfprintf.o)
 .debug_line    0x00000000000009c1      0x1f0 d:/intelfpga_lite/18.1/nios2eds/bin/gnu/h-x86_64-mingw32/bin/../lib/gcc/nios2-elf/5.3.0/../../../../../H-x86_64-mingw32/nios2-elf/lib/mno-hw-mul\libsmallc.a(lib_a-fvwrite_small_dev.o)
 .debug_line    0x0000000000000bb1      0x156 d:/intelfpga_lite/18.1/nios2eds/bin/gnu/h-x86_64-mingw32/bin/../lib/gcc/nios2-elf/5.3.0/../../../../../H-x86_64-mingw32/nios2-elf/lib/mno-hw-mul\libsmallc.a(lib_a-impure.o)
 .debug_line    0x0000000000000d07      0x1ed d:/intelfpga_lite/18.1/nios2eds/bin/gnu/h-x86_64-mingw32/bin/../lib/gcc/nios2-elf/5.3.0/../../../../../H-x86_64-mingw32/nios2-elf/lib/mno-hw-mul\libsmallc.a(lib_a-writer.o)
 .debug_line    0x0000000000000ef4       0x5f d:/intelfpga_lite/18.1/nios2eds/bin/gnu/h-x86_64-mingw32/bin/../lib/gcc/nios2-elf/5.3.0/../../../../../H-x86_64-mingw32/nios2-elf/lib/mno-hw-mul\libsmallc.a(lib_a-int_errno.o)
 .debug_line    0x0000000000000f53      0x105 d:/intelfpga_lite/18.1/nios2eds/bin/gnu/h-x86_64-mingw32/bin/../lib/gcc/nios2-elf/5.3.0/mno-hw-mul\libgcc.a(lib2-divmod.o)
 .debug_line    0x0000000000001058       0x80 d:/intelfpga_lite/18.1/nios2eds/bin/gnu/h-x86_64-mingw32/bin/../lib/gcc/nios2-elf/5.3.0/mno-hw-mul\libgcc.a(lib2-mul.o)
 .debug_line    0x00000000000010d8       0xeb ../Prj4_bsp/\libhal_bsp.a(alt_iic.o)
 .debug_line    0x00000000000011c3       0xdb ../Prj4_bsp/\libhal_bsp.a(alt_iic_isr_register.o)
 .debug_line    0x000000000000129e       0x6b ../Prj4_bsp/\libhal_bsp.a(alt_irq_entry.o)
 .debug_line    0x0000000000001309       0xaa ../Prj4_bsp/\libhal_bsp.a(alt_irq_handler.o)
 .debug_line    0x00000000000013b3       0x50 ../Prj4_bsp/\libhal_bsp.a(alt_irq_vars.o)
 .debug_line    0x0000000000001403       0x8e ../Prj4_bsp/\libhal_bsp.a(alt_load.o)
 .debug_line    0x0000000000001491       0xa4 ../Prj4_bsp/\libhal_bsp.a(alt_main.o)
 .debug_line    0x0000000000001535      0x1db ../Prj4_bsp/\libhal_bsp.a(alt_write.o)
 .debug_line    0x0000000000001710      0x151 ../Prj4_bsp/\libhal_bsp.a(alt_sys_init.o)
 .debug_line    0x0000000000001861      0x28b ../Prj4_bsp/\libhal_bsp.a(altera_avalon_dma.o)
 .debug_line    0x0000000000001aec      0x112 ../Prj4_bsp/\libhal_bsp.a(altera_avalon_jtag_uart_fd.o)
 .debug_line    0x0000000000001bfe       0xfd ../Prj4_bsp/\libhal_bsp.a(altera_avalon_jtag_uart_read.o)
 .debug_line    0x0000000000001cfb       0xf4 ../Prj4_bsp/\libhal_bsp.a(altera_avalon_jtag_uart_write.o)
 .debug_line    0x0000000000001def      0x165 ../Prj4_bsp/\libhal_bsp.a(alt_close.o)
 .debug_line    0x0000000000001f54       0x51 ../Prj4_bsp/\libhal_bsp.a(alt_dcache_flush_all.o)
 .debug_line    0x0000000000001fa5       0xf8 ../Prj4_bsp/\libhal_bsp.a(alt_dev.o)
 .debug_line    0x000000000000209d       0xcf ../Prj4_bsp/\libhal_bsp.a(alt_dev_llist_insert.o)
 .debug_line    0x000000000000216c       0xdf ../Prj4_bsp/\libhal_bsp.a(alt_dma_rxchan_open.o)
 .debug_line    0x000000000000224b       0xdf ../Prj4_bsp/\libhal_bsp.a(alt_dma_txchan_open.o)
 .debug_line    0x000000000000232a       0x59 ../Prj4_bsp/\libhal_bsp.a(alt_do_ctors.o)
 .debug_line    0x0000000000002383       0x59 ../Prj4_bsp/\libhal_bsp.a(alt_do_dtors.o)
 .debug_line    0x00000000000023dc       0x51 ../Prj4_bsp/\libhal_bsp.a(alt_errno.o)
 .debug_line    0x000000000000242d       0xb3 ../Prj4_bsp/\libhal_bsp.a(alt_exception_entry.o)
 .debug_line    0x00000000000024e0       0xb5 ../Prj4_bsp/\libhal_bsp.a(alt_find_dev.o)
 .debug_line    0x0000000000002595       0x4f ../Prj4_bsp/\libhal_bsp.a(alt_icache_flush_all.o)
 .debug_line    0x00000000000025e4       0xb9 ../Prj4_bsp/\libhal_bsp.a(alt_instruction_exception_entry.o)
 .debug_line    0x000000000000269d      0x135 ../Prj4_bsp/\libhal_bsp.a(alt_io_redirect.o)
 .debug_line    0x00000000000027d2      0x12b ../Prj4_bsp/\libhal_bsp.a(alt_open.o)
 .debug_line    0x00000000000028fd       0xb0 ../Prj4_bsp/\libhal_bsp.a(alt_release_fd.o)
 .debug_line    0x00000000000029ad       0x51 ../Prj4_bsp/\libhal_bsp.a(altera_nios2_gen2_irq.o)
 .debug_line    0x00000000000029fe       0xd1 ../Prj4_bsp/\libhal_bsp.a(alt_find_file.o)
 .debug_line    0x0000000000002acf       0xd7 ../Prj4_bsp/\libhal_bsp.a(alt_get_fd.o)
 .debug_line    0x0000000000002ba6       0xe7 d:/intelfpga_lite/18.1/nios2eds/bin/gnu/h-x86_64-mingw32/bin/../lib/gcc/nios2-elf/5.3.0/../../../../../H-x86_64-mingw32/nios2-elf/lib/mno-hw-mul\libsmallc.a(lib_a-atexit.o)
 .debug_line    0x0000000000002c8d      0x159 d:/intelfpga_lite/18.1/nios2eds/bin/gnu/h-x86_64-mingw32/bin/../lib/gcc/nios2-elf/5.3.0/../../../../../H-x86_64-mingw32/nios2-elf/lib/mno-hw-mul\libsmallc.a(lib_a-exit.o)
 .debug_line    0x0000000000002de6      0x160 d:/intelfpga_lite/18.1/nios2eds/bin/gnu/h-x86_64-mingw32/bin/../lib/gcc/nios2-elf/5.3.0/../../../../../H-x86_64-mingw32/nios2-elf/lib/mno-hw-mul\libsmallc.a(lib_a-memcmp.o)
 .debug_line    0x0000000000002f46      0x20d d:/intelfpga_lite/18.1/nios2eds/bin/gnu/h-x86_64-mingw32/bin/../lib/gcc/nios2-elf/5.3.0/../../../../../H-x86_64-mingw32/nios2-elf/lib/mno-hw-mul\libsmallc.a(lib_a-__atexit.o)
 .debug_line    0x0000000000003153      0x232 d:/intelfpga_lite/18.1/nios2eds/bin/gnu/h-x86_64-mingw32/bin/../lib/gcc/nios2-elf/5.3.0/../../../../../H-x86_64-mingw32/nios2-elf/lib/mno-hw-mul\libsmallc.a(lib_a-__call_atexit.o)
 .debug_line    0x0000000000003385       0x71 ../Prj4_bsp/\libhal_bsp.a(alt_exit.o)

.debug_frame    0x0000000000000000      0xe28
 *(.debug_frame)
 .debug_frame   0x0000000000000000       0x78 obj/default/source.o
 .debug_frame   0x0000000000000078       0x48 d:/intelfpga_lite/18.1/nios2eds/bin/gnu/h-x86_64-mingw32/bin/../lib/gcc/nios2-elf/5.3.0/../../../../../H-x86_64-mingw32/nios2-elf/lib/mno-hw-mul\libsmallc.a(lib_a-printf.o)
 .debug_frame   0x00000000000000c0       0x48 d:/intelfpga_lite/18.1/nios2eds/bin/gnu/h-x86_64-mingw32/bin/../lib/gcc/nios2-elf/5.3.0/../../../../../H-x86_64-mingw32/nios2-elf/lib/mno-hw-mul\libsmallc.a(lib_a-puts.o)
 .debug_frame   0x0000000000000108       0x20 d:/intelfpga_lite/18.1/nios2eds/bin/gnu/h-x86_64-mingw32/bin/../lib/gcc/nios2-elf/5.3.0/../../../../../H-x86_64-mingw32/nios2-elf/lib/mno-hw-mul\libsmallc.a(lib_a-strlen.o)
 .debug_frame   0x0000000000000128       0x8c d:/intelfpga_lite/18.1/nios2eds/bin/gnu/h-x86_64-mingw32/bin/../lib/gcc/nios2-elf/5.3.0/../../../../../H-x86_64-mingw32/nios2-elf/lib/mno-hw-mul\libsmallc.a(lib_a-vfprintf.o)
 .debug_frame   0x00000000000001b4       0x58 d:/intelfpga_lite/18.1/nios2eds/bin/gnu/h-x86_64-mingw32/bin/../lib/gcc/nios2-elf/5.3.0/../../../../../H-x86_64-mingw32/nios2-elf/lib/mno-hw-mul\libsmallc.a(lib_a-fvwrite_small_dev.o)
 .debug_frame   0x000000000000020c       0x38 d:/intelfpga_lite/18.1/nios2eds/bin/gnu/h-x86_64-mingw32/bin/../lib/gcc/nios2-elf/5.3.0/../../../../../H-x86_64-mingw32/nios2-elf/lib/mno-hw-mul\libsmallc.a(lib_a-writer.o)
 .debug_frame   0x0000000000000244       0x50 d:/intelfpga_lite/18.1/nios2eds/bin/gnu/h-x86_64-mingw32/bin/../lib/gcc/nios2-elf/5.3.0/mno-hw-mul\libgcc.a(lib2-divmod.o)
 .debug_frame   0x0000000000000294       0x20 d:/intelfpga_lite/18.1/nios2eds/bin/gnu/h-x86_64-mingw32/bin/../lib/gcc/nios2-elf/5.3.0/mno-hw-mul\libgcc.a(lib2-mul.o)
 .debug_frame   0x00000000000002b4       0xa4 ../Prj4_bsp/\libhal_bsp.a(alt_iic.o)
 .debug_frame   0x0000000000000358       0x38 ../Prj4_bsp/\libhal_bsp.a(alt_iic_isr_register.o)
 .debug_frame   0x0000000000000390       0x38 ../Prj4_bsp/\libhal_bsp.a(alt_irq_handler.o)
 .debug_frame   0x00000000000003c8       0x5c ../Prj4_bsp/\libhal_bsp.a(alt_load.o)
 .debug_frame   0x0000000000000424       0x2c ../Prj4_bsp/\libhal_bsp.a(alt_main.o)
 .debug_frame   0x0000000000000450       0x60 ../Prj4_bsp/\libhal_bsp.a(alt_write.o)
 .debug_frame   0x00000000000004b0       0x88 ../Prj4_bsp/\libhal_bsp.a(alt_sys_init.o)
 .debug_frame   0x0000000000000538      0x204 ../Prj4_bsp/\libhal_bsp.a(altera_avalon_dma.o)
 .debug_frame   0x000000000000073c       0x60 ../Prj4_bsp/\libhal_bsp.a(altera_avalon_jtag_uart_fd.o)
 .debug_frame   0x000000000000079c       0x34 ../Prj4_bsp/\libhal_bsp.a(altera_avalon_jtag_uart_read.o)
 .debug_frame   0x00000000000007d0       0x34 ../Prj4_bsp/\libhal_bsp.a(altera_avalon_jtag_uart_write.o)
 .debug_frame   0x0000000000000804       0x60 ../Prj4_bsp/\libhal_bsp.a(alt_close.o)
 .debug_frame   0x0000000000000864       0x34 ../Prj4_bsp/\libhal_bsp.a(alt_dcache_flush_all.o)
 .debug_frame   0x0000000000000898       0x34 ../Prj4_bsp/\libhal_bsp.a(alt_dev.o)
 .debug_frame   0x00000000000008cc       0x60 ../Prj4_bsp/\libhal_bsp.a(alt_dev_llist_insert.o)
 .debug_frame   0x000000000000092c       0x60 ../Prj4_bsp/\libhal_bsp.a(alt_dma_rxchan_open.o)
 .debug_frame   0x000000000000098c       0x60 ../Prj4_bsp/\libhal_bsp.a(alt_dma_txchan_open.o)
 .debug_frame   0x00000000000009ec       0x38 ../Prj4_bsp/\libhal_bsp.a(alt_do_ctors.o)
 .debug_frame   0x0000000000000a24       0x38 ../Prj4_bsp/\libhal_bsp.a(alt_do_dtors.o)
 .debug_frame   0x0000000000000a5c       0x38 ../Prj4_bsp/\libhal_bsp.a(alt_find_dev.o)
 .debug_frame   0x0000000000000a94       0x34 ../Prj4_bsp/\libhal_bsp.a(alt_icache_flush_all.o)
 .debug_frame   0x0000000000000ac8       0x5c ../Prj4_bsp/\libhal_bsp.a(alt_instruction_exception_entry.o)
 .debug_frame   0x0000000000000b24       0x64 ../Prj4_bsp/\libhal_bsp.a(alt_io_redirect.o)
 .debug_frame   0x0000000000000b88       0x8c ../Prj4_bsp/\libhal_bsp.a(alt_open.o)
 .debug_frame   0x0000000000000c14       0x3c ../Prj4_bsp/\libhal_bsp.a(alt_release_fd.o)
 .debug_frame   0x0000000000000c50       0x34 ../Prj4_bsp/\libhal_bsp.a(altera_nios2_gen2_irq.o)
 .debug_frame   0x0000000000000c84       0x38 ../Prj4_bsp/\libhal_bsp.a(alt_find_file.o)
 .debug_frame   0x0000000000000cbc       0x3c ../Prj4_bsp/\libhal_bsp.a(alt_get_fd.o)
 .debug_frame   0x0000000000000cf8       0x20 d:/intelfpga_lite/18.1/nios2eds/bin/gnu/h-x86_64-mingw32/bin/../lib/gcc/nios2-elf/5.3.0/../../../../../H-x86_64-mingw32/nios2-elf/lib/mno-hw-mul\libsmallc.a(lib_a-atexit.o)
 .debug_frame   0x0000000000000d18       0x28 d:/intelfpga_lite/18.1/nios2eds/bin/gnu/h-x86_64-mingw32/bin/../lib/gcc/nios2-elf/5.3.0/../../../../../H-x86_64-mingw32/nios2-elf/lib/mno-hw-mul\libsmallc.a(lib_a-exit.o)
 .debug_frame   0x0000000000000d40       0x20 d:/intelfpga_lite/18.1/nios2eds/bin/gnu/h-x86_64-mingw32/bin/../lib/gcc/nios2-elf/5.3.0/../../../../../H-x86_64-mingw32/nios2-elf/lib/mno-hw-mul\libsmallc.a(lib_a-memcmp.o)
 .debug_frame   0x0000000000000d60       0x48 d:/intelfpga_lite/18.1/nios2eds/bin/gnu/h-x86_64-mingw32/bin/../lib/gcc/nios2-elf/5.3.0/../../../../../H-x86_64-mingw32/nios2-elf/lib/mno-hw-mul\libsmallc.a(lib_a-__atexit.o)
 .debug_frame   0x0000000000000da8       0x54 d:/intelfpga_lite/18.1/nios2eds/bin/gnu/h-x86_64-mingw32/bin/../lib/gcc/nios2-elf/5.3.0/../../../../../H-x86_64-mingw32/nios2-elf/lib/mno-hw-mul\libsmallc.a(lib_a-__call_atexit.o)
 .debug_frame   0x0000000000000dfc       0x2c ../Prj4_bsp/\libhal_bsp.a(alt_exit.o)

.debug_str      0x0000000000000000     0x200d
 *(.debug_str)
 .debug_str     0x0000000000000000      0x113 obj/default/source.o
                                        0x151 (size before relaxing)
 .debug_str     0x0000000000000113      0x421 d:/intelfpga_lite/18.1/nios2eds/bin/gnu/h-x86_64-mingw32/bin/../lib/gcc/nios2-elf/5.3.0/../../../../../H-x86_64-mingw32/nios2-elf/lib/mno-hw-mul\libsmallc.a(lib_a-printf.o)
                                        0x504 (size before relaxing)
 .debug_str     0x0000000000000534       0x63 d:/intelfpga_lite/18.1/nios2eds/bin/gnu/h-x86_64-mingw32/bin/../lib/gcc/nios2-elf/5.3.0/../../../../../H-x86_64-mingw32/nios2-elf/lib/mno-hw-mul\libsmallc.a(lib_a-puts.o)
                                        0x4cd (size before relaxing)
 .debug_str     0x0000000000000597       0xd2 d:/intelfpga_lite/18.1/nios2eds/bin/gnu/h-x86_64-mingw32/bin/../lib/gcc/nios2-elf/5.3.0/../../../../../H-x86_64-mingw32/nios2-elf/lib/mno-hw-mul\libsmallc.a(lib_a-strlen.o)
                                        0x1e5 (size before relaxing)
 .debug_str     0x0000000000000669      0x1f8 d:/intelfpga_lite/18.1/nios2eds/bin/gnu/h-x86_64-mingw32/bin/../lib/gcc/nios2-elf/5.3.0/../../../../../H-x86_64-mingw32/nios2-elf/lib/mno-hw-mul\libsmallc.a(lib_a-vfprintf.o)
                                        0x67f (size before relaxing)
 .debug_str     0x0000000000000861       0x63 d:/intelfpga_lite/18.1/nios2eds/bin/gnu/h-x86_64-mingw32/bin/../lib/gcc/nios2-elf/5.3.0/../../../../../H-x86_64-mingw32/nios2-elf/lib/mno-hw-mul\libsmallc.a(lib_a-fvwrite_small_dev.o)
                                        0x4d4 (size before relaxing)
 .debug_str     0x00000000000008c4       0xef d:/intelfpga_lite/18.1/nios2eds/bin/gnu/h-x86_64-mingw32/bin/../lib/gcc/nios2-elf/5.3.0/../../../../../H-x86_64-mingw32/nios2-elf/lib/mno-hw-mul\libsmallc.a(lib_a-impure.o)
                                        0x4be (size before relaxing)
 .debug_str     0x00000000000009b3       0x45 d:/intelfpga_lite/18.1/nios2eds/bin/gnu/h-x86_64-mingw32/bin/../lib/gcc/nios2-elf/5.3.0/../../../../../H-x86_64-mingw32/nios2-elf/lib/mno-hw-mul\libsmallc.a(lib_a-writer.o)
                                        0x4b8 (size before relaxing)
 .debug_str     0x00000000000009f8       0x3f d:/intelfpga_lite/18.1/nios2eds/bin/gnu/h-x86_64-mingw32/bin/../lib/gcc/nios2-elf/5.3.0/../../../../../H-x86_64-mingw32/nios2-elf/lib/mno-hw-mul\libsmallc.a(lib_a-int_errno.o)
                                        0x1d8 (size before relaxing)
 .debug_str     0x0000000000000a37      0x187 d:/intelfpga_lite/18.1/nios2eds/bin/gnu/h-x86_64-mingw32/bin/../lib/gcc/nios2-elf/5.3.0/mno-hw-mul\libgcc.a(lib2-divmod.o)
                                        0x1d2 (size before relaxing)
 .debug_str     0x0000000000000bbe       0x40 d:/intelfpga_lite/18.1/nios2eds/bin/gnu/h-x86_64-mingw32/bin/../lib/gcc/nios2-elf/5.3.0/mno-hw-mul\libgcc.a(lib2-mul.o)
                                        0x193 (size before relaxing)
 .debug_str     0x0000000000000bfe      0x11d ../Prj4_bsp/\libhal_bsp.a(alt_iic.o)
                                        0x22a (size before relaxing)
 .debug_str     0x0000000000000d1b       0x4c ../Prj4_bsp/\libhal_bsp.a(alt_iic_isr_register.o)
                                        0x1d4 (size before relaxing)
 .debug_str     0x0000000000000d67       0x3a ../Prj4_bsp/\libhal_bsp.a(alt_irq_handler.o)
                                        0x183 (size before relaxing)
 .debug_str     0x0000000000000da1       0x17 ../Prj4_bsp/\libhal_bsp.a(alt_irq_vars.o)
                                        0x126 (size before relaxing)
 .debug_str     0x0000000000000db8       0xe9 ../Prj4_bsp/\libhal_bsp.a(alt_load.o)
                                        0x1fe (size before relaxing)
 .debug_str     0x0000000000000ea1       0x70 ../Prj4_bsp/\libhal_bsp.a(alt_main.o)
                                        0x189 (size before relaxing)
 .debug_str     0x0000000000000f11      0x14f ../Prj4_bsp/\libhal_bsp.a(alt_write.o)
                                        0x2e4 (size before relaxing)
 .debug_str     0x0000000000001060      0x2a0 ../Prj4_bsp/\libhal_bsp.a(alt_sys_init.o)
                                        0x49a (size before relaxing)
 .debug_str     0x0000000000001300      0x17e ../Prj4_bsp/\libhal_bsp.a(altera_avalon_dma.o)
                                        0x50d (size before relaxing)
 .debug_str     0x000000000000147e       0x71 ../Prj4_bsp/\libhal_bsp.a(altera_avalon_jtag_uart_fd.o)
                                        0x2c1 (size before relaxing)
 .debug_str     0x00000000000014ef       0x48 ../Prj4_bsp/\libhal_bsp.a(altera_avalon_jtag_uart_read.o)
                                        0x20b (size before relaxing)
 .debug_str     0x0000000000001537       0x4a ../Prj4_bsp/\libhal_bsp.a(altera_avalon_jtag_uart_write.o)
                                        0x201 (size before relaxing)
 .debug_str     0x0000000000001581       0x1b ../Prj4_bsp/\libhal_bsp.a(alt_close.o)
                                        0x1f7 (size before relaxing)
 .debug_str     0x000000000000159c       0x34 ../Prj4_bsp/\libhal_bsp.a(alt_dcache_flush_all.o)
                                        0x141 (size before relaxing)
 .debug_str     0x00000000000015d0       0x50 ../Prj4_bsp/\libhal_bsp.a(alt_dev.o)
                                        0x2f1 (size before relaxing)
 .debug_str     0x0000000000001620       0x45 ../Prj4_bsp/\libhal_bsp.a(alt_dev_llist_insert.o)
                                        0x1b8 (size before relaxing)
 .debug_str     0x0000000000001665       0x32 ../Prj4_bsp/\libhal_bsp.a(alt_dma_rxchan_open.o)
                                        0x223 (size before relaxing)
 .debug_str     0x0000000000001697       0x32 ../Prj4_bsp/\libhal_bsp.a(alt_dma_txchan_open.o)
                                        0x225 (size before relaxing)
 .debug_str     0x00000000000016c9       0x48 ../Prj4_bsp/\libhal_bsp.a(alt_do_ctors.o)
                                         0xbc (size before relaxing)
 .debug_str     0x0000000000001711       0x4c ../Prj4_bsp/\libhal_bsp.a(alt_do_dtors.o)
                                         0xbb (size before relaxing)
 .debug_str     0x000000000000175d       0x14 ../Prj4_bsp/\libhal_bsp.a(alt_errno.o)
                                        0x131 (size before relaxing)
 .debug_str     0x0000000000001771       0x24 ../Prj4_bsp/\libhal_bsp.a(alt_find_dev.o)
                                        0x1d8 (size before relaxing)
 .debug_str     0x0000000000001795       0x34 ../Prj4_bsp/\libhal_bsp.a(alt_icache_flush_all.o)
                                        0x141 (size before relaxing)
 .debug_str     0x00000000000017c9      0x48b ../Prj4_bsp/\libhal_bsp.a(alt_instruction_exception_entry.o)
                                        0x58c (size before relaxing)
 .debug_str     0x0000000000001c54       0x56 ../Prj4_bsp/\libhal_bsp.a(alt_io_redirect.o)
                                        0x302 (size before relaxing)
 .debug_str     0x0000000000001caa       0x2f ../Prj4_bsp/\libhal_bsp.a(alt_open.o)
                                        0x237 (size before relaxing)
 .debug_str     0x0000000000001cd9       0x28 ../Prj4_bsp/\libhal_bsp.a(alt_release_fd.o)
                                        0x1bf (size before relaxing)
 .debug_str     0x0000000000001d01       0x3b ../Prj4_bsp/\libhal_bsp.a(altera_nios2_gen2_irq.o)
                                        0x148 (size before relaxing)
 .debug_str     0x0000000000001d3c       0x26 ../Prj4_bsp/\libhal_bsp.a(alt_find_file.o)
                                        0x1e6 (size before relaxing)
 .debug_str     0x0000000000001d62       0x30 ../Prj4_bsp/\libhal_bsp.a(alt_get_fd.o)
                                        0x208 (size before relaxing)
 .debug_str     0x0000000000001d92      0x116 d:/intelfpga_lite/18.1/nios2eds/bin/gnu/h-x86_64-mingw32/bin/../lib/gcc/nios2-elf/5.3.0/../../../../../H-x86_64-mingw32/nios2-elf/lib/mno-hw-mul\libsmallc.a(lib_a-atexit.o)
                                        0x21c (size before relaxing)
 .debug_str     0x0000000000001ea8       0x4c d:/intelfpga_lite/18.1/nios2eds/bin/gnu/h-x86_64-mingw32/bin/../lib/gcc/nios2-elf/5.3.0/../../../../../H-x86_64-mingw32/nios2-elf/lib/mno-hw-mul\libsmallc.a(lib_a-exit.o)
                                        0x1f0 (size before relaxing)
 .debug_str     0x0000000000001ef4       0x44 d:/intelfpga_lite/18.1/nios2eds/bin/gnu/h-x86_64-mingw32/bin/../lib/gcc/nios2-elf/5.3.0/../../../../../H-x86_64-mingw32/nios2-elf/lib/mno-hw-mul\libsmallc.a(lib_a-memcmp.o)
                                        0x1df (size before relaxing)
 .debug_str     0x0000000000001f38       0x46 d:/intelfpga_lite/18.1/nios2eds/bin/gnu/h-x86_64-mingw32/bin/../lib/gcc/nios2-elf/5.3.0/../../../../../H-x86_64-mingw32/nios2-elf/lib/mno-hw-mul\libsmallc.a(lib_a-__atexit.o)
                                        0x4ff (size before relaxing)
 .debug_str     0x0000000000001f7e       0x65 d:/intelfpga_lite/18.1/nios2eds/bin/gnu/h-x86_64-mingw32/bin/../lib/gcc/nios2-elf/5.3.0/../../../../../H-x86_64-mingw32/nios2-elf/lib/mno-hw-mul\libsmallc.a(lib_a-__call_atexit.o)
                                        0x4eb (size before relaxing)
 .debug_str     0x0000000000001fe3       0x2a ../Prj4_bsp/\libhal_bsp.a(alt_exit.o)
                                        0x13d (size before relaxing)

.debug_loc      0x0000000000000000     0x15da
 *(.debug_loc)
 .debug_loc     0x0000000000000000       0xc6 d:/intelfpga_lite/18.1/nios2eds/bin/gnu/h-x86_64-mingw32/bin/../lib/gcc/nios2-elf/5.3.0/../../../../../H-x86_64-mingw32/nios2-elf/lib/mno-hw-mul\libsmallc.a(lib_a-printf.o)
 .debug_loc     0x00000000000000c6       0x97 d:/intelfpga_lite/18.1/nios2eds/bin/gnu/h-x86_64-mingw32/bin/../lib/gcc/nios2-elf/5.3.0/../../../../../H-x86_64-mingw32/nios2-elf/lib/mno-hw-mul\libsmallc.a(lib_a-puts.o)
 .debug_loc     0x000000000000015d       0x1e d:/intelfpga_lite/18.1/nios2eds/bin/gnu/h-x86_64-mingw32/bin/../lib/gcc/nios2-elf/5.3.0/../../../../../H-x86_64-mingw32/nios2-elf/lib/mno-hw-mul\libsmallc.a(lib_a-strlen.o)
 .debug_loc     0x000000000000017b      0x954 d:/intelfpga_lite/18.1/nios2eds/bin/gnu/h-x86_64-mingw32/bin/../lib/gcc/nios2-elf/5.3.0/../../../../../H-x86_64-mingw32/nios2-elf/lib/mno-hw-mul\libsmallc.a(lib_a-vfprintf.o)
 .debug_loc     0x0000000000000acf      0x110 d:/intelfpga_lite/18.1/nios2eds/bin/gnu/h-x86_64-mingw32/bin/../lib/gcc/nios2-elf/5.3.0/../../../../../H-x86_64-mingw32/nios2-elf/lib/mno-hw-mul\libsmallc.a(lib_a-fvwrite_small_dev.o)
 .debug_loc     0x0000000000000bdf       0xa5 d:/intelfpga_lite/18.1/nios2eds/bin/gnu/h-x86_64-mingw32/bin/../lib/gcc/nios2-elf/5.3.0/../../../../../H-x86_64-mingw32/nios2-elf/lib/mno-hw-mul\libsmallc.a(lib_a-writer.o)
 .debug_loc     0x0000000000000c84      0x4ce d:/intelfpga_lite/18.1/nios2eds/bin/gnu/h-x86_64-mingw32/bin/../lib/gcc/nios2-elf/5.3.0/mno-hw-mul\libgcc.a(lib2-divmod.o)
 .debug_loc     0x0000000000001152       0x93 d:/intelfpga_lite/18.1/nios2eds/bin/gnu/h-x86_64-mingw32/bin/../lib/gcc/nios2-elf/5.3.0/mno-hw-mul\libgcc.a(lib2-mul.o)
 .debug_loc     0x00000000000011e5       0x2c d:/intelfpga_lite/18.1/nios2eds/bin/gnu/h-x86_64-mingw32/bin/../lib/gcc/nios2-elf/5.3.0/../../../../../H-x86_64-mingw32/nios2-elf/lib/mno-hw-mul\libsmallc.a(lib_a-atexit.o)
 .debug_loc     0x0000000000001211       0x1e d:/intelfpga_lite/18.1/nios2eds/bin/gnu/h-x86_64-mingw32/bin/../lib/gcc/nios2-elf/5.3.0/../../../../../H-x86_64-mingw32/nios2-elf/lib/mno-hw-mul\libsmallc.a(lib_a-exit.o)
 .debug_loc     0x000000000000122f       0x94 d:/intelfpga_lite/18.1/nios2eds/bin/gnu/h-x86_64-mingw32/bin/../lib/gcc/nios2-elf/5.3.0/../../../../../H-x86_64-mingw32/nios2-elf/lib/mno-hw-mul\libsmallc.a(lib_a-memcmp.o)
 .debug_loc     0x00000000000012c3      0x1c0 d:/intelfpga_lite/18.1/nios2eds/bin/gnu/h-x86_64-mingw32/bin/../lib/gcc/nios2-elf/5.3.0/../../../../../H-x86_64-mingw32/nios2-elf/lib/mno-hw-mul\libsmallc.a(lib_a-__atexit.o)
 .debug_loc     0x0000000000001483      0x157 d:/intelfpga_lite/18.1/nios2eds/bin/gnu/h-x86_64-mingw32/bin/../lib/gcc/nios2-elf/5.3.0/../../../../../H-x86_64-mingw32/nios2-elf/lib/mno-hw-mul\libsmallc.a(lib_a-__call_atexit.o)

.debug_macinfo
 *(.debug_macinfo)

.debug_weaknames
 *(.debug_weaknames)

.debug_funcnames
 *(.debug_funcnames)

.debug_typenames
 *(.debug_typenames)

.debug_varnames
 *(.debug_varnames)

.debug_alt_sim_info
                0x0000000000000000       0x10
 *(.debug_alt_sim_info)
 .debug_alt_sim_info
                0x0000000000000000       0x10 ../Prj4_bsp//obj/HAL/src/crt0.o
                0x0000000000010000                __alt_data_end = 0x10000
                0x0000000000010000                PROVIDE (__alt_stack_pointer, __alt_data_end)
                [!provide]                        PROVIDE (__alt_stack_limit, __alt_stack_base)
                [!provide]                        PROVIDE (__alt_heap_start, end)
                [!provide]                        PROVIDE (__alt_heap_limit, 0x10000)
OUTPUT(Prj4.elf elf32-littlenios2)

.debug_ranges   0x0000000000000000      0x2c0
 .debug_ranges  0x0000000000000000       0x20 ../Prj4_bsp//obj/HAL/src/crt0.o
 .debug_ranges  0x0000000000000020       0x18 d:/intelfpga_lite/18.1/nios2eds/bin/gnu/h-x86_64-mingw32/bin/../lib/gcc/nios2-elf/5.3.0/../../../../../H-x86_64-mingw32/nios2-elf/lib/mno-hw-mul\libsmallc.a(lib_a-printf.o)
 .debug_ranges  0x0000000000000038       0x18 d:/intelfpga_lite/18.1/nios2eds/bin/gnu/h-x86_64-mingw32/bin/../lib/gcc/nios2-elf/5.3.0/../../../../../H-x86_64-mingw32/nios2-elf/lib/mno-hw-mul\libsmallc.a(lib_a-puts.o)
 .debug_ranges  0x0000000000000050       0x10 d:/intelfpga_lite/18.1/nios2eds/bin/gnu/h-x86_64-mingw32/bin/../lib/gcc/nios2-elf/5.3.0/../../../../../H-x86_64-mingw32/nios2-elf/lib/mno-hw-mul\libsmallc.a(lib_a-strlen.o)
 .debug_ranges  0x0000000000000060       0xc8 d:/intelfpga_lite/18.1/nios2eds/bin/gnu/h-x86_64-mingw32/bin/../lib/gcc/nios2-elf/5.3.0/../../../../../H-x86_64-mingw32/nios2-elf/lib/mno-hw-mul\libsmallc.a(lib_a-vfprintf.o)
 .debug_ranges  0x0000000000000128       0x28 d:/intelfpga_lite/18.1/nios2eds/bin/gnu/h-x86_64-mingw32/bin/../lib/gcc/nios2-elf/5.3.0/../../../../../H-x86_64-mingw32/nios2-elf/lib/mno-hw-mul\libsmallc.a(lib_a-fvwrite_small_dev.o)
 .debug_ranges  0x0000000000000150       0x10 d:/intelfpga_lite/18.1/nios2eds/bin/gnu/h-x86_64-mingw32/bin/../lib/gcc/nios2-elf/5.3.0/../../../../../H-x86_64-mingw32/nios2-elf/lib/mno-hw-mul\libsmallc.a(lib_a-writer.o)