Archive member included to satisfy reference by file (symbol)

d:/intelfpga_lite/18.1/nios2eds/bin/gnu/h-x86_64-mingw32/bin/../lib/gcc/nios2-elf/5.3.0/mno-hw-mul\libgcc.a(lib2-divmod.o)
                              obj/default/source.o (__divsi3)
d:/intelfpga_lite/18.1/nios2eds/bin/gnu/h-x86_64-mingw32/bin/../lib/gcc/nios2-elf/5.3.0/mno-hw-mul\libgcc.a(lib2-mul.o)
                              obj/default/source.o (__mulsi3)
../Prj1_bsp/\libhal_bsp.a(alt_load.o)
                              ../Prj1_bsp//obj/HAL/src/crt0.o (alt_load)
../Prj1_bsp/\libhal_bsp.a(alt_main.o)
                              ../Prj1_bsp//obj/HAL/src/crt0.o (alt_main)
../Prj1_bsp/\libhal_bsp.a(alt_sys_init.o)
                              ../Prj1_bsp/\libhal_bsp.a(alt_main.o) (alt_irq_init)
../Prj1_bsp/\libhal_bsp.a(altera_avalon_jtag_uart_fd.o)
                              ../Prj1_bsp/\libhal_bsp.a(alt_sys_init.o) (altera_avalon_jtag_uart_read_fd)
../Prj1_bsp/\libhal_bsp.a(altera_avalon_jtag_uart_read.o)
                              ../Prj1_bsp/\libhal_bsp.a(altera_avalon_jtag_uart_fd.o) (altera_avalon_jtag_uart_read)
../Prj1_bsp/\libhal_bsp.a(altera_avalon_jtag_uart_write.o)
                              ../Prj1_bsp/\libhal_bsp.a(altera_avalon_jtag_uart_fd.o) (altera_avalon_jtag_uart_write)
../Prj1_bsp/\libhal_bsp.a(alt_close.o)
                              ../Prj1_bsp/\libhal_bsp.a(alt_main.o) (close)
../Prj1_bsp/\libhal_bsp.a(alt_dcache_flush_all.o)
                              ../Prj1_bsp/\libhal_bsp.a(alt_load.o) (alt_dcache_flush_all)
../Prj1_bsp/\libhal_bsp.a(alt_dev.o)
                              ../Prj1_bsp/\libhal_bsp.a(alt_sys_init.o) (alt_dev_list)
../Prj1_bsp/\libhal_bsp.a(alt_dev_llist_insert.o)
                              ../Prj1_bsp/\libhal_bsp.a(alt_sys_init.o) (alt_dev_llist_insert)
../Prj1_bsp/\libhal_bsp.a(alt_do_ctors.o)
                              ../Prj1_bsp/\libhal_bsp.a(alt_main.o) (_do_ctors)
../Prj1_bsp/\libhal_bsp.a(alt_do_dtors.o)
                              ../Prj1_bsp/\libhal_bsp.a(alt_main.o) (_do_dtors)
../Prj1_bsp/\libhal_bsp.a(alt_errno.o)
                              ../Prj1_bsp/\libhal_bsp.a(alt_close.o) (alt_errno)
../Prj1_bsp/\libhal_bsp.a(alt_icache_flush_all.o)
                              ../Prj1_bsp/\libhal_bsp.a(alt_load.o) (alt_icache_flush_all)
../Prj1_bsp/\libhal_bsp.a(alt_io_redirect.o)
                              ../Prj1_bsp/\libhal_bsp.a(alt_main.o) (alt_io_redirect)
../Prj1_bsp/\libhal_bsp.a(alt_open.o)
                              ../Prj1_bsp/\libhal_bsp.a(alt_io_redirect.o) (open)
../Prj1_bsp/\libhal_bsp.a(alt_release_fd.o)
                              ../Prj1_bsp/\libhal_bsp.a(alt_close.o) (alt_release_fd)
../Prj1_bsp/\libhal_bsp.a(altera_nios2_gen2_irq.o)
                              ../Prj1_bsp/\libhal_bsp.a(alt_sys_init.o) (altera_nios2_gen2_irq_init)
../Prj1_bsp/\libhal_bsp.a(alt_find_dev.o)
                              ../Prj1_bsp/\libhal_bsp.a(alt_open.o) (alt_find_dev)
../Prj1_bsp/\libhal_bsp.a(alt_find_file.o)
                              ../Prj1_bsp/\libhal_bsp.a(alt_open.o) (alt_find_file)
../Prj1_bsp/\libhal_bsp.a(alt_get_fd.o)
                              ../Prj1_bsp/\libhal_bsp.a(alt_open.o) (alt_get_fd)
d:/intelfpga_lite/18.1/nios2eds/bin/gnu/h-x86_64-mingw32/bin/../lib/gcc/nios2-elf/5.3.0/../../../../../H-x86_64-mingw32/nios2-elf/lib/mno-hw-mul\libsmallc.a(lib_a-atexit.o)
                              ../Prj1_bsp/\libhal_bsp.a(alt_main.o) (atexit)
d:/intelfpga_lite/18.1/nios2eds/bin/gnu/h-x86_64-mingw32/bin/../lib/gcc/nios2-elf/5.3.0/../../../../../H-x86_64-mingw32/nios2-elf/lib/mno-hw-mul\libsmallc.a(lib_a-exit.o)
                              ../Prj1_bsp/\libhal_bsp.a(alt_main.o) (exit)
d:/intelfpga_lite/18.1/nios2eds/bin/gnu/h-x86_64-mingw32/bin/../lib/gcc/nios2-elf/5.3.0/../../../../../H-x86_64-mingw32/nios2-elf/lib/mno-hw-mul\libsmallc.a(lib_a-int_errno.o)
                              ../Prj1_bsp/\libhal_bsp.a(alt_close.o) (errno)
d:/intelfpga_lite/18.1/nios2eds/bin/gnu/h-x86_64-mingw32/bin/../lib/gcc/nios2-elf/5.3.0/../../../../../H-x86_64-mingw32/nios2-elf/lib/mno-hw-mul\libsmallc.a(lib_a-memcmp.o)
                              ../Prj1_bsp/\libhal_bsp.a(alt_find_dev.o) (memcmp)
d:/intelfpga_lite/18.1/nios2eds/bin/gnu/h-x86_64-mingw32/bin/../lib/gcc/nios2-elf/5.3.0/../../../../../H-x86_64-mingw32/nios2-elf/lib/mno-hw-mul\libsmallc.a(lib_a-strlen.o)
                              ../Prj1_bsp/\libhal_bsp.a(alt_find_dev.o) (strlen)
d:/intelfpga_lite/18.1/nios2eds/bin/gnu/h-x86_64-mingw32/bin/../lib/gcc/nios2-elf/5.3.0/../../../../../H-x86_64-mingw32/nios2-elf/lib/mno-hw-mul\libsmallc.a(lib_a-__atexit.o)
                              d:/intelfpga_lite/18.1/nios2eds/bin/gnu/h-x86_64-mingw32/bin/../lib/gcc/nios2-elf/5.3.0/../../../../../H-x86_64-mingw32/nios2-elf/lib/mno-hw-mul\libsmallc.a(lib_a-atexit.o) (__register_exitproc)
d:/intelfpga_lite/18.1/nios2eds/bin/gnu/h-x86_64-mingw32/bin/../lib/gcc/nios2-elf/5.3.0/../../../../../H-x86_64-mingw32/nios2-elf/lib/mno-hw-mul\libsmallc.a(lib_a-__call_atexit.o)
                              d:/intelfpga_lite/18.1/nios2eds/bin/gnu/h-x86_64-mingw32/bin/../lib/gcc/nios2-elf/5.3.0/../../../../../H-x86_64-mingw32/nios2-elf/lib/mno-hw-mul\libsmallc.a(lib_a-exit.o) (__call_exitprocs)
d:/intelfpga_lite/18.1/nios2eds/bin/gnu/h-x86_64-mingw32/bin/../lib/gcc/nios2-elf/5.3.0/../../../../../H-x86_64-mingw32/nios2-elf/lib/mno-hw-mul\libsmallc.a(lib_a-impure.o)
                              d:/intelfpga_lite/18.1/nios2eds/bin/gnu/h-x86_64-mingw32/bin/../lib/gcc/nios2-elf/5.3.0/../../../../../H-x86_64-mingw32/nios2-elf/lib/mno-hw-mul\libsmallc.a(lib_a-__atexit.o) (_global_impure_ptr)
../Prj1_bsp/\libhal_bsp.a(alt_exit.o)
                              d:/intelfpga_lite/18.1/nios2eds/bin/gnu/h-x86_64-mingw32/bin/../lib/gcc/nios2-elf/5.3.0/../../../../../H-x86_64-mingw32/nios2-elf/lib/mno-hw-mul\libsmallc.a(lib_a-exit.o) (_exit)

Allocating common symbols
Common symbol       size              file

errno               0x4               d:/intelfpga_lite/18.1/nios2eds/bin/gnu/h-x86_64-mingw32/bin/../lib/gcc/nios2-elf/5.3.0/../../../../../H-x86_64-mingw32/nios2-elf/lib/mno-hw-mul\libsmallc.a(lib_a-int_errno.o)

Memory Configuration

Name             Origin             Length             Attributes
reset            0x0000000000008000 0x0000000000000020
onchip_memory2_0 0x0000000000008020 0x0000000000007fe0
*default*        0x0000000000000000 0xffffffffffffffff

Linker script and memory map

LOAD ../Prj1_bsp//obj/HAL/src/crt0.o
LOAD obj/default/source.o
LOAD d:/intelfpga_lite/18.1/nios2eds/bin/gnu/h-x86_64-mingw32/bin/../lib/gcc/nios2-elf/5.3.0/../../../../../H-x86_64-mingw32/nios2-elf/lib/mno-hw-mul\libstdc++.a
LOAD d:/intelfpga_lite/18.1/nios2eds/bin/gnu/h-x86_64-mingw32/bin/../lib/gcc/nios2-elf/5.3.0/../../../../../H-x86_64-mingw32/nios2-elf/lib/mno-hw-mul\libm.a
LOAD d:/intelfpga_lite/18.1/nios2eds/bin/gnu/h-x86_64-mingw32/bin/../lib/gcc/nios2-elf/5.3.0/mno-hw-mul\libgcc.a
START GROUP
LOAD d:/intelfpga_lite/18.1/nios2eds/bin/gnu/h-x86_64-mingw32/bin/../lib/gcc/nios2-elf/5.3.0/../../../../../H-x86_64-mingw32/nios2-elf/lib/mno-hw-mul\libsmallc.a
LOAD d:/intelfpga_lite/18.1/nios2eds/bin/gnu/h-x86_64-mingw32/bin/../lib/gcc/nios2-elf/5.3.0/mno-hw-mul\libgcc.a
LOAD ../Prj1_bsp/\libhal_bsp.a
LOAD d:/intelfpga_lite/18.1/nios2eds/bin/gnu/h-x86_64-mingw32/bin/../lib/gcc/nios2-elf/5.3.0/../../../../../H-x86_64-mingw32/nios2-elf/lib/mno-hw-mul\libm.a
END GROUP
LOAD d:/intelfpga_lite/18.1/nios2eds/bin/gnu/h-x86_64-mingw32/bin/../lib/gcc/nios2-elf/5.3.0/mno-hw-mul\libgcc.a
                0x0000000000008000                __alt_mem_onchip_memory2_0 = 0x8000

.entry          0x0000000000008000       0x20
 *(.entry)
 .entry         0x0000000000008000       0x20 ../Prj1_bsp//obj/HAL/src/crt0.o
                0x0000000000008000                __reset

.exceptions     0x0000000000008020        0x0
                0x0000000000008020                PROVIDE (__ram_exceptions_start, ABSOLUTE (.))
                0x0000000000008020                . = ALIGN (0x20)
 *(.irq)
 *(.exceptions.entry.label)
 *(.exceptions.entry.user)
 *(.exceptions.entry.ecc_fatal)
 *(.exceptions.entry)
 *(.exceptions.irqtest.user)
 *(.exceptions.irqtest)
 *(.exceptions.irqhandler.user)
 *(.exceptions.irqhandler)
 *(.exceptions.irqreturn.user)
 *(.exceptions.irqreturn)
 *(.exceptions.notirq.label)
 *(.exceptions.notirq.user)
 *(.exceptions.notirq)
 *(.exceptions.soft.user)
 *(.exceptions.soft)
 *(.exceptions.unknown.user)
 *(.exceptions.unknown)
 *(.exceptions.exit.label)
 *(.exceptions.exit.user)
 *(.exceptions.exit)
 *(.exceptions)
                0x0000000000008020                PROVIDE (__ram_exceptions_end, ABSOLUTE (.))
                0x0000000000008020                PROVIDE (__flash_exceptions_start, LOADADDR (.exceptions))

.text           0x0000000000008020     0x16a4
                [!provide]                        PROVIDE (stext, ABSOLUTE (.))
 *(.interp)
 *(.hash)
 *(.dynsym)
 *(.dynstr)
 *(.gnu.version)
 *(.gnu.version_d)
 *(.gnu.version_r)
 *(.rel.init)
 *(.rela.init)
 *(.rel.text .rel.text.* .rel.gnu.linkonce.t.*)
 *(.rela.text .rela.text.* .rela.gnu.linkonce.t.*)
 *(.rel.fini)
 *(.rela.fini)
 *(.rel.rodata .rel.rodata.* .rel.gnu.linkonce.r.*)
 *(.rela.rodata .rela.rodata.* .rela.gnu.linkonce.r.*)
 *(.rel.data .rel.data.* .rel.gnu.linkonce.d.*)
 *(.rela.data .rela.data.* .rela.gnu.linkonce.d.*)
 *(.rel.tdata .rel.tdata.* .rel.gnu.linkonce.td.*)
 *(.rela.tdata .rela.tdata.* .rela.gnu.linkonce.td.*)
 *(.rel.tbss .rel.tbss.* .rel.gnu.linkonce.tb.*)
 *(.rela.tbss .rela.tbss.* .rela.gnu.linkonce.tb.*)
 *(.rel.ctors)
 *(.rela.ctors)
 *(.rel.dtors)
 *(.rela.dtors)
 *(.rel.got)
 *(.rela.got)
 *(.rel.sdata .rel.sdata.* .rel.gnu.linkonce.s.*)
 *(.rela.sdata .rela.sdata.* .rela.gnu.linkonce.s.*)
 *(.rel.sbss .rel.sbss.* .rel.gnu.linkonce.sb.*)
 *(.rela.sbss .rela.sbss.* .rela.gnu.linkonce.sb.*)
 *(.rel.sdata2 .rel.sdata2.* .rel.gnu.linkonce.s2.*)
 *(.rela.sdata2 .rela.sdata2.* .rela.gnu.linkonce.s2.*)
 *(.rel.sbss2 .rel.sbss2.* .rel.gnu.linkonce.sb2.*)
 *(.rela.sbss2 .rela.sbss2.* .rela.gnu.linkonce.sb2.*)
 *(.rel.bss .rel.bss.* .rel.gnu.linkonce.b.*)
 *(.rela.bss .rela.bss.* .rela.gnu.linkonce.b.*)
 *(.rel.plt)
 *(.rela.plt)
 *(.rel.dyn)
 *(.init)
 *(.plt)
 *(.text .stub .text.* .gnu.linkonce.t.*)
 .text          0x0000000000008020       0x1c ../Prj1_bsp//obj/HAL/src/crt0.o
                0x0000000000008020                _start
 .text          0x000000000000803c      0x2c0 obj/default/source.o
                0x000000000000803c                delay_1s
                0x0000000000008080                main
 .text          0x00000000000082fc      0x1b4 d:/intelfpga_lite/18.1/nios2eds/bin/gnu/h-x86_64-mingw32/bin/../lib/gcc/nios2-elf/5.3.0/mno-hw-mul\libgcc.a(lib2-divmod.o)
                0x00000000000082fc                __divsi3
                0x0000000000008380                __modsi3
                0x00000000000083f4                __udivsi3
                0x0000000000008458                __umodsi3
 .text          0x00000000000084b0       0x28 d:/intelfpga_lite/18.1/nios2eds/bin/gnu/h-x86_64-mingw32/bin/../lib/gcc/nios2-elf/5.3.0/mno-hw-mul\libgcc.a(lib2-mul.o)
                0x00000000000084b0                __mulsi3
 .text          0x00000000000084d8       0xec ../Prj1_bsp/\libhal_bsp.a(alt_load.o)
                0x0000000000008540                alt_load
 .text          0x00000000000085c4       0x7c ../Prj1_bsp/\libhal_bsp.a(alt_main.o)
                0x00000000000085c4                alt_main
 .text          0x0000000000008640       0xa0 ../Prj1_bsp/\libhal_bsp.a(alt_sys_init.o)
                0x0000000000008674                alt_irq_init
                0x00000000000086ac                alt_sys_init
 .text          0x00000000000086e0       0xc0 ../Prj1_bsp/\libhal_bsp.a(altera_avalon_jtag_uart_fd.o)
                0x00000000000086e0                altera_avalon_jtag_uart_read_fd
                0x0000000000008740                altera_avalon_jtag_uart_write_fd
 .text          0x00000000000087a0       0xec ../Prj1_bsp/\libhal_bsp.a(altera_avalon_jtag_uart_read.o)
                0x00000000000087a0                altera_avalon_jtag_uart_read
 .text          0x000000000000888c       0x94 ../Prj1_bsp/\libhal_bsp.a(altera_avalon_jtag_uart_write.o)
                0x000000000000888c                altera_avalon_jtag_uart_write
 .text          0x0000000000008920      0x114 ../Prj1_bsp/\libhal_bsp.a(alt_close.o)
                0x000000000000895c                close
 .text          0x0000000000008a34       0x20 ../Prj1_bsp/\libhal_bsp.a(alt_dcache_flush_all.o)
                0x0000000000008a34                alt_dcache_flush_all
 .text          0x0000000000008a54       0x2c ../Prj1_bsp/\libhal_bsp.a(alt_dev.o)
 .text          0x0000000000008a80       0xe0 ../Prj1_bsp/\libhal_bsp.a(alt_dev_llist_insert.o)
                0x0000000000008abc                alt_dev_llist_insert
 .text          0x0000000000008b60       0x60 ../Prj1_bsp/\libhal_bsp.a(alt_do_ctors.o)
                0x0000000000008b60                _do_ctors
 .text          0x0000000000008bc0       0x60 ../Prj1_bsp/\libhal_bsp.a(alt_do_dtors.o)
                0x0000000000008bc0                _do_dtors
 .text          0x0000000000008c20        0x0 ../Prj1_bsp/\libhal_bsp.a(alt_errno.o)
 .text          0x0000000000008c20       0x20 ../Prj1_bsp/\libhal_bsp.a(alt_icache_flush_all.o)
                0x0000000000008c20                alt_icache_flush_all
 .text          0x0000000000008c40      0x160 ../Prj1_bsp/\libhal_bsp.a(alt_io_redirect.o)
                0x0000000000008d24                alt_io_redirect
 .text          0x0000000000008da0      0x284 ../Prj1_bsp/\libhal_bsp.a(alt_open.o)
                0x0000000000008ec8                open
 .text          0x0000000000009024       0x84 ../Prj1_bsp/\libhal_bsp.a(alt_release_fd.o)
                0x0000000000009024                alt_release_fd
 .text          0x00000000000090a8       0x24 ../Prj1_bsp/\libhal_bsp.a(altera_nios2_gen2_irq.o)
                0x00000000000090a8                altera_nios2_gen2_irq_init
 .text          0x00000000000090cc       0x90 ../Prj1_bsp/\libhal_bsp.a(alt_find_dev.o)
                0x00000000000090cc                alt_find_dev
 .text          0x000000000000915c      0x108 ../Prj1_bsp/\libhal_bsp.a(alt_find_file.o)
                0x000000000000915c                alt_find_file
 .text          0x0000000000009264       0xc4 ../Prj1_bsp/\libhal_bsp.a(alt_get_fd.o)
                0x0000000000009264                alt_get_fd
 .text          0x0000000000009328        0x0 d:/intelfpga_lite/18.1/nios2eds/bin/gnu/h-x86_64-mingw32/bin/../lib/gcc/nios2-elf/5.3.0/../../../../../H-x86_64-mingw32/nios2-elf/lib/mno-hw-mul\libsmallc.a(lib_a-atexit.o)
 .text.atexit   0x0000000000009328       0x14 d:/intelfpga_lite/18.1/nios2eds/bin/gnu/h-x86_64-mingw32/bin/../lib/gcc/nios2-elf/5.3.0/../../../../../H-x86_64-mingw32/nios2-elf/lib/mno-hw-mul\libsmallc.a(lib_a-atexit.o)
                0x0000000000009328                atexit
 .text          0x000000000000933c        0x0 d:/intelfpga_lite/18.1/nios2eds/bin/gnu/h-x86_64-mingw32/bin/../lib/gcc/nios2-elf/5.3.0/../../../../../H-x86_64-mingw32/nios2-elf/lib/mno-hw-mul\libsmallc.a(lib_a-exit.o)
 .text.exit     0x000000000000933c       0x20 d:/intelfpga_lite/18.1/nios2eds/bin/gnu/h-x86_64-mingw32/bin/../lib/gcc/nios2-elf/5.3.0/../../../../../H-x86_64-mingw32/nios2-elf/lib/mno-hw-mul\libsmallc.a(lib_a-exit.o)
                0x000000000000933c                exit
 .text          0x000000000000935c        0x0 d:/intelfpga_lite/18.1/nios2eds/bin/gnu/h-x86_64-mingw32/bin/../lib/gcc/nios2-elf/5.3.0/../../../../../H-x86_64-mingw32/nios2-elf/lib/mno-hw-mul\libsmallc.a(lib_a-int_errno.o)
 .text          0x000000000000935c        0x0 d:/intelfpga_lite/18.1/nios2eds/bin/gnu/h-x86_64-mingw32/bin/../lib/gcc/nios2-elf/5.3.0/../../../../../H-x86_64-mingw32/nios2-elf/lib/mno-hw-mul\libsmallc.a(lib_a-memcmp.o)
 .text.memcmp   0x000000000000935c       0x30 d:/intelfpga_lite/18.1/nios2eds/bin/gnu/h-x86_64-mingw32/bin/../lib/gcc/nios2-elf/5.3.0/../../../../../H-x86_64-mingw32/nios2-elf/lib/mno-hw-mul\libsmallc.a(lib_a-memcmp.o)
                0x000000000000935c                memcmp
 .text          0x000000000000938c        0x0 d:/intelfpga_lite/18.1/nios2eds/bin/gnu/h-x86_64-mingw32/bin/../lib/gcc/nios2-elf/5.3.0/../../../../../H-x86_64-mingw32/nios2-elf/lib/mno-hw-mul\libsmallc.a(lib_a-strlen.o)
 .text.strlen   0x000000000000938c       0x1c d:/intelfpga_lite/18.1/nios2eds/bin/gnu/h-x86_64-mingw32/bin/../lib/gcc/nios2-elf/5.3.0/../../../../../H-x86_64-mingw32/nios2-elf/lib/mno-hw-mul\libsmallc.a(lib_a-strlen.o)
                0x000000000000938c                strlen
 .text          0x00000000000093a8        0x0 d:/intelfpga_lite/18.1/nios2eds/bin/gnu/h-x86_64-mingw32/bin/../lib/gcc/nios2-elf/5.3.0/../../../../../H-x86_64-mingw32/nios2-elf/lib/mno-hw-mul\libsmallc.a(lib_a-__atexit.o)
 .text.__register_exitproc
                0x00000000000093a8      0x158 d:/intelfpga_lite/18.1/nios2eds/bin/gnu/h-x86_64-mingw32/bin/../lib/gcc/nios2-elf/5.3.0/../../../../../H-x86_64-mingw32/nios2-elf/lib/mno-hw-mul\libsmallc.a(lib_a-__atexit.o)
                0x00000000000093a8                __register_exitproc
 .text          0x0000000000009500        0x0 d:/intelfpga_lite/18.1/nios2eds/bin/gnu/h-x86_64-mingw32/bin/../lib/gcc/nios2-elf/5.3.0/../../../../../H-x86_64-mingw32/nios2-elf/lib/mno-hw-mul\libsmallc.a(lib_a-__call_atexit.o)
 .text.__call_exitprocs
                0x0000000000009500      0x190 d:/intelfpga_lite/18.1/nios2eds/bin/gnu/h-x86_64-mingw32/bin/../lib/gcc/nios2-elf/5.3.0/../../../../../H-x86_64-mingw32/nios2-elf/lib/mno-hw-mul\libsmallc.a(lib_a-__call_atexit.o)
                0x0000000000009500                __call_exitprocs
 .text          0x0000000000009690        0x0 d:/intelfpga_lite/18.1/nios2eds/bin/gnu/h-x86_64-mingw32/bin/../lib/gcc/nios2-elf/5.3.0/../../../../../H-x86_64-mingw32/nios2-elf/lib/mno-hw-mul\libsmallc.a(lib_a-impure.o)
 .text          0x0000000000009690       0x34 ../Prj1_bsp/\libhal_bsp.a(alt_exit.o)
                0x0000000000009690                _exit
 *(.gnu.warning.*)
 *(.fini)
                [!provide]                        PROVIDE (__etext, ABSOLUTE (.))
                [!provide]                        PROVIDE (_etext, ABSOLUTE (.))
                [!provide]                        PROVIDE (etext, ABSOLUTE (.))
 *(.eh_frame_hdr)
                0x00000000000096c4                . = ALIGN (0x4)
                [!provide]                        PROVIDE (__preinit_array_start, ABSOLUTE (.))
 *(.preinit_array)
                [!provide]                        PROVIDE (__preinit_array_end, ABSOLUTE (.))
                [!provide]                        PROVIDE (__init_array_start, ABSOLUTE (.))
 *(.init_array)
                [!provide]                        PROVIDE (__init_array_end, ABSOLUTE (.))
                [!provide]                        PROVIDE (__fini_array_start, ABSOLUTE (.))
 *(.fini_array)
                [!provide]                        PROVIDE (__fini_array_end, ABSOLUTE (.))
 *(.eh_frame)
 *(.gcc_except_table .gcc_except_table.*)
 *(.dynamic)
                0x00000000000096c4                PROVIDE (__CTOR_LIST__, ABSOLUTE (.))
 *(.ctors)
 *(SORT(.ctors.*))
                0x00000000000096c4                PROVIDE (__CTOR_END__, ABSOLUTE (.))
                0x00000000000096c4                PROVIDE (__DTOR_LIST__, ABSOLUTE (.))
 *(.dtors)
 *(SORT(.dtors.*))
                0x00000000000096c4                PROVIDE (__DTOR_END__, ABSOLUTE (.))
 *(.jcr)
                0x00000000000096c4                . = ALIGN (0x4)

.rodata         0x00000000000096c4       0x34
                0x00000000000096c4                PROVIDE (__ram_rodata_start, ABSOLUTE (.))
                0x00000000000096c4                . = ALIGN (0x4)
 *(.rodata .rodata.* .gnu.linkonce.r.*)
 .rodata        0x00000000000096c4       0x11 ../Prj1_bsp/\libhal_bsp.a(alt_main.o)
 *fill*         0x00000000000096d5        0x3 
 .rodata        0x00000000000096d8       0x11 ../Prj1_bsp/\libhal_bsp.a(alt_sys_init.o)
 *fill*         0x00000000000096e9        0x3 
 .rodata        0x00000000000096ec        0xa ../Prj1_bsp/\libhal_bsp.a(alt_dev.o)
 *(.rodata1)
                0x00000000000096f8                . = ALIGN (0x4)
 *fill*         0x00000000000096f6        0x2 
                0x00000000000096f8                PROVIDE (__ram_rodata_end, ABSOLUTE (.))
                0x00000000000096c4                PROVIDE (__flash_rodata_start, LOADADDR (.rodata))

.rwdata         0x00000000000096f8      0x2e0 load address 0x00000000000099d8
                0x00000000000096f8                PROVIDE (__ram_rwdata_start, ABSOLUTE (.))
                0x00000000000096f8                . = ALIGN (0x4)
 *(.got.plt)
 *(.got)
 *(.data1)
 *(.data .data.* .gnu.linkonce.d.*)
 .data          0x00000000000096f8        0x0 ../Prj1_bsp//obj/HAL/src/crt0.o
 .data          0x00000000000096f8        0xa obj/default/source.o
                0x00000000000096f8                seg7
 .data          0x0000000000009702        0x0 d:/intelfpga_lite/18.1/nios2eds/bin/gnu/h-x86_64-mingw32/bin/../lib/gcc/nios2-elf/5.3.0/mno-hw-mul\libgcc.a(lib2-divmod.o)
 .data          0x0000000000009702        0x0 d:/intelfpga_lite/18.1/nios2eds/bin/gnu/h-x86_64-mingw32/bin/../lib/gcc/nios2-elf/5.3.0/mno-hw-mul\libgcc.a(lib2-mul.o)
 .data          0x0000000000009702        0x0 ../Prj1_bsp/\libhal_bsp.a(alt_load.o)
 .data          0x0000000000009702        0x0 ../Prj1_bsp/\libhal_bsp.a(alt_main.o)
 *fill*         0x0000000000009702        0x2 
 .data          0x0000000000009704       0x2c ../Prj1_bsp/\libhal_bsp.a(alt_sys_init.o)
 .data          0x0000000000009730        0x0 ../Prj1_bsp/\libhal_bsp.a(altera_avalon_jtag_uart_fd.o)
 .data          0x0000000000009730        0x0 ../Prj1_bsp/\libhal_bsp.a(altera_avalon_jtag_uart_read.o)
 .data          0x0000000000009730        0x0 ../Prj1_bsp/\libhal_bsp.a(altera_avalon_jtag_uart_write.o)
 .data          0x0000000000009730        0x0 ../Prj1_bsp/\libhal_bsp.a(alt_close.o)
 .data          0x0000000000009730        0x0 ../Prj1_bsp/\libhal_bsp.a(alt_dcache_flush_all.o)
 .data          0x0000000000009730      0x1a8 ../Prj1_bsp/\libhal_bsp.a(alt_dev.o)
                0x0000000000009730                alt_dev_null
                0x0000000000009758                alt_fd_list
 .data          0x00000000000098d8        0x0 ../Prj1_bsp/\libhal_bsp.a(alt_dev_llist_insert.o)
 .data          0x00000000000098d8        0x0 ../Prj1_bsp/\libhal_bsp.a(alt_do_ctors.o)
 .data          0x00000000000098d8        0x0 ../Prj1_bsp/\libhal_bsp.a(alt_do_dtors.o)
 .data          0x00000000000098d8        0x0 ../Prj1_bsp/\libhal_bsp.a(alt_errno.o)
 .data          0x00000000000098d8        0x0 ../Prj1_bsp/\libhal_bsp.a(alt_icache_flush_all.o)
 .data          0x00000000000098d8        0x0 ../Prj1_bsp/\libhal_bsp.a(alt_io_redirect.o)
 .data          0x00000000000098d8        0x0 ../Prj1_bsp/\libhal_bsp.a(alt_open.o)
 .data          0x00000000000098d8        0x0 ../Prj1_bsp/\libhal_bsp.a(alt_release_fd.o)
 .data          0x00000000000098d8        0x0 ../Prj1_bsp/\libhal_bsp.a(altera_nios2_gen2_irq.o)
 .data          0x00000000000098d8        0x0 ../Prj1_bsp/\libhal_bsp.a(alt_find_dev.o)
 .data          0x00000000000098d8        0x0 ../Prj1_bsp/\libhal_bsp.a(alt_find_file.o)
 .data          0x00000000000098d8        0x0 ../Prj1_bsp/\libhal_bsp.a(alt_get_fd.o)
 .data          0x00000000000098d8        0x0 d:/intelfpga_lite/18.1/nios2eds/bin/gnu/h-x86_64-mingw32/bin/../lib/gcc/nios2-elf/5.3.0/../../../../../H-x86_64-mingw32/nios2-elf/lib/mno-hw-mul\libsmallc.a(lib_a-atexit.o)
 .data          0x00000000000098d8        0x0 d:/intelfpga_lite/18.1/nios2eds/bin/gnu/h-x86_64-mingw32/bin/../lib/gcc/nios2-elf/5.3.0/../../../../../H-x86_64-mingw32/nios2-elf/lib/mno-hw-mul\libsmallc.a(lib_a-exit.o)
 .data          0x00000000000098d8        0x0 d:/intelfpga_lite/18.1/nios2eds/bin/gnu/h-x86_64-mingw32/bin/../lib/gcc/nios2-elf/5.3.0/../../../../../H-x86_64-mingw32/nios2-elf/lib/mno-hw-mul\libsmallc.a(lib_a-int_errno.o)
 .data          0x00000000000098d8        0x0 d:/intelfpga_lite/18.1/nios2eds/bin/gnu/h-x86_64-mingw32/bin/../lib/gcc/nios2-elf/5.3.0/../../../../../H-x86_64-mingw32/nios2-elf/lib/mno-hw-mul\libsmallc.a(lib_a-memcmp.o)
 .data          0x00000000000098d8        0x0 d:/intelfpga_lite/18.1/nios2eds/bin/gnu/h-x86_64-mingw32/bin/../lib/gcc/nios2-elf/5.3.0/../../../../../H-x86_64-mingw32/nios2-elf/lib/mno-hw-mul\libsmallc.a(lib_a-strlen.o)
 .data          0x00000000000098d8        0x0 d:/intelfpga_lite/18.1/nios2eds/bin/gnu/h-x86_64-mingw32/bin/../lib/gcc/nios2-elf/5.3.0/../../../../../H-x86_64-mingw32/nios2-elf/lib/mno-hw-mul\libsmallc.a(lib_a-__atexit.o)
 .data          0x00000000000098d8        0x0 d:/intelfpga_lite/18.1/nios2eds/bin/gnu/h-x86_64-mingw32/bin/../lib/gcc/nios2-elf/5.3.0/../../../../../H-x86_64-mingw32/nios2-elf/lib/mno-hw-mul\libsmallc.a(lib_a-__call_atexit.o)
 .data          0x00000000000098d8        0x0 d:/intelfpga_lite/18.1/nios2eds/bin/gnu/h-x86_64-mingw32/bin/../lib/gcc/nios2-elf/5.3.0/../../../../../H-x86_64-mingw32/nios2-elf/lib/mno-hw-mul\libsmallc.a(lib_a-impure.o)
 .data.impure_data
                0x00000000000098d8       0xe0 d:/intelfpga_lite/18.1/nios2eds/bin/gnu/h-x86_64-mingw32/bin/../lib/gcc/nios2-elf/5.3.0/../../../../../H-x86_64-mingw32/nios2-elf/lib/mno-hw-mul\libsmallc.a(lib_a-impure.o)
 .data          0x00000000000099b8        0x0 ../Prj1_bsp/\libhal_bsp.a(alt_exit.o)
                0x00000000000119b8                _gp = ABSOLUTE ((. + 0x8000))
                [!provide]                        PROVIDE (gp, _gp)
 *(.rwdata .rwdata.*)
 *(.sdata .sdata.* .gnu.linkonce.s.*)
 .sdata         0x00000000000099b8       0x14 ../Prj1_bsp/\libhal_bsp.a(alt_dev.o)
                0x00000000000099b8                alt_fs_list
                0x00000000000099c0                alt_dev_list
                0x00000000000099c8                alt_max_fd
 .sdata         0x00000000000099cc        0x4 ../Prj1_bsp/\libhal_bsp.a(alt_errno.o)
                0x00000000000099cc                alt_errno
 .sdata._global_impure_ptr
                0x00000000000099d0        0x4 d:/intelfpga_lite/18.1/nios2eds/bin/gnu/h-x86_64-mingw32/bin/../lib/gcc/nios2-elf/5.3.0/../../../../../H-x86_64-mingw32/nios2-elf/lib/mno-hw-mul\libsmallc.a(lib_a-impure.o)
                0x00000000000099d0                _global_impure_ptr
 .sdata._impure_ptr
                0x00000000000099d4        0x4 d:/intelfpga_lite/18.1/nios2eds/bin/gnu/h-x86_64-mingw32/bin/../lib/gcc/nios2-elf/5.3.0/../../../../../H-x86_64-mingw32/nios2-elf/lib/mno-hw-mul\libsmallc.a(lib_a-impure.o)
                0x00000000000099d4                _impure_ptr
 *(.sdata2 .sdata2.* .gnu.linkonce.s2.*)
                0x00000000000099d8                . = ALIGN (0x4)
                0x00000000000099d8                _edata = ABSOLUTE (.)
                [!provide]                        PROVIDE (edata, ABSOLUTE (.))
                0x00000000000099d8                PROVIDE (__ram_rwdata_end, ABSOLUTE (.))
                0x00000000000099d8                PROVIDE (__flash_rwdata_start, LOADADDR (.rwdata))

.bss            0x0000000000009cb8       0x10
                0x0000000000009cb8                __bss_start = ABSOLUTE (.)
                [!provide]                        PROVIDE (__sbss_start, ABSOLUTE (.))
                [!provide]                        PROVIDE (___sbss_start, ABSOLUTE (.))
 *(.dynsbss)
 *(.sbss .sbss.* .gnu.linkonce.sb.*)
 .sbss          0x0000000000009cb8        0xc ../Prj1_bsp/\libhal_bsp.a(alt_main.o)
                0x0000000000009cb8                alt_argc
                0x0000000000009cbc                alt_argv
                0x0000000000009cc0                alt_envp
 .sbss          0x0000000000009cc4        0x4 d:/intelfpga_lite/18.1/nios2eds/bin/gnu/h-x86_64-mingw32/bin/../lib/gcc/nios2-elf/5.3.0/../../../../../H-x86_64-mingw32/nios2-elf/lib/mno-hw-mul\libsmallc.a(lib_a-int_errno.o)
                0x0000000000009cc4                errno
 *(.sbss2 .sbss2.* .gnu.linkonce.sb2.*)
 *(.scommon)
                [!provide]                        PROVIDE (__sbss_end, ABSOLUTE (.))
                [!provide]                        PROVIDE (___sbss_end, ABSOLUTE (.))
 *(.dynbss)
 *(.bss .bss.* .gnu.linkonce.b.*)
 .bss           0x0000000000009cc8        0x0 ../Prj1_bsp//obj/HAL/src/crt0.o
 .bss           0x0000000000009cc8        0x0 obj/default/source.o
 .bss           0x0000000000009cc8        0x0 d:/intelfpga_lite/18.1/nios2eds/bin/gnu/h-x86_64-mingw32/bin/../lib/gcc/nios2-elf/5.3.0/mno-hw-mul\libgcc.a(lib2-divmod.o)
 .bss           0x0000000000009cc8        0x0 d:/intelfpga_lite/18.1/nios2eds/bin/gnu/h-x86_64-mingw32/bin/../lib/gcc/nios2-elf/5.3.0/mno-hw-mul\libgcc.a(lib2-mul.o)
 .bss           0x0000000000009cc8        0x0 ../Prj1_bsp/\libhal_bsp.a(alt_load.o)
 .bss           0x0000000000009cc8        0x0 ../Prj1_bsp/\libhal_bsp.a(alt_main.o)
 .bss           0x0000000000009cc8        0x0 ../Prj1_bsp/\libhal_bsp.a(alt_sys_init.o)
 .bss           0x0000000000009cc8        0x0 ../Prj1_bsp/\libhal_bsp.a(altera_avalon_jtag_uart_fd.o)
 .bss           0x0000000000009cc8        0x0 ../Prj1_bsp/\libhal_bsp.a(altera_avalon_jtag_uart_read.o)
 .bss           0x0000000000009cc8        0x0 ../Prj1_bsp/\libhal_bsp.a(altera_avalon_jtag_uart_write.o)
 .bss           0x0000000000009cc8        0x0 ../Prj1_bsp/\libhal_bsp.a(alt_close.o)
 .bss           0x0000000000009cc8        0x0 ../Prj1_bsp/\libhal_bsp.a(alt_dcache_flush_all.o)
 .bss           0x0000000000009cc8        0x0 ../Prj1_bsp/\libhal_bsp.a(alt_dev.o)
 .bss           0x0000000000009cc8        0x0 ../Prj1_bsp/\libhal_bsp.a(alt_dev_llist_insert.o)
 .bss           0x0000000000009cc8        0x0 ../Prj1_bsp/\libhal_bsp.a(alt_do_ctors.o)
 .bss           0x0000000000009cc8        0x0 ../Prj1_bsp/\libhal_bsp.a(alt_do_dtors.o)
 .bss           0x0000000000009cc8        0x0 ../Prj1_bsp/\libhal_bsp.a(alt_errno.o)
 .bss           0x0000000000009cc8        0x0 ../Prj1_bsp/\libhal_bsp.a(alt_icache_flush_all.o)
 .bss           0x0000000000009cc8        0x0 ../Prj1_bsp/\libhal_bsp.a(alt_io_redirect.o)
 .bss           0x0000000000009cc8        0x0 ../Prj1_bsp/\libhal_bsp.a(alt_open.o)
 .bss           0x0000000000009cc8        0x0 ../Prj1_bsp/\libhal_bsp.a(alt_release_fd.o)
 .bss           0x0000000000009cc8        0x0 ../Prj1_bsp/\libhal_bsp.a(altera_nios2_gen2_irq.o)
 .bss           0x0000000000009cc8        0x0 ../Prj1_bsp/\libhal_bsp.a(alt_find_dev.o)
 .bss           0x0000000000009cc8        0x0 ../Prj1_bsp/\libhal_bsp.a(alt_find_file.o)
 .bss           0x0000000000009cc8        0x0 ../Prj1_bsp/\libhal_bsp.a(alt_get_fd.o)
 .bss           0x0000000000009cc8        0x0 d:/intelfpga_lite/18.1/nios2eds/bin/gnu/h-x86_64-mingw32/bin/../lib/gcc/nios2-elf/5.3.0/../../../../../H-x86_64-mingw32/nios2-elf/lib/mno-hw-mul\libsmallc.a(lib_a-atexit.o)
 .bss           0x0000000000009cc8        0x0 d:/intelfpga_lite/18.1/nios2eds/bin/gnu/h-x86_64-mingw32/bin/../lib/gcc/nios2-elf/5.3.0/../../../../../H-x86_64-mingw32/nios2-elf/lib/mno-hw-mul\libsmallc.a(lib_a-exit.o)
 .bss           0x0000000000009cc8        0x0 d:/intelfpga_lite/18.1/nios2eds/bin/gnu/h-x86_64-mingw32/bin/../lib/gcc/nios2-elf/5.3.0/../../../../../H-x86_64-mingw32/nios2-elf/lib/mno-hw-mul\libsmallc.a(lib_a-int_errno.o)
 .bss           0x0000000000009cc8        0x0 d:/intelfpga_lite/18.1/nios2eds/bin/gnu/h-x86_64-mingw32/bin/../lib/gcc/nios2-elf/5.3.0/../../../../../H-x86_64-mingw32/nios2-elf/lib/mno-hw-mul\libsmallc.a(lib_a-memcmp.o)
 .bss           0x0000000000009cc8        0x0 d:/intelfpga_lite/18.1/nios2eds/bin/gnu/h-x86_64-mingw32/bin/../lib/gcc/nios2-elf/5.3.0/../../../../../H-x86_64-mingw32/nios2-elf/lib/mno-hw-mul\libsmallc.a(lib_a-strlen.o)
 .bss           0x0000000000009cc8        0x0 d:/intelfpga_lite/18.1/nios2eds/bin/gnu/h-x86_64-mingw32/bin/../lib/gcc/nios2-elf/5.3.0/../../../../../H-x86_64-mingw32/nios2-elf/lib/mno-hw-mul\libsmallc.a(lib_a-__atexit.o)
 .bss           0x0000000000009cc8        0x0 d:/intelfpga_lite/18.1/nios2eds/bin/gnu/h-x86_64-mingw32/bin/../lib/gcc/nios2-elf/5.3.0/../../../../../H-x86_64-mingw32/nios2-elf/lib/mno-hw-mul\libsmallc.a(lib_a-__call_atexit.o)
 .bss           0x0000000000009cc8        0x0 d:/intelfpga_lite/18.1/nios2eds/bin/gnu/h-x86_64-mingw32/bin/../lib/gcc/nios2-elf/5.3.0/../../../../../H-x86_64-mingw32/nios2-elf/lib/mno-hw-mul\libsmallc.a(lib_a-impure.o)
 .bss           0x0000000000009cc8        0x0 ../Prj1_bsp/\libhal_bsp.a(alt_exit.o)
 *(COMMON)
                0x0000000000009cc8                . = ALIGN (0x4)
                0x0000000000009cc8                __bss_end = ABSOLUTE (.)

.onchip_memory2_0
                0x0000000000009cc8        0x0
                [!provide]                        PROVIDE (_alt_partition_onchip_memory2_0_start, ABSOLUTE (.))
 *(.onchip_memory2_0 .onchip_memory2_0. onchip_memory2_0.*)
                0x0000000000009cc8                . = ALIGN (0x4)
                [!provide]                        PROVIDE (_alt_partition_onchip_memory2_0_end, ABSOLUTE (.))
                0x0000000000009cc8                _end = ABSOLUTE (.)
                0x0000000000009cc8                end = ABSOLUTE (.)
                0x0000000000009cc8                __alt_stack_base = ABSOLUTE (.)
                [!provide]                        PROVIDE (_alt_partition_onchip_memory2_0_load_addr, LOADADDR (.onchip_memory2_0))

.stab
 *(.stab)

.stabstr
 *(.stabstr)

.stab.excl
 *(.stab.excl)

.stab.exclstr
 *(.stab.exclstr)

.stab.index
 *(.stab.index)

.stab.indexstr
 *(.stab.indexstr)

.comment        0x0000000000000000       0x23
 *(.comment)
 .comment       0x0000000000000000       0x23 obj/default/source.o
                                         0x24 (size before relaxing)
 .comment       0x0000000000000023       0x24 d:/intelfpga_lite/18.1/nios2eds/bin/gnu/h-x86_64-mingw32/bin/../lib/gcc/nios2-elf/5.3.0/mno-hw-mul\libgcc.a(lib2-divmod.o)
 .comment       0x0000000000000023       0x24 d:/intelfpga_lite/18.1/nios2eds/bin/gnu/h-x86_64-mingw32/bin/../lib/gcc/nios2-elf/5.3.0/mno-hw-mul\libgcc.a(lib2-mul.o)
 .comment       0x0000000000000023       0x24 ../Prj1_bsp/\libhal_bsp.a(alt_load.o)
 .comment       0x0000000000000023       0x24 ../Prj1_bsp/\libhal_bsp.a(alt_main.o)
 .comment       0x0000000000000023       0x24 ../Prj1_bsp/\libhal_bsp.a(alt_sys_init.o)
 .comment       0x0000000000000023       0x24 ../Prj1_bsp/\libhal_bsp.a(altera_avalon_jtag_uart_fd.o)
 .comment       0x0000000000000023       0x24 ../Prj1_bsp/\libhal_bsp.a(altera_avalon_jtag_uart_read.o)
 .comment       0x0000000000000023       0x24 ../Prj1_bsp/\libhal_bsp.a(altera_avalon_jtag_uart_write.o)
 .comment       0x0000000000000023       0x24 ../Prj1_bsp/\libhal_bsp.a(alt_close.o)
 .comment       0x0000000000000023       0x24 ../Prj1_bsp/\libhal_bsp.a(alt_dcache_flush_all.o)
 .comment       0x0000000000000023       0x24 ../Prj1_bsp/\libhal_bsp.a(alt_dev.o)
 .comment       0x0000000000000023       0x24 ../Prj1_bsp/\libhal_bsp.a(alt_dev_llist_insert.o)
 .comment       0x0000000000000023       0x24 ../Prj1_bsp/\libhal_bsp.a(alt_do_ctors.o)
 .comment       0x0000000000000023       0x24 ../Prj1_bsp/\libhal_bsp.a(alt_do_dtors.o)
 .comment       0x0000000000000023       0x24 ../Prj1_bsp/\libhal_bsp.a(alt_errno.o)
 .comment       0x0000000000000023       0x24 ../Prj1_bsp/\libhal_bsp.a(alt_icache_flush_all.o)
 .comment       0x0000000000000023       0x24 ../Prj1_bsp/\libhal_bsp.a(alt_io_redirect.o)
 .comment       0x0000000000000023       0x24 ../Prj1_bsp/\libhal_bsp.a(alt_open.o)
 .comment       0x0000000000000023       0x24 ../Prj1_bsp/\libhal_bsp.a(alt_release_fd.o)
 .comment       0x0000000000000023       0x24 ../Prj1_bsp/\libhal_bsp.a(altera_nios2_gen2_irq.o)
 .comment       0x0000000000000023       0x24 ../Prj1_bsp/\libhal_bsp.a(alt_find_dev.o)
 .comment       0x0000000000000023       0x24 ../Prj1_bsp/\libhal_bsp.a(alt_find_file.o)
 .comment       0x0000000000000023       0x24 ../Prj1_bsp/\libhal_bsp.a(alt_get_fd.o)
 .comment       0x0000000000000023       0x24 d:/intelfpga_lite/18.1/nios2eds/bin/gnu/h-x86_64-mingw32/bin/../lib/gcc/nios2-elf/5.3.0/../../../../../H-x86_64-mingw32/nios2-elf/lib/mno-hw-mul\libsmallc.a(lib_a-atexit.o)
 .comment       0x0000000000000023       0x24 d:/intelfpga_lite/18.1/nios2eds/bin/gnu/h-x86_64-mingw32/bin/../lib/gcc/nios2-elf/5.3.0/../../../../../H-x86_64-mingw32/nios2-elf/lib/mno-hw-mul\libsmallc.a(lib_a-exit.o)
 .comment       0x0000000000000023       0x24 d:/intelfpga_lite/18.1/nios2eds/bin/gnu/h-x86_64-mingw32/bin/../lib/gcc/nios2-elf/5.3.0/../../../../../H-x86_64-mingw32/nios2-elf/lib/mno-hw-mul\libsmallc.a(lib_a-int_errno.o)
 .comment       0x0000000000000023       0x24 d:/intelfpga_lite/18.1/nios2eds/bin/gnu/h-x86_64-mingw32/bin/../lib/gcc/nios2-elf/5.3.0/../../../../../H-x86_64-mingw32/nios2-elf/lib/mno-hw-mul\libsmallc.a(lib_a-memcmp.o)
 .comment       0x0000000000000023       0x24 d:/intelfpga_lite/18.1/nios2eds/bin/gnu/h-x86_64-mingw32/bin/../lib/gcc/nios2-elf/5.3.0/../../../../../H-x86_64-mingw32/nios2-elf/lib/mno-hw-mul\libsmallc.a(lib_a-strlen.o)
 .comment       0x0000000000000023       0x24 d:/intelfpga_lite/18.1/nios2eds/bin/gnu/h-x86_64-mingw32/bin/../lib/gcc/nios2-elf/5.3.0/../../../../../H-x86_64-mingw32/nios2-elf/lib/mno-hw-mul\libsmallc.a(lib_a-__atexit.o)
 .comment       0x0000000000000023       0x24 d:/intelfpga_lite/18.1/nios2eds/bin/gnu/h-x86_64-mingw32/bin/../lib/gcc/nios2-elf/5.3.0/../../../../../H-x86_64-mingw32/nios2-elf/lib/mno-hw-mul\libsmallc.a(lib_a-__call_atexit.o)
 .comment       0x0000000000000023       0x24 d:/intelfpga_lite/18.1/nios2eds/bin/gnu/h-x86_64-mingw32/bin/../lib/gcc/nios2-elf/5.3.0/../../../../../H-x86_64-mingw32/nios2-elf/lib/mno-hw-mul\libsmallc.a(lib_a-impure.o)
 .comment       0x0000000000000023       0x24 ../Prj1_bsp/\libhal_bsp.a(alt_exit.o)

.debug
 *(.debug)

.line
 *(.line)

.debug_srcinfo
 *(.debug_srcinfo)

.debug_sfnames
 *(.debug_sfnames)

.debug_aranges  0x0000000000000000      0x430
 *(.debug_aranges)
 .debug_aranges
                0x0000000000000000       0x28 ../Prj1_bsp//obj/HAL/src/crt0.o
 .debug_aranges
                0x0000000000000028       0x20 obj/default/source.o
 .debug_aranges
                0x0000000000000048       0x20 d:/intelfpga_lite/18.1/nios2eds/bin/gnu/h-x86_64-mingw32/bin/../lib/gcc/nios2-elf/5.3.0/mno-hw-mul\libgcc.a(lib2-divmod.o)
 .debug_aranges
                0x0000000000000068       0x20 d:/intelfpga_lite/18.1/nios2eds/bin/gnu/h-x86_64-mingw32/bin/../lib/gcc/nios2-elf/5.3.0/mno-hw-mul\libgcc.a(lib2-mul.o)
 .debug_aranges
                0x0000000000000088       0x20 ../Prj1_bsp/\libhal_bsp.a(alt_load.o)
 .debug_aranges
                0x00000000000000a8       0x20 ../Prj1_bsp/\libhal_bsp.a(alt_main.o)
 .debug_aranges
                0x00000000000000c8       0x20 ../Prj1_bsp/\libhal_bsp.a(alt_sys_init.o)
 .debug_aranges
                0x00000000000000e8       0x20 ../Prj1_bsp/\libhal_bsp.a(altera_avalon_jtag_uart_fd.o)
 .debug_aranges
                0x0000000000000108       0x20 ../Prj1_bsp/\libhal_bsp.a(altera_avalon_jtag_uart_read.o)
 .debug_aranges
                0x0000000000000128       0x20 ../Prj1_bsp/\libhal_bsp.a(altera_avalon_jtag_uart_write.o)
 .debug_aranges
                0x0000000000000148       0x20 ../Prj1_bsp/\libhal_bsp.a(alt_close.o)
 .debug_aranges
                0x0000000000000168       0x20 ../Prj1_bsp/\libhal_bsp.a(alt_dcache_flush_all.o)
 .debug_aranges
                0x0000000000000188       0x20 ../Prj1_bsp/\libhal_bsp.a(alt_dev.o)
 .debug_aranges
                0x00000000000001a8       0x20 ../Prj1_bsp/\libhal_bsp.a(alt_dev_llist_insert.o)
 .debug_aranges
                0x00000000000001c8       0x20 ../Prj1_bsp/\libhal_bsp.a(alt_do_ctors.o)
 .debug_aranges
                0x00000000000001e8       0x20 ../Prj1_bsp/\libhal_bsp.a(alt_do_dtors.o)
 .debug_aranges
                0x0000000000000208       0x18 ../Prj1_bsp/\libhal_bsp.a(alt_errno.o)
 .debug_aranges
                0x0000000000000220       0x20 ../Prj1_bsp/\libhal_bsp.a(alt_icache_flush_all.o)
 .debug_aranges
                0x0000000000000240       0x20 ../Prj1_bsp/\libhal_bsp.a(alt_io_redirect.o)
 .debug_aranges
                0x0000000000000260       0x20 ../Prj1_bsp/\libhal_bsp.a(alt_open.o)
 .debug_aranges
                0x0000000000000280       0x20 ../Prj1_bsp/\libhal_bsp.a(alt_release_fd.o)
 .debug_aranges
                0x00000000000002a0       0x20 ../Prj1_bsp/\libhal_bsp.a(altera_nios2_gen2_irq.o)
 .debug_aranges
                0x00000000000002c0       0x20 ../Prj1_bsp/\libhal_bsp.a(alt_find_dev.o)
 .debug_aranges
                0x00000000000002e0       0x20 ../Prj1_bsp/\libhal_bsp.a(alt_find_file.o)
 .debug_aranges
                0x0000000000000300       0x20 ../Prj1_bsp/\libhal_bsp.a(alt_get_fd.o)
 .debug_aranges
                0x0000000000000320       0x20 d:/intelfpga_lite/18.1/nios2eds/bin/gnu/h-x86_64-mingw32/bin/../lib/gcc/nios2-elf/5.3.0/../../../../../H-x86_64-mingw32/nios2-elf/lib/mno-hw-mul\libsmallc.a(lib_a-atexit.o)
 .debug_aranges
                0x0000000000000340       0x20 d:/intelfpga_lite/18.1/nios2eds/bin/gnu/h-x86_64-mingw32/bin/../lib/gcc/nios2-elf/5.3.0/../../../../../H-x86_64-mingw32/nios2-elf/lib/mno-hw-mul\libsmallc.a(lib_a-exit.o)
 .debug_aranges
                0x0000000000000360       0x18 d:/intelfpga_lite/18.1/nios2eds/bin/gnu/h-x86_64-mingw32/bin/../lib/gcc/nios2-elf/5.3.0/../../../../../H-x86_64-mingw32/nios2-elf/lib/mno-hw-mul\libsmallc.a(lib_a-int_errno.o)
 .debug_aranges
                0x0000000000000378       0x20 d:/intelfpga_lite/18.1/nios2eds/bin/gnu/h-x86_64-mingw32/bin/../lib/gcc/nios2-elf/5.3.0/../../../../../H-x86_64-mingw32/nios2-elf/lib/mno-hw-mul\libsmallc.a(lib_a-memcmp.o)
 .debug_aranges
                0x0000000000000398       0x20 d:/intelfpga_lite/18.1/nios2eds/bin/gnu/h-x86_64-mingw32/bin/../lib/gcc/nios2-elf/5.3.0/../../../../../H-x86_64-mingw32/nios2-elf/lib/mno-hw-mul\libsmallc.a(lib_a-strlen.o)
 .debug_aranges
                0x00000000000003b8       0x20 d:/intelfpga_lite/18.1/nios2eds/bin/gnu/h-x86_64-mingw32/bin/../lib/gcc/nios2-elf/5.3.0/../../../../../H-x86_64-mingw32/nios2-elf/lib/mno-hw-mul\libsmallc.a(lib_a-__atexit.o)
 .debug_aranges
                0x00000000000003d8       0x20 d:/intelfpga_lite/18.1/nios2eds/bin/gnu/h-x86_64-mingw32/bin/../lib/gcc/nios2-elf/5.3.0/../../../../../H-x86_64-mingw32/nios2-elf/lib/mno-hw-mul\libsmallc.a(lib_a-__call_atexit.o)
 .debug_aranges
                0x00000000000003f8       0x18 d:/intelfpga_lite/18.1/nios2eds/bin/gnu/h-x86_64-mingw32/bin/../lib/gcc/nios2-elf/5.3.0/../../../../../H-x86_64-mingw32/nios2-elf/lib/mno-hw-mul\libsmallc.a(lib_a-impure.o)
 .debug_aranges
                0x0000000000000410       0x20 ../Prj1_bsp/\libhal_bsp.a(alt_exit.o)

.debug_pubnames
 *(.debug_pubnames)

.debug_info     0x0000000000000000     0x4aa2
 *(.debug_info .gnu.linkonce.wi.*)
 .debug_info    0x0000000000000000       0x5a ../Prj1_bsp//obj/HAL/src/crt0.o
 .debug_info    0x000000000000005a      0x166 obj/default/source.o
 .debug_info    0x00000000000001c0      0x2c6 d:/intelfpga_lite/18.1/nios2eds/bin/gnu/h-x86_64-mingw32/bin/../lib/gcc/nios2-elf/5.3.0/mno-hw-mul\libgcc.a(lib2-divmod.o)
 .debug_info    0x0000000000000486       0xb4 d:/intelfpga_lite/18.1/nios2eds/bin/gnu/h-x86_64-mingw32/bin/../lib/gcc/nios2-elf/5.3.0/mno-hw-mul\libgcc.a(lib2-mul.o)
 .debug_info    0x000000000000053a      0x145 ../Prj1_bsp/\libhal_bsp.a(alt_load.o)
 .debug_info    0x000000000000067f      0x131 ../Prj1_bsp/\libhal_bsp.a(alt_main.o)
 .debug_info    0x00000000000007b0      0x3c9 ../Prj1_bsp/\libhal_bsp.a(alt_sys_init.o)
 .debug_info    0x0000000000000b79      0x3a7 ../Prj1_bsp/\libhal_bsp.a(altera_avalon_jtag_uart_fd.o)
 .debug_info    0x0000000000000f20      0x1b2 ../Prj1_bsp/\libhal_bsp.a(altera_avalon_jtag_uart_read.o)
 .debug_info    0x00000000000010d2      0x195 ../Prj1_bsp/\libhal_bsp.a(altera_avalon_jtag_uart_write.o)
 .debug_info    0x0000000000001267      0x321 ../Prj1_bsp/\libhal_bsp.a(alt_close.o)
 .debug_info    0x0000000000001588       0x92 ../Prj1_bsp/\libhal_bsp.a(alt_dcache_flush_all.o)
 .debug_info    0x000000000000161a      0x49c ../Prj1_bsp/\libhal_bsp.a(alt_dev.o)
 .debug_info    0x0000000000001ab6      0x1a9 ../Prj1_bsp/\libhal_bsp.a(alt_dev_llist_insert.o)
 .debug_info    0x0000000000001c5f       0x83 ../Prj1_bsp/\libhal_bsp.a(alt_do_ctors.o)
 .debug_info    0x0000000000001ce2       0x83 ../Prj1_bsp/\libhal_bsp.a(alt_do_dtors.o)
 .debug_info    0x0000000000001d65       0xa6 ../Prj1_bsp/\libhal_bsp.a(alt_errno.o)
 .debug_info    0x0000000000001e0b       0x92 ../Prj1_bsp/\libhal_bsp.a(alt_icache_flush_all.o)
 .debug_info    0x0000000000001e9d      0x4a5 ../Prj1_bsp/\libhal_bsp.a(alt_io_redirect.o)
 .debug_info    0x0000000000002342      0x3bb ../Prj1_bsp/\libhal_bsp.a(alt_open.o)
 .debug_info    0x00000000000026fd      0x2b0 ../Prj1_bsp/\libhal_bsp.a(alt_release_fd.o)
 .debug_info    0x00000000000029ad       0x92 ../Prj1_bsp/\libhal_bsp.a(altera_nios2_gen2_irq.o)
 .debug_info    0x0000000000002a3f      0x2e9 ../Prj1_bsp/\libhal_bsp.a(alt_find_dev.o)
 .debug_info    0x0000000000002d28      0x2e6 ../Prj1_bsp/\libhal_bsp.a(alt_find_file.o)
 .debug_info    0x000000000000300e      0x310 ../Prj1_bsp/\libhal_bsp.a(alt_get_fd.o)
 .debug_info    0x000000000000331e       0xfe d:/intelfpga_lite/18.1/nios2eds/bin/gnu/h-x86_64-mingw32/bin/../lib/gcc/nios2-elf/5.3.0/../../../../../H-x86_64-mingw32/nios2-elf/lib/mno-hw-mul\libsmallc.a(lib_a-atexit.o)
 .debug_info    0x000000000000341c       0xe5 d:/intelfpga_lite/18.1/nios2eds/bin/gnu/h-x86_64-mingw32/bin/../lib/gcc/nios2-elf/5.3.0/../../../../../H-x86_64-mingw32/nios2-elf/lib/mno-hw-mul\libsmallc.a(lib_a-exit.o)
 .debug_info    0x0000000000003501       0x8a d:/intelfpga_lite/18.1/nios2eds/bin/gnu/h-x86_64-mingw32/bin/../lib/gcc/nios2-elf/5.3.0/../../../../../H-x86_64-mingw32/nios2-elf/lib/mno-hw-mul\libsmallc.a(lib_a-int_errno.o)
 .debug_info    0x000000000000358b       0xf4 d:/intelfpga_lite/18.1/nios2eds/bin/gnu/h-x86_64-mingw32/bin/../lib/gcc/nios2-elf/5.3.0/../../../../../H-x86_64-mingw32/nios2-elf/lib/mno-hw-mul\libsmallc.a(lib_a-memcmp.o)
 .debug_info    0x000000000000367f       0xc9 d:/intelfpga_lite/18.1/nios2eds/bin/gnu/h-x86_64-mingw32/bin/../lib/gcc/nios2-elf/5.3.0/../../../../../H-x86_64-mingw32/nios2-elf/lib/mno-hw-mul\libsmallc.a(lib_a-strlen.o)
 .debug_info    0x0000000000003748      0x64a d:/intelfpga_lite/18.1/nios2eds/bin/gnu/h-x86_64-mingw32/bin/../lib/gcc/nios2-elf/5.3.0/../../../../../H-x86_64-mingw32/nios2-elf/lib/mno-hw-mul\libsmallc.a(lib_a-__atexit.o)
 .debug_info    0x0000000000003d92      0x67b d:/intelfpga_lite/18.1/nios2eds/bin/gnu/h-x86_64-mingw32/bin/../lib/gcc/nios2-elf/5.3.0/../../../../../H-x86_64-mingw32/nios2-elf/lib/mno-hw-mul\libsmallc.a(lib_a-__call_atexit.o)
 .debug_info    0x000000000000440d      0x5a9 d:/intelfpga_lite/18.1/nios2eds/bin/gnu/h-x86_64-mingw32/bin/../lib/gcc/nios2-elf/5.3.0/../../../../../H-x86_64-mingw32/nios2-elf/lib/mno-hw-mul\libsmallc.a(lib_a-impure.o)
 .debug_info    0x00000000000049b6       0xec ../Prj1_bsp/\libhal_bsp.a(alt_exit.o)

.debug_abbrev   0x0000000000000000     0x1b18
 *(.debug_abbrev)
 .debug_abbrev  0x0000000000000000       0x12 ../Prj1_bsp//obj/HAL/src/crt0.o
 .debug_abbrev  0x0000000000000012       0xba obj/default/source.o
 .debug_abbrev  0x00000000000000cc      0x10e d:/intelfpga_lite/18.1/nios2eds/bin/gnu/h-x86_64-mingw32/bin/../lib/gcc/nios2-elf/5.3.0/mno-hw-mul\libgcc.a(lib2-divmod.o)
 .debug_abbrev  0x00000000000001da       0x6f d:/intelfpga_lite/18.1/nios2eds/bin/gnu/h-x86_64-mingw32/bin/../lib/gcc/nios2-elf/5.3.0/mno-hw-mul\libgcc.a(lib2-mul.o)
 .debug_abbrev  0x0000000000000249       0x9f ../Prj1_bsp/\libhal_bsp.a(alt_load.o)
 .debug_abbrev  0x00000000000002e8       0xba ../Prj1_bsp/\libhal_bsp.a(alt_main.o)
 .debug_abbrev  0x00000000000003a2      0x157 ../Prj1_bsp/\libhal_bsp.a(alt_sys_init.o)
 .debug_abbrev  0x00000000000004f9       0xf7 ../Prj1_bsp/\libhal_bsp.a(altera_avalon_jtag_uart_fd.o)
 .debug_abbrev  0x00000000000005f0       0xd5 ../Prj1_bsp/\libhal_bsp.a(altera_avalon_jtag_uart_read.o)
 .debug_abbrev  0x00000000000006c5       0xd5 ../Prj1_bsp/\libhal_bsp.a(altera_avalon_jtag_uart_write.o)
 .debug_abbrev  0x000000000000079a      0x11f ../Prj1_bsp/\libhal_bsp.a(alt_close.o)
 .debug_abbrev  0x00000000000008b9       0x42 ../Prj1_bsp/\libhal_bsp.a(alt_dcache_flush_all.o)
 .debug_abbrev  0x00000000000008fb       0xd9 ../Prj1_bsp/\libhal_bsp.a(alt_dev.o)
 .debug_abbrev  0x00000000000009d4      0x114 ../Prj1_bsp/\libhal_bsp.a(alt_dev_llist_insert.o)
 .debug_abbrev  0x0000000000000ae8       0x79 ../Prj1_bsp/\libhal_bsp.a(alt_do_ctors.o)
 .debug_abbrev  0x0000000000000b61       0x79 ../Prj1_bsp/\libhal_bsp.a(alt_do_dtors.o)
 .debug_abbrev  0x0000000000000bda       0x5a ../Prj1_bsp/\libhal_bsp.a(alt_errno.o)
 .debug_abbrev  0x0000000000000c34       0x42 ../Prj1_bsp/\libhal_bsp.a(alt_icache_flush_all.o)
 .debug_abbrev  0x0000000000000c76      0x114 ../Prj1_bsp/\libhal_bsp.a(alt_io_redirect.o)
 .debug_abbrev  0x0000000000000d8a      0x148 ../Prj1_bsp/\libhal_bsp.a(alt_open.o)
 .debug_abbrev  0x0000000000000ed2       0xde ../Prj1_bsp/\libhal_bsp.a(alt_release_fd.o)
 .debug_abbrev  0x0000000000000fb0       0x42 ../Prj1_bsp/\libhal_bsp.a(altera_nios2_gen2_irq.o)
 .debug_abbrev  0x0000000000000ff2       0xf0 ../Prj1_bsp/\libhal_bsp.a(alt_find_dev.o)
 .debug_abbrev  0x00000000000010e2       0xf0 ../Prj1_bsp/\libhal_bsp.a(alt_find_file.o)
 .debug_abbrev  0x00000000000011d2      0x10d ../Prj1_bsp/\libhal_bsp.a(alt_get_fd.o)
 .debug_abbrev  0x00000000000012df       0xaa d:/intelfpga_lite/18.1/nios2eds/bin/gnu/h-x86_64-mingw32/bin/../lib/gcc/nios2-elf/5.3.0/../../../../../H-x86_64-mingw32/nios2-elf/lib/mno-hw-mul\libsmallc.a(lib_a-atexit.o)
 .debug_abbrev  0x0000000000001389       0x8b d:/intelfpga_lite/18.1/nios2eds/bin/gnu/h-x86_64-mingw32/bin/../lib/gcc/nios2-elf/5.3.0/../../../../../H-x86_64-mingw32/nios2-elf/lib/mno-hw-mul\libsmallc.a(lib_a-exit.o)
 .debug_abbrev  0x0000000000001414       0x37 d:/intelfpga_lite/18.1/nios2eds/bin/gnu/h-x86_64-mingw32/bin/../lib/gcc/nios2-elf/5.3.0/../../../../../H-x86_64-mingw32/nios2-elf/lib/mno-hw-mul\libsmallc.a(lib_a-int_errno.o)
 .debug_abbrev  0x000000000000144b       0x7f d:/intelfpga_lite/18.1/nios2eds/bin/gnu/h-x86_64-mingw32/bin/../lib/gcc/nios2-elf/5.3.0/../../../../../H-x86_64-mingw32/nios2-elf/lib/mno-hw-mul\libsmallc.a(lib_a-memcmp.o)
 .debug_abbrev  0x00000000000014ca       0x7f d:/intelfpga_lite/18.1/nios2eds/bin/gnu/h-x86_64-mingw32/bin/../lib/gcc/nios2-elf/5.3.0/../../../../../H-x86_64-mingw32/nios2-elf/lib/mno-hw-mul\libsmallc.a(lib_a-strlen.o)
 .debug_abbrev  0x0000000000001549      0x1e6 d:/intelfpga_lite/18.1/nios2eds/bin/gnu/h-x86_64-mingw32/bin/../lib/gcc/nios2-elf/5.3.0/../../../../../H-x86_64-mingw32/nios2-elf/lib/mno-hw-mul\libsmallc.a(lib_a-__atexit.o)
 .debug_abbrev  0x000000000000172f      0x1f6 d:/intelfpga_lite/18.1/nios2eds/bin/gnu/h-x86_64-mingw32/bin/../lib/gcc/nios2-elf/5.3.0/../../../../../H-x86_64-mingw32/nios2-elf/lib/mno-hw-mul\libsmallc.a(lib_a-__call_atexit.o)
 .debug_abbrev  0x0000000000001925      0x14a d:/intelfpga_lite/18.1/nios2eds/bin/gnu/h-x86_64-mingw32/bin/../lib/gcc/nios2-elf/5.3.0/../../../../../H-x86_64-mingw32/nios2-elf/lib/mno-hw-mul\libsmallc.a(lib_a-impure.o)
 .debug_abbrev  0x0000000000001a6f       0xa9 ../Prj1_bsp/\libhal_bsp.a(alt_exit.o)

.debug_line     0x0000000000000000     0x1dc6
 *(.debug_line)
 .debug_line    0x0000000000000000       0x5c ../Prj1_bsp//obj/HAL/src/crt0.o
 .debug_line    0x000000000000005c       0x9c obj/default/source.o
 .debug_line    0x00000000000000f8      0x105 d:/intelfpga_lite/18.1/nios2eds/bin/gnu/h-x86_64-mingw32/bin/../lib/gcc/nios2-elf/5.3.0/mno-hw-mul\libgcc.a(lib2-divmod.o)
 .debug_line    0x00000000000001fd       0x80 d:/intelfpga_lite/18.1/nios2eds/bin/gnu/h-x86_64-mingw32/bin/../lib/gcc/nios2-elf/5.3.0/mno-hw-mul\libgcc.a(lib2-mul.o)
 .debug_line    0x000000000000027d       0x8e ../Prj1_bsp/\libhal_bsp.a(alt_load.o)
 .debug_line    0x000000000000030b       0xa4 ../Prj1_bsp/\libhal_bsp.a(alt_main.o)
 .debug_line    0x00000000000003af      0x126 ../Prj1_bsp/\libhal_bsp.a(alt_sys_init.o)
 .debug_line    0x00000000000004d5      0x112 ../Prj1_bsp/\libhal_bsp.a(altera_avalon_jtag_uart_fd.o)
 .debug_line    0x00000000000005e7       0xfd ../Prj1_bsp/\libhal_bsp.a(altera_avalon_jtag_uart_read.o)
 .debug_line    0x00000000000006e4       0xf4 ../Prj1_bsp/\libhal_bsp.a(altera_avalon_jtag_uart_write.o)
 .debug_line    0x00000000000007d8      0x165 ../Prj1_bsp/\libhal_bsp.a(alt_close.o)
 .debug_line    0x000000000000093d       0x51 ../Prj1_bsp/\libhal_bsp.a(alt_dcache_flush_all.o)
 .debug_line    0x000000000000098e       0xf8 ../Prj1_bsp/\libhal_bsp.a(alt_dev.o)
 .debug_line    0x0000000000000a86       0xcf ../Prj1_bsp/\libhal_bsp.a(alt_dev_llist_insert.o)
 .debug_line    0x0000000000000b55       0x59 ../Prj1_bsp/\libhal_bsp.a(alt_do_ctors.o)
 .debug_line    0x0000000000000bae       0x59 ../Prj1_bsp/\libhal_bsp.a(alt_do_dtors.o)
 .debug_line    0x0000000000000c07       0x51 ../Prj1_bsp/\libhal_bsp.a(alt_errno.o)
 .debug_line    0x0000000000000c58       0x4f ../Prj1_bsp/\libhal_bsp.a(alt_icache_flush_all.o)
 .debug_line    0x0000000000000ca7      0x135 ../Prj1_bsp/\libhal_bsp.a(alt_io_redirect.o)
 .debug_line    0x0000000000000ddc      0x12b ../Prj1_bsp/\libhal_bsp.a(alt_open.o)
 .debug_line    0x0000000000000f07       0xb0 ../Prj1_bsp/\libhal_bsp.a(alt_release_fd.o)
 .debug_line    0x0000000000000fb7       0x51 ../Prj1_bsp/\libhal_bsp.a(altera_nios2_gen2_irq.o)
 .debug_line    0x0000000000001008       0xb5 ../Prj1_bsp/\libhal_bsp.a(alt_find_dev.o)
 .debug_line    0x00000000000010bd       0xd1 ../Prj1_bsp/\libhal_bsp.a(alt_find_file.o)
 .debug_line    0x000000000000118e       0xd7 ../Prj1_bsp/\libhal_bsp.a(alt_get_fd.o)
 .debug_line    0x0000000000001265       0xe7 d:/intelfpga_lite/18.1/nios2eds/bin/gnu/h-x86_64-mingw32/bin/../lib/gcc/nios2-elf/5.3.0/../../../../../H-x86_64-mingw32/nios2-elf/lib/mno-hw-mul\libsmallc.a(lib_a-atexit.o)
 .debug_line    0x000000000000134c      0x159 d:/intelfpga_lite/18.1/nios2eds/bin/gnu/h-x86_64-mingw32/bin/../lib/gcc/nios2-elf/5.3.0/../../../../../H-x86_64-mingw32/nios2-elf/lib/mno-hw-mul\libsmallc.a(lib_a-exit.o)
 .debug_line    0x00000000000014a5       0x5f d:/intelfpga_lite/18.1/nios2eds/bin/gnu/h-x86_64-mingw32/bin/../lib/gcc/nios2-elf/5.3.0/../../../../../H-x86_64-mingw32/nios2-elf/lib/mno-hw-mul\libsmallc.a(lib_a-int_errno.o)
 .debug_line    0x0000000000001504      0x160 d:/intelfpga_lite/18.1/nios2eds/bin/gnu/h-x86_64-mingw32/bin/../lib/gcc/nios2-elf/5.3.0/../../../../../H-x86_64-mingw32/nios2-elf/lib/mno-hw-mul\libsmallc.a(lib_a-memcmp.o)
 .debug_line    0x0000000000001664      0x15c d:/intelfpga_lite/18.1/nios2eds/bin/gnu/h-x86_64-mingw32/bin/../lib/gcc/nios2-elf/5.3.0/../../../../../H-x86_64-mingw32/nios2-elf/lib/mno-hw-mul\libsmallc.a(lib_a-strlen.o)
 .debug_line    0x00000000000017c0      0x20d d:/intelfpga_lite/18.1/nios2eds/bin/gnu/h-x86_64-mingw32/bin/../lib/gcc/nios2-elf/5.3.0/../../../../../H-x86_64-mingw32/nios2-elf/lib/mno-hw-mul\libsmallc.a(lib_a-__atexit.o)
 .debug_line    0x00000000000019cd      0x232 d:/intelfpga_lite/18.1/nios2eds/bin/gnu/h-x86_64-mingw32/bin/../lib/gcc/nios2-elf/5.3.0/../../../../../H-x86_64-mingw32/nios2-elf/lib/mno-hw-mul\libsmallc.a(lib_a-__call_atexit.o)
 .debug_line    0x0000000000001bff      0x156 d:/intelfpga_lite/18.1/nios2eds/bin/gnu/h-x86_64-mingw32/bin/../lib/gcc/nios2-elf/5.3.0/../../../../../H-x86_64-mingw32/nios2-elf/lib/mno-hw-mul\libsmallc.a(lib_a-impure.o)
 .debug_line    0x0000000000001d55       0x71 ../Prj1_bsp/\libhal_bsp.a(alt_exit.o)

.debug_frame    0x0000000000000000      0x7c0
 *(.debug_frame)
 .debug_frame   0x0000000000000000       0x50 obj/default/source.o
 .debug_frame   0x0000000000000050       0x50 d:/intelfpga_lite/18.1/nios2eds/bin/gnu/h-x86_64-mingw32/bin/../lib/gcc/nios2-elf/5.3.0/mno-hw-mul\libgcc.a(lib2-divmod.o)
 .debug_frame   0x00000000000000a0       0x20 d:/intelfpga_lite/18.1/nios2eds/bin/gnu/h-x86_64-mingw32/bin/../lib/gcc/nios2-elf/5.3.0/mno-hw-mul\libgcc.a(lib2-mul.o)
 .debug_frame   0x00000000000000c0       0x5c ../Prj1_bsp/\libhal_bsp.a(alt_load.o)
 .debug_frame   0x000000000000011c       0x2c ../Prj1_bsp/\libhal_bsp.a(alt_main.o)
 .debug_frame   0x0000000000000148       0x88 ../Prj1_bsp/\libhal_bsp.a(alt_sys_init.o)
 .debug_frame   0x00000000000001d0       0x60 ../Prj1_bsp/\libhal_bsp.a(altera_avalon_jtag_uart_fd.o)
 .debug_frame   0x0000000000000230       0x34 ../Prj1_bsp/\libhal_bsp.a(altera_avalon_jtag_uart_read.o)
 .debug_frame   0x0000000000000264       0x34 ../Prj1_bsp/\libhal_bsp.a(altera_avalon_jtag_uart_write.o)
 .debug_frame   0x0000000000000298       0x60 ../Prj1_bsp/\libhal_bsp.a(alt_close.o)
 .debug_frame   0x00000000000002f8       0x34 ../Prj1_bsp/\libhal_bsp.a(alt_dcache_flush_all.o)
 .debug_frame   0x000000000000032c       0x34 ../Prj1_bsp/\libhal_bsp.a(alt_dev.o)
 .debug_frame   0x0000000000000360       0x60 ../Prj1_bsp/\libhal_bsp.a(alt_dev_llist_insert.o)
 .debug_frame   0x00000000000003c0       0x38 ../Prj1_bsp/\libhal_bsp.a(alt_do_ctors.o)
 .debug_frame   0x00000000000003f8       0x38 ../Prj1_bsp/\libhal_bsp.a(alt_do_dtors.o)
 .debug_frame   0x0000000000000430       0x34 ../Prj1_bsp/\libhal_bsp.a(alt_icache_flush_all.o)
 .debug_frame   0x0000000000000464       0x64 ../Prj1_bsp/\libhal_bsp.a(alt_io_redirect.o)
 .debug_frame   0x00000000000004c8       0x8c ../Prj1_bsp/\libhal_bsp.a(alt_open.o)
 .debug_frame   0x0000000000000554       0x3c ../Prj1_bsp/\libhal_bsp.a(alt_release_fd.o)
 .debug_frame   0x0000000000000590       0x34 ../Prj1_bsp/\libhal_bsp.a(altera_nios2_gen2_irq.o)
 .debug_frame   0x00000000000005c4       0x38 ../Prj1_bsp/\libhal_bsp.a(alt_find_dev.o)
 .debug_frame   0x00000000000005fc       0x38 ../Prj1_bsp/\libhal_bsp.a(alt_find_file.o)
 .debug_frame   0x0000000000000634       0x3c ../Prj1_bsp/\libhal_bsp.a(alt_get_fd.o)
 .debug_frame   0x0000000000000670       0x20 d:/intelfpga_lite/18.1/nios2eds/bin/gnu/h-x86_64-mingw32/bin/../lib/gcc/nios2-elf/5.3.0/../../../../../H-x86_64-mingw32/nios2-elf/lib/mno-hw-mul\libsmallc.a(lib_a-atexit.o)
 .debug_frame   0x0000000000000690       0x28 d:/intelfpga_lite/18.1/nios2eds/bin/gnu/h-x86_64-mingw32/bin/../lib/gcc/nios2-elf/5.3.0/../../../../../H-x86_64-mingw32/nios2-elf/lib/mno-hw-mul\libsmallc.a(lib_a-exit.o)
 .debug_frame   0x00000000000006b8       0x20 d:/intelfpga_lite/18.1/nios2eds/bin/gnu/h-x86_64-mingw32/bin/../lib/gcc/nios2-elf/5.3.0/../../../../../H-x86_64-mingw32/nios2-elf/lib/mno-hw-mul\libsmallc.a(lib_a-memcmp.o)
 .debug_frame   0x00000000000006d8       0x20 d:/intelfpga_lite/18.1/nios2eds/bin/gnu/h-x86_64-mingw32/bin/../lib/gcc/nios2-elf/5.3.0/../../../../../H-x86_64-mingw32/nios2-elf/lib/mno-hw-mul\libsmallc.a(lib_a-strlen.o)
 .debug_frame   0x00000000000006f8       0x48 d:/intelfpga_lite/18.1/nios2eds/bin/gnu/h-x86_64-mingw32/bin/../lib/gcc/nios2-elf/5.3.0/../../../../../H-x86_64-mingw32/nios2-elf/lib/mno-hw-mul\libsmallc.a(lib_a-__atexit.o)
 .debug_frame   0x0000000000000740       0x54 d:/intelfpga_lite/18.1/nios2eds/bin/gnu/h-x86_64-mingw32/bin/../lib/gcc/nios2-elf/5.3.0/../../../../../H-x86_64-mingw32/nios2-elf/lib/mno-hw-mul\libsmallc.a(lib_a-__call_atexit.o)
 .debug_frame   0x0000000000000794       0x2c ../Prj1_bsp/\libhal_bsp.a(alt_exit.o)

.debug_str      0x0000000000000000     0x124e
 *(.debug_str)
 .debug_str     0x0000000000000000       0xf3 obj/default/source.o
                                        0x140 (size before relaxing)
 .debug_str     0x00000000000000f3      0x187 d:/intelfpga_lite/18.1/nios2eds/bin/gnu/h-x86_64-mingw32/bin/../lib/gcc/nios2-elf/5.3.0/mno-hw-mul\libgcc.a(lib2-divmod.o)
                                        0x1d2 (size before relaxing)
 .debug_str     0x000000000000027a       0x40 d:/intelfpga_lite/18.1/nios2eds/bin/gnu/h-x86_64-mingw32/bin/../lib/gcc/nios2-elf/5.3.0/mno-hw-mul\libgcc.a(lib2-mul.o)
                                        0x193 (size before relaxing)
 .debug_str     0x00000000000002ba      0x117 ../Prj1_bsp/\libhal_bsp.a(alt_load.o)
                                        0x1fe (size before relaxing)
 .debug_str     0x00000000000003d1       0x70 ../Prj1_bsp/\libhal_bsp.a(alt_main.o)
                                        0x189 (size before relaxing)
 .debug_str     0x0000000000000441      0x157 ../Prj1_bsp/\libhal_bsp.a(alt_sys_init.o)
                                        0x2c0 (size before relaxing)
 .debug_str     0x0000000000000598       0x77 ../Prj1_bsp/\libhal_bsp.a(altera_avalon_jtag_uart_fd.o)
                                        0x2c1 (size before relaxing)
 .debug_str     0x000000000000060f       0x48 ../Prj1_bsp/\libhal_bsp.a(altera_avalon_jtag_uart_read.o)
                                        0x20b (size before relaxing)
 .debug_str     0x0000000000000657       0x4a ../Prj1_bsp/\libhal_bsp.a(altera_avalon_jtag_uart_write.o)
                                        0x201 (size before relaxing)
 .debug_str     0x00000000000006a1       0x44 ../Prj1_bsp/\libhal_bsp.a(alt_close.o)
                                        0x1f7 (size before relaxing)
 .debug_str     0x00000000000006e5       0x34 ../Prj1_bsp/\libhal_bsp.a(alt_dcache_flush_all.o)
                                        0x141 (size before relaxing)
 .debug_str     0x0000000000000719      0x120 ../Prj1_bsp/\libhal_bsp.a(alt_dev.o)
                                        0x2f1 (size before relaxing)
 .debug_str     0x0000000000000839       0x4b ../Prj1_bsp/\libhal_bsp.a(alt_dev_llist_insert.o)
                                        0x1b8 (size before relaxing)
 .debug_str     0x0000000000000884       0x48 ../Prj1_bsp/\libhal_bsp.a(alt_do_ctors.o)
                                         0xbc (size before relaxing)
 .debug_str     0x00000000000008cc       0x4c ../Prj1_bsp/\libhal_bsp.a(alt_do_dtors.o)
                                         0xbb (size before relaxing)
 .debug_str     0x0000000000000918       0x14 ../Prj1_bsp/\libhal_bsp.a(alt_errno.o)
                                        0x131 (size before relaxing)
 .debug_str     0x000000000000092c       0x34 ../Prj1_bsp/\libhal_bsp.a(alt_icache_flush_all.o)
                                        0x141 (size before relaxing)
 .debug_str     0x0000000000000960       0x56 ../Prj1_bsp/\libhal_bsp.a(alt_io_redirect.o)
                                        0x302 (size before relaxing)
 .debug_str     0x00000000000009b6       0x36 ../Prj1_bsp/\libhal_bsp.a(alt_open.o)
                                        0x237 (size before relaxing)
 .debug_str     0x00000000000009ec       0x28 ../Prj1_bsp/\libhal_bsp.a(alt_release_fd.o)
                                        0x1bf (size before relaxing)
 .debug_str     0x0000000000000a14       0x3b ../Prj1_bsp/\libhal_bsp.a(altera_nios2_gen2_irq.o)
                                        0x148 (size before relaxing)
 .debug_str     0x0000000000000a4f       0x24 ../Prj1_bsp/\libhal_bsp.a(alt_find_dev.o)
                                        0x1d8 (size before relaxing)
 .debug_str     0x0000000000000a73       0x26 ../Prj1_bsp/\libhal_bsp.a(alt_find_file.o)
                                        0x1e6 (size before relaxing)
 .debug_str     0x0000000000000a99       0x30 ../Prj1_bsp/\libhal_bsp.a(alt_get_fd.o)
                                        0x208 (size before relaxing)
 .debug_str     0x0000000000000ac9      0x177 d:/intelfpga_lite/18.1/nios2eds/bin/gnu/h-x86_64-mingw32/bin/../lib/gcc/nios2-elf/5.3.0/../../../../../H-x86_64-mingw32/nios2-elf/lib/mno-hw-mul\libsmallc.a(lib_a-atexit.o)
                                        0x21c (size before relaxing)
 .debug_str     0x0000000000000c40       0x4c d:/intelfpga_lite/18.1/nios2eds/bin/gnu/h-x86_64-mingw32/bin/../lib/gcc/nios2-elf/5.3.0/../../../../../H-x86_64-mingw32/nios2-elf/lib/mno-hw-mul\libsmallc.a(lib_a-exit.o)
                                        0x1f0 (size before relaxing)
 .debug_str     0x0000000000000c8c       0xd3 d:/intelfpga_lite/18.1/nios2eds/bin/gnu/h-x86_64-mingw32/bin/../lib/gcc/nios2-elf/5.3.0/../../../../../H-x86_64-mingw32/nios2-elf/lib/mno-hw-mul\libsmallc.a(lib_a-int_errno.o)
                                        0x1d8 (size before relaxing)
 .debug_str     0x0000000000000d5f       0xe0 d:/intelfpga_lite/18.1/nios2eds/bin/gnu/h-x86_64-mingw32/bin/../lib/gcc/nios2-elf/5.3.0/../../../../../H-x86_64-mingw32/nios2-elf/lib/mno-hw-mul\libsmallc.a(lib_a-memcmp.o)
                                        0x1df (size before relaxing)
 .debug_str     0x0000000000000e3f       0x44 d:/intelfpga_lite/18.1/nios2eds/bin/gnu/h-x86_64-mingw32/bin/../lib/gcc/nios2-elf/5.3.0/../../../../../H-x86_64-mingw32/nios2-elf/lib/mno-hw-mul\libsmallc.a(lib_a-strlen.o)
                                        0x1e5 (size before relaxing)
 .debug_str     0x0000000000000e83      0x2f4 d:/intelfpga_lite/18.1/nios2eds/bin/gnu/h-x86_64-mingw32/bin/../lib/gcc/nios2-elf/5.3.0/../../../../../H-x86_64-mingw32/nios2-elf/lib/mno-hw-mul\libsmallc.a(lib_a-__atexit.o)
                                        0x4ff (size before relaxing)
 .debug_str     0x0000000000001177       0x65 d:/intelfpga_lite/18.1/nios2eds/bin/gnu/h-x86_64-mingw32/bin/../lib/gcc/nios2-elf/5.3.0/../../../../../H-x86_64-mingw32/nios2-elf/lib/mno-hw-mul\libsmallc.a(lib_a-__call_atexit.o)
                                        0x4eb (size before relaxing)
 .debug_str     0x00000000000011dc       0x48 d:/intelfpga_lite/18.1/nios2eds/bin/gnu/h-x86_64-mingw32/bin/../lib/gcc/nios2-elf/5.3.0/../../../../../H-x86_64-mingw32/nios2-elf/lib/mno-hw-mul\libsmallc.a(lib_a-impure.o)
                                        0x4be (size before relaxing)
 .debug_str     0x0000000000001224       0x2a ../Prj1_bsp/\libhal_bsp.a(alt_exit.o)
                                        0x13d (size before relaxing)

.debug_loc      0x0000000000000000      0x974
 *(.debug_loc)
 .debug_loc     0x0000000000000000      0x4ce d:/intelfpga_lite/18.1/nios2eds/bin/gnu/h-x86_64-mingw32/bin/../lib/gcc/nios2-elf/5.3.0/mno-hw-mul\libgcc.a(lib2-divmod.o)
 .debug_loc     0x00000000000004ce       0x93 d:/intelfpga_lite/18.1/nios2eds/bin/gnu/h-x86_64-mingw32/bin/../lib/gcc/nios2-elf/5.3.0/mno-hw-mul\libgcc.a(lib2-mul.o)
 .debug_loc     0x0000000000000561       0x2c d:/intelfpga_lite/18.1/nios2eds/bin/gnu/h-x86_64-mingw32/bin/../lib/gcc/nios2-elf/5.3.0/../../../../../H-x86_64-mingw32/nios2-elf/lib/mno-hw-mul\libsmallc.a(lib_a-atexit.o)
 .debug_loc     0x000000000000058d       0x1e d:/intelfpga_lite/18.1/nios2eds/bin/gnu/h-x86_64-mingw32/bin/../lib/gcc/nios2-elf/5.3.0/../../../../../H-x86_64-mingw32/nios2-elf/lib/mno-hw-mul\libsmallc.a(lib_a-exit.o)
 .debug_loc     0x00000000000005ab       0x94 d:/intelfpga_lite/18.1/nios2eds/bin/gnu/h-x86_64-mingw32/bin/../lib/gcc/nios2-elf/5.3.0/../../../../../H-x86_64-mingw32/nios2-elf/lib/mno-hw-mul\libsmallc.a(lib_a-memcmp.o)
 .debug_loc     0x000000000000063f       0x1e d:/intelfpga_lite/18.1/nios2eds/bin/gnu/h-x86_64-mingw32/bin/../lib/gcc/nios2-elf/5.3.0/../../../../../H-x86_64-mingw32/nios2-elf/lib/mno-hw-mul\libsmallc.a(lib_a-strlen.o)
 .debug_loc     0x000000000000065d      0x1c0 d:/intelfpga_lite/18.1/nios2eds/bin/gnu/h-x86_64-mingw32/bin/../lib/gcc/nios2-elf/5.3.0/../../../../../H-x86_64-mingw32/nios2-elf/lib/mno-hw-mul\libsmallc.a(lib_a-__atexit.o)
 .debug_loc     0x000000000000081d      0x157 d:/intelfpga_lite/18.1/nios2eds/bin/gnu/h-x86_64-mingw32/bin/../lib/gcc/nios2-elf/5.3.0/../../../../../H-x86_64-mingw32/nios2-elf/lib/mno-hw-mul\libsmallc.a(lib_a-__call_atexit.o)

.debug_macinfo
 *(.debug_macinfo)

.debug_weaknames
 *(.debug_weaknames)

.debug_funcnames
 *(.debug_funcnames)

.debug_typenames
 *(.debug_typenames)

.debug_varnames
 *(.debug_varnames)

.debug_alt_sim_info
 *(.debug_alt_sim_info)
                0x0000000000010000                __alt_data_end = 0x10000
                0x0000000000010000                PROVIDE (__alt_stack_pointer, __alt_data_end)
                [!provide]                        PROVIDE (__alt_stack_limit, __alt_stack_base)
                [!provide]                        PROVIDE (__alt_heap_start, end)
                [!provide]                        PROVIDE (__alt_heap_limit, 0x10000)
OUTPUT(RUN_ON_HDL_SIMULATOR_ONLY_Prj1.elf elf32-littlenios2)

.debug_ranges   0x0000000000000000      0x110
 .debug_ranges  0x0000000000000000       0x20 ../Prj1_bsp//obj/HAL/src/crt0.o
 .debug_ranges  0x0000000000000020       0x60 d:/intelfpga_lite/18.1/nios2eds/bin/gnu/h-x86_64-mingw32/bin/../lib/gcc/nios2-elf/5.3.0/mno-hw-mul\libgcc.a(lib2-divmod.o)
 .debug_ranges  0x0000000000000080       0x18 ../Prj1_bsp/\libhal_bsp.a(altera_avalon_jtag_uart_read.o)
 .debug_ranges  0x0000000000000098       0x10 d:/intelfpga_lite/18.1/nios2eds/bin/gnu/h-x86_64-mingw32/bin/../lib/gcc/nios2-elf/5.3.0/../../../../../H-x86_64-mingw32/nios2-elf/lib/mno-hw-mul\libsmallc.a(lib_a-atexit.o)
 .debug_ranges  0x00000000000000a8       0x10 d:/intelfpga_lite/18.1/nios2eds/bin/gnu/h-x86_64-mingw32/bin/../lib/gcc/nios2-elf/5.3.0/../../../../../H-x86_64-mingw32/nios2-elf/lib/mno-hw-mul\libsmallc.a(lib_a-exit.o)
 .debug_ranges  0x00000000000000b8       0x10 d:/intelfpga_lite/18.1/nios2eds/bin/gnu/h-x86_64-mingw32/bin/../lib/gcc/nios2-elf/5.3.0/../../../../../H-x86_64-mingw32/nios2-elf/lib/mno-hw-mul\libsmallc.a(lib_a-memcmp.o)
 .debug_ranges  0x00000000000000c8       0x10 d:/intelfpga_lite/18.1/nios2eds/bin/gnu/h-x86_64-mingw32/bin/../lib/gcc/nios2-elf/5.3.0/../../../../../H-x86_64-mingw32/nios2-elf/lib/mno-hw-mul\libsmallc.a(lib_a-strlen.o)
 .debug_ranges  0x00000000000000d8       0x10 d:/intelfpga_lite/18.1/nios2eds/bin/gnu/h-x86_64-mingw32/bin/../lib/gcc/nios2-elf/5.3.0/../../../../../H-x86_64-mingw32/nios2-elf/lib/mno-hw-mul\libsmallc.a(lib_a-__atexit.o)
 .debug_ranges  0x00000000000000e8       0x28 d:/intelfpga_lite/18.1/nios2eds/bin/gnu/h-x86_64-mingw32/bin/../lib/gcc/nios2-elf/5.3.0/../../../../../H-x86_64-mingw32/nios2-elf/lib/mno-hw-mul\libsmallc.a(lib_a-__call_atexit.o)
