Archive member included to satisfy reference by file (symbol)

d:/intelfpga_lite/18.1/nios2eds/bin/gnu/h-x86_64-mingw32/bin/../lib/gcc/nios2-elf/5.3.0/mno-hw-mul\libgcc.a(lib2-divmod.o)
                              obj/default/source.o (__divsi3)
d:/intelfpga_lite/18.1/nios2eds/bin/gnu/h-x86_64-mingw32/bin/../lib/gcc/nios2-elf/5.3.0/mno-hw-mul\libgcc.a(lib2-mul.o)
                              obj/default/source.o (__mulsi3)
../Prj3_bsp/\libhal_bsp.a(alt_iic.o)
                              obj/default/source.o (alt_ic_isr_register)
../Prj3_bsp/\libhal_bsp.a(alt_iic_isr_register.o)
                              ../Prj3_bsp/\libhal_bsp.a(alt_iic.o) (alt_iic_isr_register)
../Prj3_bsp/\libhal_bsp.a(alt_irq_entry.o)
                              ../Prj3_bsp/\libhal_bsp.a(alt_iic_isr_register.o) (alt_irq_entry)
../Prj3_bsp/\libhal_bsp.a(alt_irq_handler.o)
                              ../Prj3_bsp/\libhal_bsp.a(alt_iic_isr_register.o) (alt_irq)
../Prj3_bsp/\libhal_bsp.a(alt_irq_vars.o)
                              ../Prj3_bsp/\libhal_bsp.a(alt_iic.o) (alt_irq_active)
../Prj3_bsp/\libhal_bsp.a(alt_load.o)
                              ../Prj3_bsp//obj/HAL/src/crt0.o (alt_load)
../Prj3_bsp/\libhal_bsp.a(alt_main.o)
                              ../Prj3_bsp//obj/HAL/src/crt0.o (alt_main)
../Prj3_bsp/\libhal_bsp.a(alt_sys_init.o)
                              ../Prj3_bsp/\libhal_bsp.a(alt_main.o) (alt_irq_init)
../Prj3_bsp/\libhal_bsp.a(altera_avalon_jtag_uart_fd.o)
                              ../Prj3_bsp/\libhal_bsp.a(alt_sys_init.o) (altera_avalon_jtag_uart_read_fd)
../Prj3_bsp/\libhal_bsp.a(altera_avalon_jtag_uart_read.o)
                              ../Prj3_bsp/\libhal_bsp.a(altera_avalon_jtag_uart_fd.o) (altera_avalon_jtag_uart_read)
../Prj3_bsp/\libhal_bsp.a(altera_avalon_jtag_uart_write.o)
                              ../Prj3_bsp/\libhal_bsp.a(altera_avalon_jtag_uart_fd.o) (altera_avalon_jtag_uart_write)
../Prj3_bsp/\libhal_bsp.a(altera_avalon_timer_sc.o)
                              ../Prj3_bsp/\libhal_bsp.a(alt_sys_init.o) (alt_avalon_timer_sc_init)
../Prj3_bsp/\libhal_bsp.a(alt_close.o)
                              ../Prj3_bsp/\libhal_bsp.a(alt_main.o) (close)
../Prj3_bsp/\libhal_bsp.a(alt_dcache_flush_all.o)
                              ../Prj3_bsp/\libhal_bsp.a(alt_load.o) (alt_dcache_flush_all)
../Prj3_bsp/\libhal_bsp.a(alt_dev.o)
                              ../Prj3_bsp/\libhal_bsp.a(alt_sys_init.o) (alt_dev_list)
../Prj3_bsp/\libhal_bsp.a(alt_dev_llist_insert.o)
                              ../Prj3_bsp/\libhal_bsp.a(alt_sys_init.o) (alt_dev_llist_insert)
../Prj3_bsp/\libhal_bsp.a(alt_do_ctors.o)
                              ../Prj3_bsp/\libhal_bsp.a(alt_main.o) (_do_ctors)
../Prj3_bsp/\libhal_bsp.a(alt_do_dtors.o)
                              ../Prj3_bsp/\libhal_bsp.a(alt_main.o) (_do_dtors)
../Prj3_bsp/\libhal_bsp.a(alt_errno.o)
                              ../Prj3_bsp/\libhal_bsp.a(alt_close.o) (alt_errno)
../Prj3_bsp/\libhal_bsp.a(alt_exception_entry.o)
                              ../Prj3_bsp/\libhal_bsp.a(alt_irq_entry.o) (alt_exception)
../Prj3_bsp/\libhal_bsp.a(alt_icache_flush_all.o)
                              ../Prj3_bsp/\libhal_bsp.a(alt_load.o) (alt_icache_flush_all)
../Prj3_bsp/\libhal_bsp.a(alt_instruction_exception_entry.o)
                              ../Prj3_bsp/\libhal_bsp.a(alt_exception_entry.o) (alt_instruction_exception_entry)
../Prj3_bsp/\libhal_bsp.a(alt_io_redirect.o)
                              ../Prj3_bsp/\libhal_bsp.a(alt_main.o) (alt_io_redirect)
../Prj3_bsp/\libhal_bsp.a(alt_open.o)
                              ../Prj3_bsp/\libhal_bsp.a(alt_io_redirect.o) (open)
../Prj3_bsp/\libhal_bsp.a(alt_release_fd.o)
                              ../Prj3_bsp/\libhal_bsp.a(alt_close.o) (alt_release_fd)
../Prj3_bsp/\libhal_bsp.a(alt_tick.o)
                              ../Prj3_bsp/\libhal_bsp.a(altera_avalon_timer_sc.o) (_alt_tick_rate)
../Prj3_bsp/\libhal_bsp.a(altera_nios2_gen2_irq.o)
                              ../Prj3_bsp/\libhal_bsp.a(alt_sys_init.o) (altera_nios2_gen2_irq_init)
../Prj3_bsp/\libhal_bsp.a(alt_find_dev.o)
                              ../Prj3_bsp/\libhal_bsp.a(alt_open.o) (alt_find_dev)
../Prj3_bsp/\libhal_bsp.a(alt_find_file.o)
                              ../Prj3_bsp/\libhal_bsp.a(alt_open.o) (alt_find_file)
../Prj3_bsp/\libhal_bsp.a(alt_get_fd.o)
                              ../Prj3_bsp/\libhal_bsp.a(alt_open.o) (alt_get_fd)
d:/intelfpga_lite/18.1/nios2eds/bin/gnu/h-x86_64-mingw32/bin/../lib/gcc/nios2-elf/5.3.0/../../../../../H-x86_64-mingw32/nios2-elf/lib/mno-hw-mul\libsmallc.a(lib_a-atexit.o)
                              ../Prj3_bsp/\libhal_bsp.a(alt_main.o) (atexit)
d:/intelfpga_lite/18.1/nios2eds/bin/gnu/h-x86_64-mingw32/bin/../lib/gcc/nios2-elf/5.3.0/../../../../../H-x86_64-mingw32/nios2-elf/lib/mno-hw-mul\libsmallc.a(lib_a-exit.o)
                              ../Prj3_bsp/\libhal_bsp.a(alt_main.o) (exit)
d:/intelfpga_lite/18.1/nios2eds/bin/gnu/h-x86_64-mingw32/bin/../lib/gcc/nios2-elf/5.3.0/../../../../../H-x86_64-mingw32/nios2-elf/lib/mno-hw-mul\libsmallc.a(lib_a-int_errno.o)
                              ../Prj3_bsp/\libhal_bsp.a(alt_close.o) (errno)
d:/intelfpga_lite/18.1/nios2eds/bin/gnu/h-x86_64-mingw32/bin/../lib/gcc/nios2-elf/5.3.0/../../../../../H-x86_64-mingw32/nios2-elf/lib/mno-hw-mul\libsmallc.a(lib_a-memcmp.o)
                              ../Prj3_bsp/\libhal_bsp.a(alt_find_dev.o) (memcmp)
d:/intelfpga_lite/18.1/nios2eds/bin/gnu/h-x86_64-mingw32/bin/../lib/gcc/nios2-elf/5.3.0/../../../../../H-x86_64-mingw32/nios2-elf/lib/mno-hw-mul\libsmallc.a(lib_a-strlen.o)
                              ../Prj3_bsp/\libhal_bsp.a(alt_find_dev.o) (strlen)
d:/intelfpga_lite/18.1/nios2eds/bin/gnu/h-x86_64-mingw32/bin/../lib/gcc/nios2-elf/5.3.0/../../../../../H-x86_64-mingw32/nios2-elf/lib/mno-hw-mul\libsmallc.a(lib_a-__atexit.o)
                              d:/intelfpga_lite/18.1/nios2eds/bin/gnu/h-x86_64-mingw32/bin/../lib/gcc/nios2-elf/5.3.0/../../../../../H-x86_64-mingw32/nios2-elf/lib/mno-hw-mul\libsmallc.a(lib_a-atexit.o) (__register_exitproc)
d:/intelfpga_lite/18.1/nios2eds/bin/gnu/h-x86_64-mingw32/bin/../lib/gcc/nios2-elf/5.3.0/../../../../../H-x86_64-mingw32/nios2-elf/lib/mno-hw-mul\libsmallc.a(lib_a-__call_atexit.o)
                              d:/intelfpga_lite/18.1/nios2eds/bin/gnu/h-x86_64-mingw32/bin/../lib/gcc/nios2-elf/5.3.0/../../../../../H-x86_64-mingw32/nios2-elf/lib/mno-hw-mul\libsmallc.a(lib_a-exit.o) (__call_exitprocs)
d:/intelfpga_lite/18.1/nios2eds/bin/gnu/h-x86_64-mingw32/bin/../lib/gcc/nios2-elf/5.3.0/../../../../../H-x86_64-mingw32/nios2-elf/lib/mno-hw-mul\libsmallc.a(lib_a-impure.o)
                              d:/intelfpga_lite/18.1/nios2eds/bin/gnu/h-x86_64-mingw32/bin/../lib/gcc/nios2-elf/5.3.0/../../../../../H-x86_64-mingw32/nios2-elf/lib/mno-hw-mul\libsmallc.a(lib_a-__atexit.o) (_global_impure_ptr)
../Prj3_bsp/\libhal_bsp.a(alt_exit.o)
                              d:/intelfpga_lite/18.1/nios2eds/bin/gnu/h-x86_64-mingw32/bin/../lib/gcc/nios2-elf/5.3.0/../../../../../H-x86_64-mingw32/nios2-elf/lib/mno-hw-mul\libsmallc.a(lib_a-exit.o) (_exit)

Allocating common symbols
Common symbol       size              file

alt_irq             0x100             ../Prj3_bsp/\libhal_bsp.a(alt_irq_handler.o)
errno               0x4               d:/intelfpga_lite/18.1/nios2eds/bin/gnu/h-x86_64-mingw32/bin/../lib/gcc/nios2-elf/5.3.0/../../../../../H-x86_64-mingw32/nios2-elf/lib/mno-hw-mul\libsmallc.a(lib_a-int_errno.o)
mode                0x4               obj/default/source.o

Memory Configuration

Name             Origin             Length             Attributes
reset            0x0000000000008000 0x0000000000000020
onchip_memory2_0 0x0000000000008020 0x0000000000007fe0
*default*        0x0000000000000000 0xffffffffffffffff

Linker script and memory map

LOAD ../Prj3_bsp//obj/HAL/src/crt0.o
LOAD obj/default/source.o
LOAD d:/intelfpga_lite/18.1/nios2eds/bin/gnu/h-x86_64-mingw32/bin/../lib/gcc/nios2-elf/5.3.0/../../../../../H-x86_64-mingw32/nios2-elf/lib/mno-hw-mul\libstdc++.a
LOAD d:/intelfpga_lite/18.1/nios2eds/bin/gnu/h-x86_64-mingw32/bin/../lib/gcc/nios2-elf/5.3.0/../../../../../H-x86_64-mingw32/nios2-elf/lib/mno-hw-mul\libm.a
LOAD d:/intelfpga_lite/18.1/nios2eds/bin/gnu/h-x86_64-mingw32/bin/../lib/gcc/nios2-elf/5.3.0/mno-hw-mul\libgcc.a
START GROUP
LOAD d:/intelfpga_lite/18.1/nios2eds/bin/gnu/h-x86_64-mingw32/bin/../lib/gcc/nios2-elf/5.3.0/../../../../../H-x86_64-mingw32/nios2-elf/lib/mno-hw-mul\libsmallc.a
LOAD d:/intelfpga_lite/18.1/nios2eds/bin/gnu/h-x86_64-mingw32/bin/../lib/gcc/nios2-elf/5.3.0/mno-hw-mul\libgcc.a
LOAD ../Prj3_bsp/\libhal_bsp.a
LOAD d:/intelfpga_lite/18.1/nios2eds/bin/gnu/h-x86_64-mingw32/bin/../lib/gcc/nios2-elf/5.3.0/../../../../../H-x86_64-mingw32/nios2-elf/lib/mno-hw-mul\libm.a
END GROUP
LOAD d:/intelfpga_lite/18.1/nios2eds/bin/gnu/h-x86_64-mingw32/bin/../lib/gcc/nios2-elf/5.3.0/mno-hw-mul\libgcc.a
                0x0000000000008000                __alt_mem_onchip_memory2_0 = 0x8000

.entry          0x0000000000008000       0x20
 *(.entry)
 .entry         0x0000000000008000       0x20 ../Prj3_bsp//obj/HAL/src/crt0.o
                0x0000000000008000                __reset

.exceptions     0x0000000000008020      0x210
                0x0000000000008020                PROVIDE (__ram_exceptions_start, ABSOLUTE (.))
                0x0000000000008020                . = ALIGN (0x20)
 *(.irq)
 *(.exceptions.entry.label)
 .exceptions.entry.label
                0x0000000000008020        0x0 ../Prj3_bsp/\libhal_bsp.a(alt_irq_entry.o)
                0x0000000000008020                alt_irq_entry
 .exceptions.entry.label
                0x0000000000008020        0x0 ../Prj3_bsp/\libhal_bsp.a(alt_exception_entry.o)
                0x0000000000008020                alt_exception
 *(.exceptions.entry.user)
 *(.exceptions.entry.ecc_fatal)
 *(.exceptions.entry)
 .exceptions.entry
                0x0000000000008020       0x54 ../Prj3_bsp/\libhal_bsp.a(alt_exception_entry.o)
 *(.exceptions.irqtest.user)
 *(.exceptions.irqtest)
 .exceptions.irqtest
                0x0000000000008074       0x10 ../Prj3_bsp/\libhal_bsp.a(alt_irq_entry.o)
 *(.exceptions.irqhandler.user)
 *(.exceptions.irqhandler)
 .exceptions.irqhandler
                0x0000000000008084        0x4 ../Prj3_bsp/\libhal_bsp.a(alt_irq_entry.o)
 *(.exceptions.irqreturn.user)
 *(.exceptions.irqreturn)
 .exceptions.irqreturn
                0x0000000000008088        0x4 ../Prj3_bsp/\libhal_bsp.a(alt_irq_entry.o)
 *(.exceptions.notirq.label)
 .exceptions.notirq.label
                0x000000000000808c        0x0 ../Prj3_bsp/\libhal_bsp.a(alt_irq_entry.o)
 *(.exceptions.notirq.user)
 *(.exceptions.notirq)
 .exceptions.notirq
                0x000000000000808c        0x8 ../Prj3_bsp/\libhal_bsp.a(alt_exception_entry.o)
 *(.exceptions.soft.user)
 *(.exceptions.soft)
 *(.exceptions.unknown.user)
 *(.exceptions.unknown)
 .exceptions.unknown
                0x0000000000008094       0x14 ../Prj3_bsp/\libhal_bsp.a(alt_exception_entry.o)
 *(.exceptions.exit.label)
 .exceptions.exit.label
                0x00000000000080a8        0x0 ../Prj3_bsp/\libhal_bsp.a(alt_irq_entry.o)
 .exceptions.exit.label
                0x00000000000080a8        0x0 ../Prj3_bsp/\libhal_bsp.a(alt_exception_entry.o)
 *(.exceptions.exit.user)
 *(.exceptions.exit)
 .exceptions.exit
                0x00000000000080a8       0x54 ../Prj3_bsp/\libhal_bsp.a(alt_exception_entry.o)
 *(.exceptions)
 .exceptions    0x00000000000080fc       0xd4 ../Prj3_bsp/\libhal_bsp.a(alt_irq_handler.o)
                0x00000000000080fc                alt_irq_handler
 .exceptions    0x00000000000081d0       0x60 ../Prj3_bsp/\libhal_bsp.a(alt_instruction_exception_entry.o)
                0x00000000000081d0                alt_instruction_exception_entry
                0x0000000000008230                PROVIDE (__ram_exceptions_end, ABSOLUTE (.))
                0x0000000000008020                PROVIDE (__flash_exceptions_start, LOADADDR (.exceptions))

.text           0x0000000000008230     0x1cb0
                [!provide]                        PROVIDE (stext, ABSOLUTE (.))
 *(.interp)
 *(.hash)
 *(.dynsym)
 *(.dynstr)
 *(.gnu.version)
 *(.gnu.version_d)
 *(.gnu.version_r)
 *(.rel.init)
 *(.rela.init)
 *(.rel.text .rel.text.* .rel.gnu.linkonce.t.*)
 *(.rela.text .rela.text.* .rela.gnu.linkonce.t.*)
 *(.rel.fini)
 *(.rela.fini)
 *(.rel.rodata .rel.rodata.* .rel.gnu.linkonce.r.*)
 *(.rela.rodata .rela.rodata.* .rela.gnu.linkonce.r.*)
 *(.rel.data .rel.data.* .rel.gnu.linkonce.d.*)
 *(.rela.data .rela.data.* .rela.gnu.linkonce.d.*)
 *(.rel.tdata .rel.tdata.* .rel.gnu.linkonce.td.*)
 *(.rela.tdata .rela.tdata.* .rela.gnu.linkonce.td.*)
 *(.rel.tbss .rel.tbss.* .rel.gnu.linkonce.tb.*)
 *(.rela.tbss .rela.tbss.* .rela.gnu.linkonce.tb.*)
 *(.rel.ctors)
 *(.rela.ctors)
 *(.rel.dtors)
 *(.rela.dtors)
 *(.rel.got)
 *(.rela.got)
 *(.rel.sdata .rel.sdata.* .rel.gnu.linkonce.s.*)
 *(.rela.sdata .rela.sdata.* .rela.gnu.linkonce.s.*)
 *(.rel.sbss .rel.sbss.* .rel.gnu.linkonce.sb.*)
 *(.rela.sbss .rela.sbss.* .rela.gnu.linkonce.sb.*)
 *(.rel.sdata2 .rel.sdata2.* .rel.gnu.linkonce.s2.*)
 *(.rela.sdata2 .rela.sdata2.* .rela.gnu.linkonce.s2.*)
 *(.rel.sbss2 .rel.sbss2.* .rel.gnu.linkonce.sb2.*)
 *(.rela.sbss2 .rela.sbss2.* .rela.gnu.linkonce.sb2.*)
 *(.rel.bss .rel.bss.* .rel.gnu.linkonce.b.*)
 *(.rela.bss .rela.bss.* .rela.gnu.linkonce.b.*)
 *(.rel.plt)
 *(.rela.plt)
 *(.rel.dyn)
 *(.init)
 *(.plt)
 *(.text .stub .text.* .gnu.linkonce.t.*)
 .text          0x0000000000008230       0x3c ../Prj3_bsp//obj/HAL/src/crt0.o
                0x0000000000008230                _start
 .text          0x000000000000826c      0x2c0 obj/default/source.o
                0x000000000000826c                timer_Init
                0x00000000000082e4                Timer_IRQ_Handler
                0x0000000000008378                main
 .text          0x000000000000852c      0x1b4 d:/intelfpga_lite/18.1/nios2eds/bin/gnu/h-x86_64-mingw32/bin/../lib/gcc/nios2-elf/5.3.0/mno-hw-mul\libgcc.a(lib2-divmod.o)
                0x000000000000852c                __divsi3
                0x00000000000085b0                __modsi3
                0x0000000000008624                __udivsi3
                0x0000000000008688                __umodsi3
 .text          0x00000000000086e0       0x28 d:/intelfpga_lite/18.1/nios2eds/bin/gnu/h-x86_64-mingw32/bin/../lib/gcc/nios2-elf/5.3.0/mno-hw-mul\libgcc.a(lib2-mul.o)
                0x00000000000086e0                __mulsi3
 .text          0x0000000000008708      0x1b0 ../Prj3_bsp/\libhal_bsp.a(alt_iic.o)
                0x0000000000008708                alt_ic_isr_register
                0x0000000000008758                alt_ic_irq_enable
                0x00000000000087e0                alt_ic_irq_disable
                0x000000000000886c                alt_ic_irq_enabled
 .text          0x00000000000088b8       0xf0 ../Prj3_bsp/\libhal_bsp.a(alt_iic_isr_register.o)
                0x00000000000088b8                alt_iic_isr_register
 .text          0x00000000000089a8        0x0 ../Prj3_bsp/\libhal_bsp.a(alt_irq_entry.o)
 .text          0x00000000000089a8        0x0 ../Prj3_bsp/\libhal_bsp.a(alt_irq_handler.o)
 .text          0x00000000000089a8        0x0 ../Prj3_bsp/\libhal_bsp.a(alt_irq_vars.o)
 .text          0x00000000000089a8       0xec ../Prj3_bsp/\libhal_bsp.a(alt_load.o)
                0x0000000000008a10                alt_load
 .text          0x0000000000008a94       0x7c ../Prj3_bsp/\libhal_bsp.a(alt_main.o)
                0x0000000000008a94                alt_main
 .text          0x0000000000008b10       0xb8 ../Prj3_bsp/\libhal_bsp.a(alt_sys_init.o)
                0x0000000000008b44                alt_irq_init
                0x0000000000008b7c                alt_sys_init
 .text          0x0000000000008bc8       0xc0 ../Prj3_bsp/\libhal_bsp.a(altera_avalon_jtag_uart_fd.o)
                0x0000000000008bc8                altera_avalon_jtag_uart_read_fd
                0x0000000000008c28                altera_avalon_jtag_uart_write_fd
 .text          0x0000000000008c88       0xec ../Prj3_bsp/\libhal_bsp.a(altera_avalon_jtag_uart_read.o)
                0x0000000000008c88                altera_avalon_jtag_uart_read
 .text          0x0000000000008d74       0x94 ../Prj3_bsp/\libhal_bsp.a(altera_avalon_jtag_uart_write.o)
                0x0000000000008d74                altera_avalon_jtag_uart_write
 .text          0x0000000000008e08       0xf4 ../Prj3_bsp/\libhal_bsp.a(altera_avalon_timer_sc.o)
                0x0000000000008e80                alt_avalon_timer_sc_init
 .text          0x0000000000008efc      0x114 ../Prj3_bsp/\libhal_bsp.a(alt_close.o)
                0x0000000000008f38                close
 .text          0x0000000000009010       0x20 ../Prj3_bsp/\libhal_bsp.a(alt_dcache_flush_all.o)
                0x0000000000009010                alt_dcache_flush_all
 .text          0x0000000000009030       0x2c ../Prj3_bsp/\libhal_bsp.a(alt_dev.o)
 .text          0x000000000000905c       0xe0 ../Prj3_bsp/\libhal_bsp.a(alt_dev_llist_insert.o)
                0x0000000000009098                alt_dev_llist_insert
 .text          0x000000000000913c       0x60 ../Prj3_bsp/\libhal_bsp.a(alt_do_ctors.o)
                0x000000000000913c                _do_ctors
 .text          0x000000000000919c       0x60 ../Prj3_bsp/\libhal_bsp.a(alt_do_dtors.o)
                0x000000000000919c                _do_dtors
 .text          0x00000000000091fc        0x0 ../Prj3_bsp/\libhal_bsp.a(alt_errno.o)
 .text          0x00000000000091fc        0x0 ../Prj3_bsp/\libhal_bsp.a(alt_exception_entry.o)
 .text          0x00000000000091fc       0x20 ../Prj3_bsp/\libhal_bsp.a(alt_icache_flush_all.o)
                0x00000000000091fc                alt_icache_flush_all
 .text          0x000000000000921c       0x9c ../Prj3_bsp/\libhal_bsp.a(alt_instruction_exception_entry.o)
                0x000000000000921c                alt_exception_cause_generated_bad_addr
 .text          0x00000000000092b8      0x160 ../Prj3_bsp/\libhal_bsp.a(alt_io_redirect.o)
                0x000000000000939c                alt_io_redirect
 .text          0x0000000000009418      0x284 ../Prj3_bsp/\libhal_bsp.a(alt_open.o)
                0x0000000000009540                open
 .text          0x000000000000969c       0x84 ../Prj3_bsp/\libhal_bsp.a(alt_release_fd.o)
                0x000000000000969c                alt_release_fd
 .text          0x0000000000009720      0x1a4 ../Prj3_bsp/\libhal_bsp.a(alt_tick.o)
                0x0000000000009720                alt_alarm_stop
                0x00000000000097bc                alt_tick
 .text          0x00000000000098c4       0x24 ../Prj3_bsp/\libhal_bsp.a(altera_nios2_gen2_irq.o)
                0x00000000000098c4                altera_nios2_gen2_irq_init
 .text          0x00000000000098e8       0x90 ../Prj3_bsp/\libhal_bsp.a(alt_find_dev.o)
                0x00000000000098e8                alt_find_dev
 .text          0x0000000000009978      0x108 ../Prj3_bsp/\libhal_bsp.a(alt_find_file.o)
                0x0000000000009978                alt_find_file
 .text          0x0000000000009a80       0xc4 ../Prj3_bsp/\libhal_bsp.a(alt_get_fd.o)
                0x0000000000009a80                alt_get_fd
 .text          0x0000000000009b44        0x0 d:/intelfpga_lite/18.1/nios2eds/bin/gnu/h-x86_64-mingw32/bin/../lib/gcc/nios2-elf/5.3.0/../../../../../H-x86_64-mingw32/nios2-elf/lib/mno-hw-mul\libsmallc.a(lib_a-atexit.o)
 .text.atexit   0x0000000000009b44       0x14 d:/intelfpga_lite/18.1/nios2eds/bin/gnu/h-x86_64-mingw32/bin/../lib/gcc/nios2-elf/5.3.0/../../../../../H-x86_64-mingw32/nios2-elf/lib/mno-hw-mul\libsmallc.a(lib_a-atexit.o)
                0x0000000000009b44                atexit
 .text          0x0000000000009b58        0x0 d:/intelfpga_lite/18.1/nios2eds/bin/gnu/h-x86_64-mingw32/bin/../lib/gcc/nios2-elf/5.3.0/../../../../../H-x86_64-mingw32/nios2-elf/lib/mno-hw-mul\libsmallc.a(lib_a-exit.o)
 .text.exit     0x0000000000009b58       0x20 d:/intelfpga_lite/18.1/nios2eds/bin/gnu/h-x86_64-mingw32/bin/../lib/gcc/nios2-elf/5.3.0/../../../../../H-x86_64-mingw32/nios2-elf/lib/mno-hw-mul\libsmallc.a(lib_a-exit.o)
                0x0000000000009b58                exit
 .text          0x0000000000009b78        0x0 d:/intelfpga_lite/18.1/nios2eds/bin/gnu/h-x86_64-mingw32/bin/../lib/gcc/nios2-elf/5.3.0/../../../../../H-x86_64-mingw32/nios2-elf/lib/mno-hw-mul\libsmallc.a(lib_a-int_errno.o)
 .text          0x0000000000009b78        0x0 d:/intelfpga_lite/18.1/nios2eds/bin/gnu/h-x86_64-mingw32/bin/../lib/gcc/nios2-elf/5.3.0/../../../../../H-x86_64-mingw32/nios2-elf/lib/mno-hw-mul\libsmallc.a(lib_a-memcmp.o)
 .text.memcmp   0x0000000000009b78       0x30 d:/intelfpga_lite/18.1/nios2eds/bin/gnu/h-x86_64-mingw32/bin/../lib/gcc/nios2-elf/5.3.0/../../../../../H-x86_64-mingw32/nios2-elf/lib/mno-hw-mul\libsmallc.a(lib_a-memcmp.o)
                0x0000000000009b78                memcmp
 .text          0x0000000000009ba8        0x0 d:/intelfpga_lite/18.1/nios2eds/bin/gnu/h-x86_64-mingw32/bin/../lib/gcc/nios2-elf/5.3.0/../../../../../H-x86_64-mingw32/nios2-elf/lib/mno-hw-mul\libsmallc.a(lib_a-strlen.o)
 .text.strlen   0x0000000000009ba8       0x1c d:/intelfpga_lite/18.1/nios2eds/bin/gnu/h-x86_64-mingw32/bin/../lib/gcc/nios2-elf/5.3.0/../../../../../H-x86_64-mingw32/nios2-elf/lib/mno-hw-mul\libsmallc.a(lib_a-strlen.o)
                0x0000000000009ba8                strlen
 .text          0x0000000000009bc4        0x0 d:/intelfpga_lite/18.1/nios2eds/bin/gnu/h-x86_64-mingw32/bin/../lib/gcc/nios2-elf/5.3.0/../../../../../H-x86_64-mingw32/nios2-elf/lib/mno-hw-mul\libsmallc.a(lib_a-__atexit.o)
 .text.__register_exitproc
                0x0000000000009bc4      0x158 d:/intelfpga_lite/18.1/nios2eds/bin/gnu/h-x86_64-mingw32/bin/../lib/gcc/nios2-elf/5.3.0/../../../../../H-x86_64-mingw32/nios2-elf/lib/mno-hw-mul\libsmallc.a(lib_a-__atexit.o)
                0x0000000000009bc4                __register_exitproc
 .text          0x0000000000009d1c        0x0 d:/intelfpga_lite/18.1/nios2eds/bin/gnu/h-x86_64-mingw32/bin/../lib/gcc/nios2-elf/5.3.0/../../../../../H-x86_64-mingw32/nios2-elf/lib/mno-hw-mul\libsmallc.a(lib_a-__call_atexit.o)
 .text.__call_exitprocs
                0x0000000000009d1c      0x190 d:/intelfpga_lite/18.1/nios2eds/bin/gnu/h-x86_64-mingw32/bin/../lib/gcc/nios2-elf/5.3.0/../../../../../H-x86_64-mingw32/nios2-elf/lib/mno-hw-mul\libsmallc.a(lib_a-__call_atexit.o)
                0x0000000000009d1c                __call_exitprocs
 .text          0x0000000000009eac        0x0 d:/intelfpga_lite/18.1/nios2eds/bin/gnu/h-x86_64-mingw32/bin/../lib/gcc/nios2-elf/5.3.0/../../../../../H-x86_64-mingw32/nios2-elf/lib/mno-hw-mul\libsmallc.a(lib_a-impure.o)
 .text          0x0000000000009eac       0x34 ../Prj3_bsp/\libhal_bsp.a(alt_exit.o)
                0x0000000000009eac                _exit
 *(.gnu.warning.*)
 *(.fini)
                [!provide]                        PROVIDE (__etext, ABSOLUTE (.))
                [!provide]                        PROVIDE (_etext, ABSOLUTE (.))
                [!provide]                        PROVIDE (etext, ABSOLUTE (.))
 *(.eh_frame_hdr)
                0x0000000000009ee0                . = ALIGN (0x4)
                [!provide]                        PROVIDE (__preinit_array_start, ABSOLUTE (.))
 *(.preinit_array)
                [!provide]                        PROVIDE (__preinit_array_end, ABSOLUTE (.))
                [!provide]                        PROVIDE (__init_array_start, ABSOLUTE (.))
 *(.init_array)
                [!provide]                        PROVIDE (__init_array_end, ABSOLUTE (.))
                [!provide]                        PROVIDE (__fini_array_start, ABSOLUTE (.))
 *(.fini_array)
                [!provide]                        PROVIDE (__fini_array_end, ABSOLUTE (.))
 *(.eh_frame)
 *(.gcc_except_table .gcc_except_table.*)
 *(.dynamic)
                0x0000000000009ee0                PROVIDE (__CTOR_LIST__, ABSOLUTE (.))
 *(.ctors)
 *(SORT(.ctors.*))
                0x0000000000009ee0                PROVIDE (__CTOR_END__, ABSOLUTE (.))
                0x0000000000009ee0                PROVIDE (__DTOR_LIST__, ABSOLUTE (.))
 *(.dtors)
 *(SORT(.dtors.*))
                0x0000000000009ee0                PROVIDE (__DTOR_END__, ABSOLUTE (.))
 *(.jcr)
                0x0000000000009ee0                . = ALIGN (0x4)

.rodata         0x0000000000009ee0       0x34
                0x0000000000009ee0                PROVIDE (__ram_rodata_start, ABSOLUTE (.))
                0x0000000000009ee0                . = ALIGN (0x4)
 *(.rodata .rodata.* .gnu.linkonce.r.*)
 .rodata        0x0000000000009ee0       0x11 ../Prj3_bsp/\libhal_bsp.a(alt_main.o)
 *fill*         0x0000000000009ef1        0x3 
 .rodata        0x0000000000009ef4       0x11 ../Prj3_bsp/\libhal_bsp.a(alt_sys_init.o)
 *fill*         0x0000000000009f05        0x3 
 .rodata        0x0000000000009f08        0xa ../Prj3_bsp/\libhal_bsp.a(alt_dev.o)
 *(.rodata1)
                0x0000000000009f14                . = ALIGN (0x4)
 *fill*         0x0000000000009f12        0x2 
                0x0000000000009f14                PROVIDE (__ram_rodata_end, ABSOLUTE (.))
                0x0000000000009ee0                PROVIDE (__flash_rodata_start, LOADADDR (.rodata))

.rwdata         0x0000000000009f14      0x2e0 load address 0x000000000000a1f4
                0x0000000000009f14                PROVIDE (__ram_rwdata_start, ABSOLUTE (.))
                0x0000000000009f14                . = ALIGN (0x4)
 *(.got.plt)
 *(.got)
 *(.data1)
 *(.data .data.* .gnu.linkonce.d.*)
 .data          0x0000000000009f14        0x0 ../Prj3_bsp//obj/HAL/src/crt0.o
 .data          0x0000000000009f14        0x0 obj/default/source.o
 .data          0x0000000000009f14        0x0 d:/intelfpga_lite/18.1/nios2eds/bin/gnu/h-x86_64-mingw32/bin/../lib/gcc/nios2-elf/5.3.0/mno-hw-mul\libgcc.a(lib2-divmod.o)
 .data          0x0000000000009f14        0x0 d:/intelfpga_lite/18.1/nios2eds/bin/gnu/h-x86_64-mingw32/bin/../lib/gcc/nios2-elf/5.3.0/mno-hw-mul\libgcc.a(lib2-mul.o)
 .data          0x0000000000009f14        0x0 ../Prj3_bsp/\libhal_bsp.a(alt_iic.o)
 .data          0x0000000000009f14        0x0 ../Prj3_bsp/\libhal_bsp.a(alt_iic_isr_register.o)
 .data          0x0000000000009f14        0x0 ../Prj3_bsp/\libhal_bsp.a(alt_irq_entry.o)
 .data          0x0000000000009f14        0x0 ../Prj3_bsp/\libhal_bsp.a(alt_irq_handler.o)
 .data          0x0000000000009f14        0x0 ../Prj3_bsp/\libhal_bsp.a(alt_irq_vars.o)
 .data          0x0000000000009f14        0x0 ../Prj3_bsp/\libhal_bsp.a(alt_load.o)
 .data          0x0000000000009f14        0x0 ../Prj3_bsp/\libhal_bsp.a(alt_main.o)
 .data          0x0000000000009f14       0x2c ../Prj3_bsp/\libhal_bsp.a(alt_sys_init.o)
 .data          0x0000000000009f40        0x0 ../Prj3_bsp/\libhal_bsp.a(altera_avalon_jtag_uart_fd.o)
 .data          0x0000000000009f40        0x0 ../Prj3_bsp/\libhal_bsp.a(altera_avalon_jtag_uart_read.o)
 .data          0x0000000000009f40        0x0 ../Prj3_bsp/\libhal_bsp.a(altera_avalon_jtag_uart_write.o)
 .data          0x0000000000009f40        0x0 ../Prj3_bsp/\libhal_bsp.a(altera_avalon_timer_sc.o)
 .data          0x0000000000009f40        0x0 ../Prj3_bsp/\libhal_bsp.a(alt_close.o)
 .data          0x0000000000009f40        0x0 ../Prj3_bsp/\libhal_bsp.a(alt_dcache_flush_all.o)
 .data          0x0000000000009f40      0x1a8 ../Prj3_bsp/\libhal_bsp.a(alt_dev.o)
                0x0000000000009f40                alt_dev_null
                0x0000000000009f68                alt_fd_list
 .data          0x000000000000a0e8        0x0 ../Prj3_bsp/\libhal_bsp.a(alt_dev_llist_insert.o)
 .data          0x000000000000a0e8        0x0 ../Prj3_bsp/\libhal_bsp.a(alt_do_ctors.o)
 .data          0x000000000000a0e8        0x0 ../Prj3_bsp/\libhal_bsp.a(alt_do_dtors.o)
 .data          0x000000000000a0e8        0x0 ../Prj3_bsp/\libhal_bsp.a(alt_errno.o)
 .data          0x000000000000a0e8        0x0 ../Prj3_bsp/\libhal_bsp.a(alt_exception_entry.o)
 .data          0x000000000000a0e8        0x0 ../Prj3_bsp/\libhal_bsp.a(alt_icache_flush_all.o)
 .data          0x000000000000a0e8        0x0 ../Prj3_bsp/\libhal_bsp.a(alt_instruction_exception_entry.o)
 .data          0x000000000000a0e8        0x0 ../Prj3_bsp/\libhal_bsp.a(alt_io_redirect.o)
 .data          0x000000000000a0e8        0x0 ../Prj3_bsp/\libhal_bsp.a(alt_open.o)
 .data          0x000000000000a0e8        0x0 ../Prj3_bsp/\libhal_bsp.a(alt_release_fd.o)
 .data          0x000000000000a0e8        0x0 ../Prj3_bsp/\libhal_bsp.a(alt_tick.o)
 .data          0x000000000000a0e8        0x0 ../Prj3_bsp/\libhal_bsp.a(altera_nios2_gen2_irq.o)
 .data          0x000000000000a0e8        0x0 ../Prj3_bsp/\libhal_bsp.a(alt_find_dev.o)
 .data          0x000000000000a0e8        0x0 ../Prj3_bsp/\libhal_bsp.a(alt_find_file.o)
 .data          0x000000000000a0e8        0x0 ../Prj3_bsp/\libhal_bsp.a(alt_get_fd.o)
 .data          0x000000000000a0e8        0x0 d:/intelfpga_lite/18.1/nios2eds/bin/gnu/h-x86_64-mingw32/bin/../lib/gcc/nios2-elf/5.3.0/../../../../../H-x86_64-mingw32/nios2-elf/lib/mno-hw-mul\libsmallc.a(lib_a-atexit.o)
 .data          0x000000000000a0e8        0x0 d:/intelfpga_lite/18.1/nios2eds/bin/gnu/h-x86_64-mingw32/bin/../lib/gcc/nios2-elf/5.3.0/../../../../../H-x86_64-mingw32/nios2-elf/lib/mno-hw-mul\libsmallc.a(lib_a-exit.o)
 .data          0x000000000000a0e8        0x0 d:/intelfpga_lite/18.1/nios2eds/bin/gnu/h-x86_64-mingw32/bin/../lib/gcc/nios2-elf/5.3.0/../../../../../H-x86_64-mingw32/nios2-elf/lib/mno-hw-mul\libsmallc.a(lib_a-int_errno.o)
 .data          0x000000000000a0e8        0x0 d:/intelfpga_lite/18.1/nios2eds/bin/gnu/h-x86_64-mingw32/bin/../lib/gcc/nios2-elf/5.3.0/../../../../../H-x86_64-mingw32/nios2-elf/lib/mno-hw-mul\libsmallc.a(lib_a-memcmp.o)
 .data          0x000000000000a0e8        0x0 d:/intelfpga_lite/18.1/nios2eds/bin/gnu/h-x86_64-mingw32/bin/../lib/gcc/nios2-elf/5.3.0/../../../../../H-x86_64-mingw32/nios2-elf/lib/mno-hw-mul\libsmallc.a(lib_a-strlen.o)
 .data          0x000000000000a0e8        0x0 d:/intelfpga_lite/18.1/nios2eds/bin/gnu/h-x86_64-mingw32/bin/../lib/gcc/nios2-elf/5.3.0/../../../../../H-x86_64-mingw32/nios2-elf/lib/mno-hw-mul\libsmallc.a(lib_a-__atexit.o)
 .data          0x000000000000a0e8        0x0 d:/intelfpga_lite/18.1/nios2eds/bin/gnu/h-x86_64-mingw32/bin/../lib/gcc/nios2-elf/5.3.0/../../../../../H-x86_64-mingw32/nios2-elf/lib/mno-hw-mul\libsmallc.a(lib_a-__call_atexit.o)
 .data          0x000000000000a0e8        0x0 d:/intelfpga_lite/18.1/nios2eds/bin/gnu/h-x86_64-mingw32/bin/../lib/gcc/nios2-elf/5.3.0/../../../../../H-x86_64-mingw32/nios2-elf/lib/mno-hw-mul\libsmallc.a(lib_a-impure.o)
 .data.impure_data
                0x000000000000a0e8       0xe0 d:/intelfpga_lite/18.1/nios2eds/bin/gnu/h-x86_64-mingw32/bin/../lib/gcc/nios2-elf/5.3.0/../../../../../H-x86_64-mingw32/nios2-elf/lib/mno-hw-mul\libsmallc.a(lib_a-impure.o)
 .data          0x000000000000a1c8        0x0 ../Prj3_bsp/\libhal_bsp.a(alt_exit.o)
                0x00000000000121c8                _gp = ABSOLUTE ((. + 0x8000))
                [!provide]                        PROVIDE (gp, _gp)
 *(.rwdata .rwdata.*)
 *(.sdata .sdata.* .gnu.linkonce.s.*)
 .sdata         0x000000000000a1c8        0x4 ../Prj3_bsp/\libhal_bsp.a(alt_irq_vars.o)
                0x000000000000a1c8                alt_priority_mask
 .sdata         0x000000000000a1cc       0x14 ../Prj3_bsp/\libhal_bsp.a(alt_dev.o)
                0x000000000000a1cc                alt_fs_list
                0x000000000000a1d4                alt_dev_list
                0x000000000000a1dc                alt_max_fd
 .sdata         0x000000000000a1e0        0x4 ../Prj3_bsp/\libhal_bsp.a(alt_errno.o)
                0x000000000000a1e0                alt_errno
 .sdata         0x000000000000a1e4        0x8 ../Prj3_bsp/\libhal_bsp.a(alt_tick.o)
                0x000000000000a1e4                alt_alarm_list
 .sdata._global_impure_ptr
                0x000000000000a1ec        0x4 d:/intelfpga_lite/18.1/nios2eds/bin/gnu/h-x86_64-mingw32/bin/../lib/gcc/nios2-elf/5.3.0/../../../../../H-x86_64-mingw32/nios2-elf/lib/mno-hw-mul\libsmallc.a(lib_a-impure.o)
                0x000000000000a1ec                _global_impure_ptr
 .sdata._impure_ptr
                0x000000000000a1f0        0x4 d:/intelfpga_lite/18.1/nios2eds/bin/gnu/h-x86_64-mingw32/bin/../lib/gcc/nios2-elf/5.3.0/../../../../../H-x86_64-mingw32/nios2-elf/lib/mno-hw-mul\libsmallc.a(lib_a-impure.o)
                0x000000000000a1f0                _impure_ptr
 *(.sdata2 .sdata2.* .gnu.linkonce.s2.*)
                0x000000000000a1f4                . = ALIGN (0x4)
                0x000000000000a1f4                _edata = ABSOLUTE (.)
                [!provide]                        PROVIDE (edata, ABSOLUTE (.))
                0x000000000000a1f4                PROVIDE (__ram_rwdata_end, ABSOLUTE (.))
                0x000000000000a1f4                PROVIDE (__flash_rwdata_start, LOADADDR (.rwdata))

.bss            0x000000000000a4d4      0x130
                0x000000000000a4d4                __bss_start = ABSOLUTE (.)
                [!provide]                        PROVIDE (__sbss_start, ABSOLUTE (.))
                [!provide]                        PROVIDE (___sbss_start, ABSOLUTE (.))
 *(.dynsbss)
 *(.sbss .sbss.* .gnu.linkonce.sb.*)
 .sbss          0x000000000000a4d4        0xc obj/default/source.o
                0x000000000000a4d4                sec
                0x000000000000a4d8                min
                0x000000000000a4dc                hour
 .sbss          0x000000000000a4e0        0x4 obj/default/source.o
                0x000000000000a4e0                mode
 .sbss          0x000000000000a4e4        0x4 ../Prj3_bsp/\libhal_bsp.a(alt_irq_vars.o)
                0x000000000000a4e4                alt_irq_active
 .sbss          0x000000000000a4e8        0xc ../Prj3_bsp/\libhal_bsp.a(alt_main.o)
                0x000000000000a4e8                alt_argc
                0x000000000000a4ec                alt_argv
                0x000000000000a4f0                alt_envp
 .sbss          0x000000000000a4f4        0x4 ../Prj3_bsp/\libhal_bsp.a(alt_instruction_exception_entry.o)
                0x000000000000a4f4                alt_instruction_exception_handler
 .sbss          0x000000000000a4f8        0x8 ../Prj3_bsp/\libhal_bsp.a(alt_tick.o)
                0x000000000000a4f8                _alt_tick_rate
                0x000000000000a4fc                _alt_nticks
 .sbss          0x000000000000a500        0x4 d:/intelfpga_lite/18.1/nios2eds/bin/gnu/h-x86_64-mingw32/bin/../lib/gcc/nios2-elf/5.3.0/../../../../../H-x86_64-mingw32/nios2-elf/lib/mno-hw-mul\libsmallc.a(lib_a-int_errno.o)
                0x000000000000a500                errno
 *(.sbss2 .sbss2.* .gnu.linkonce.sb2.*)
 *(.scommon)
                [!provide]                        PROVIDE (__sbss_end, ABSOLUTE (.))
                [!provide]                        PROVIDE (___sbss_end, ABSOLUTE (.))
 *(.dynbss)
 *(.bss .bss.* .gnu.linkonce.b.*)
 .bss           0x000000000000a504        0x0 ../Prj3_bsp//obj/HAL/src/crt0.o
 .bss           0x000000000000a504        0x0 obj/default/source.o
 .bss           0x000000000000a504        0x0 d:/intelfpga_lite/18.1/nios2eds/bin/gnu/h-x86_64-mingw32/bin/../lib/gcc/nios2-elf/5.3.0/mno-hw-mul\libgcc.a(lib2-divmod.o)
 .bss           0x000000000000a504        0x0 d:/intelfpga_lite/18.1/nios2eds/bin/gnu/h-x86_64-mingw32/bin/../lib/gcc/nios2-elf/5.3.0/mno-hw-mul\libgcc.a(lib2-mul.o)
 .bss           0x000000000000a504        0x0 ../Prj3_bsp/\libhal_bsp.a(alt_iic.o)
 .bss           0x000000000000a504        0x0 ../Prj3_bsp/\libhal_bsp.a(alt_iic_isr_register.o)
 .bss           0x000000000000a504        0x0 ../Prj3_bsp/\libhal_bsp.a(alt_irq_entry.o)
 .bss           0x000000000000a504        0x0 ../Prj3_bsp/\libhal_bsp.a(alt_irq_handler.o)
 .bss           0x000000000000a504        0x0 ../Prj3_bsp/\libhal_bsp.a(alt_irq_vars.o)
 .bss           0x000000000000a504        0x0 ../Prj3_bsp/\libhal_bsp.a(alt_load.o)
 .bss           0x000000000000a504        0x0 ../Prj3_bsp/\libhal_bsp.a(alt_main.o)
 .bss           0x000000000000a504        0x0 ../Prj3_bsp/\libhal_bsp.a(alt_sys_init.o)
 .bss           0x000000000000a504        0x0 ../Prj3_bsp/\libhal_bsp.a(altera_avalon_jtag_uart_fd.o)
 .bss           0x000000000000a504        0x0 ../Prj3_bsp/\libhal_bsp.a(altera_avalon_jtag_uart_read.o)
 .bss           0x000000000000a504        0x0 ../Prj3_bsp/\libhal_bsp.a(altera_avalon_jtag_uart_write.o)
 .bss           0x000000000000a504        0x0 ../Prj3_bsp/\libhal_bsp.a(altera_avalon_timer_sc.o)
 .bss           0x000000000000a504        0x0 ../Prj3_bsp/\libhal_bsp.a(alt_close.o)
 .bss           0x000000000000a504        0x0 ../Prj3_bsp/\libhal_bsp.a(alt_dcache_flush_all.o)
 .bss           0x000000000000a504        0x0 ../Prj3_bsp/\libhal_bsp.a(alt_dev.o)
 .bss           0x000000000000a504        0x0 ../Prj3_bsp/\libhal_bsp.a(alt_dev_llist_insert.o)
 .bss           0x000000000000a504        0x0 ../Prj3_bsp/\libhal_bsp.a(alt_do_ctors.o)
 .bss           0x000000000000a504        0x0 ../Prj3_bsp/\libhal_bsp.a(alt_do_dtors.o)
 .bss           0x000000000000a504        0x0 ../Prj3_bsp/\libhal_bsp.a(alt_errno.o)
 .bss           0x000000000000a504        0x0 ../Prj3_bsp/\libhal_bsp.a(alt_exception_entry.o)
 .bss           0x000000000000a504        0x0 ../Prj3_bsp/\libhal_bsp.a(alt_icache_flush_all.o)
 .bss           0x000000000000a504        0x0 ../Prj3_bsp/\libhal_bsp.a(alt_instruction_exception_entry.o)
 .bss           0x000000000000a504        0x0 ../Prj3_bsp/\libhal_bsp.a(alt_io_redirect.o)
 .bss           0x000000000000a504        0x0 ../Prj3_bsp/\libhal_bsp.a(alt_open.o)
 .bss           0x000000000000a504        0x0 ../Prj3_bsp/\libhal_bsp.a(alt_release_fd.o)
 .bss           0x000000000000a504        0x0 ../Prj3_bsp/\libhal_bsp.a(alt_tick.o)
 .bss           0x000000000000a504        0x0 ../Prj3_bsp/\libhal_bsp.a(altera_nios2_gen2_irq.o)
 .bss           0x000000000000a504        0x0 ../Prj3_bsp/\libhal_bsp.a(alt_find_dev.o)
 .bss           0x000000000000a504        0x0 ../Prj3_bsp/\libhal_bsp.a(alt_find_file.o)
 .bss           0x000000000000a504        0x0 ../Prj3_bsp/\libhal_bsp.a(alt_get_fd.o)
 .bss           0x000000000000a504        0x0 d:/intelfpga_lite/18.1/nios2eds/bin/gnu/h-x86_64-mingw32/bin/../lib/gcc/nios2-elf/5.3.0/../../../../../H-x86_64-mingw32/nios2-elf/lib/mno-hw-mul\libsmallc.a(lib_a-atexit.o)
 .bss           0x000000000000a504        0x0 d:/intelfpga_lite/18.1/nios2eds/bin/gnu/h-x86_64-mingw32/bin/../lib/gcc/nios2-elf/5.3.0/../../../../../H-x86_64-mingw32/nios2-elf/lib/mno-hw-mul\libsmallc.a(lib_a-exit.o)
 .bss           0x000000000000a504        0x0 d:/intelfpga_lite/18.1/nios2eds/bin/gnu/h-x86_64-mingw32/bin/../lib/gcc/nios2-elf/5.3.0/../../../../../H-x86_64-mingw32/nios2-elf/lib/mno-hw-mul\libsmallc.a(lib_a-int_errno.o)
 .bss           0x000000000000a504        0x0 d:/intelfpga_lite/18.1/nios2eds/bin/gnu/h-x86_64-mingw32/bin/../lib/gcc/nios2-elf/5.3.0/../../../../../H-x86_64-mingw32/nios2-elf/lib/mno-hw-mul\libsmallc.a(lib_a-memcmp.o)
 .bss           0x000000000000a504        0x0 d:/intelfpga_lite/18.1/nios2eds/bin/gnu/h-x86_64-mingw32/bin/../lib/gcc/nios2-elf/5.3.0/../../../../../H-x86_64-mingw32/nios2-elf/lib/mno-hw-mul\libsmallc.a(lib_a-strlen.o)
 .bss           0x000000000000a504        0x0 d:/intelfpga_lite/18.1/nios2eds/bin/gnu/h-x86_64-mingw32/bin/../lib/gcc/nios2-elf/5.3.0/../../../../../H-x86_64-mingw32/nios2-elf/lib/mno-hw-mul\libsmallc.a(lib_a-__atexit.o)
 .bss           0x000000000000a504        0x0 d:/intelfpga_lite/18.1/nios2eds/bin/gnu/h-x86_64-mingw32/bin/../lib/gcc/nios2-elf/5.3.0/../../../../../H-x86_64-mingw32/nios2-elf/lib/mno-hw-mul\libsmallc.a(lib_a-__call_atexit.o)
 .bss           0x000000000000a504        0x0 d:/intelfpga_lite/18.1/nios2eds/bin/gnu/h-x86_64-mingw32/bin/../lib/gcc/nios2-elf/5.3.0/../../../../../H-x86_64-mingw32/nios2-elf/lib/mno-hw-mul\libsmallc.a(lib_a-impure.o)
 .bss           0x000000000000a504        0x0 ../Prj3_bsp/\libhal_bsp.a(alt_exit.o)
 *(COMMON)
 COMMON         0x000000000000a504      0x100 ../Prj3_bsp/\libhal_bsp.a(alt_irq_handler.o)
                0x000000000000a504                alt_irq
                0x000000000000a604                . = ALIGN (0x4)
                0x000000000000a604                __bss_end = ABSOLUTE (.)

.onchip_memory2_0
                0x000000000000a604        0x0
                [!provide]                        PROVIDE (_alt_partition_onchip_memory2_0_start, ABSOLUTE (.))
 *(.onchip_memory2_0 .onchip_memory2_0. onchip_memory2_0.*)
                0x000000000000a604                . = ALIGN (0x4)
                [!provide]                        PROVIDE (_alt_partition_onchip_memory2_0_end, ABSOLUTE (.))
                0x000000000000a604                _end = ABSOLUTE (.)
                0x000000000000a604                end = ABSOLUTE (.)
                0x000000000000a604                __alt_stack_base = ABSOLUTE (.)
                [!provide]                        PROVIDE (_alt_partition_onchip_memory2_0_load_addr, LOADADDR (.onchip_memory2_0))

.stab
 *(.stab)

.stabstr
 *(.stabstr)

.stab.excl
 *(.stab.excl)

.stab.exclstr
 *(.stab.exclstr)

.stab.index
 *(.stab.index)

.stab.indexstr
 *(.stab.indexstr)

.comment        0x0000000000000000       0x23
 *(.comment)
 .comment       0x0000000000000000       0x23 obj/default/source.o
                                         0x24 (size before relaxing)
 .comment       0x0000000000000023       0x24 d:/intelfpga_lite/18.1/nios2eds/bin/gnu/h-x86_64-mingw32/bin/../lib/gcc/nios2-elf/5.3.0/mno-hw-mul\libgcc.a(lib2-divmod.o)
 .comment       0x0000000000000023       0x24 d:/intelfpga_lite/18.1/nios2eds/bin/gnu/h-x86_64-mingw32/bin/../lib/gcc/nios2-elf/5.3.0/mno-hw-mul\libgcc.a(lib2-mul.o)
 .comment       0x0000000000000023       0x24 ../Prj3_bsp/\libhal_bsp.a(alt_iic.o)
 .comment       0x0000000000000023       0x24 ../Prj3_bsp/\libhal_bsp.a(alt_iic_isr_register.o)
 .comment       0x0000000000000023       0x24 ../Prj3_bsp/\libhal_bsp.a(alt_irq_handler.o)
 .comment       0x0000000000000023       0x24 ../Prj3_bsp/\libhal_bsp.a(alt_irq_vars.o)
 .comment       0x0000000000000023       0x24 ../Prj3_bsp/\libhal_bsp.a(alt_load.o)
 .comment       0x0000000000000023       0x24 ../Prj3_bsp/\libhal_bsp.a(alt_main.o)
 .comment       0x0000000000000023       0x24 ../Prj3_bsp/\libhal_bsp.a(alt_sys_init.o)
 .comment       0x0000000000000023       0x24 ../Prj3_bsp/\libhal_bsp.a(altera_avalon_jtag_uart_fd.o)
 .comment       0x0000000000000023       0x24 ../Prj3_bsp/\libhal_bsp.a(altera_avalon_jtag_uart_read.o)
 .comment       0x0000000000000023       0x24 ../Prj3_bsp/\libhal_bsp.a(altera_avalon_jtag_uart_write.o)
 .comment       0x0000000000000023       0x24 ../Prj3_bsp/\libhal_bsp.a(altera_avalon_timer_sc.o)
 .comment       0x0000000000000023       0x24 ../Prj3_bsp/\libhal_bsp.a(alt_close.o)
 .comment       0x0000000000000023       0x24 ../Prj3_bsp/\libhal_bsp.a(alt_dcache_flush_all.o)
 .comment       0x0000000000000023       0x24 ../Prj3_bsp/\libhal_bsp.a(alt_dev.o)
 .comment       0x0000000000000023       0x24 ../Prj3_bsp/\libhal_bsp.a(alt_dev_llist_insert.o)
 .comment       0x0000000000000023       0x24 ../Prj3_bsp/\libhal_bsp.a(alt_do_ctors.o)
 .comment       0x0000000000000023       0x24 ../Prj3_bsp/\libhal_bsp.a(alt_do_dtors.o)
 .comment       0x0000000000000023       0x24 ../Prj3_bsp/\libhal_bsp.a(alt_errno.o)
 .comment       0x0000000000000023       0x24 ../Prj3_bsp/\libhal_bsp.a(alt_icache_flush_all.o)
 .comment       0x0000000000000023       0x24 ../Prj3_bsp/\libhal_bsp.a(alt_instruction_exception_entry.o)
 .comment       0x0000000000000023       0x24 ../Prj3_bsp/\libhal_bsp.a(alt_io_redirect.o)
 .comment       0x0000000000000023       0x24 ../Prj3_bsp/\libhal_bsp.a(alt_open.o)
 .comment       0x0000000000000023       0x24 ../Prj3_bsp/\libhal_bsp.a(alt_release_fd.o)
 .comment       0x0000000000000023       0x24 ../Prj3_bsp/\libhal_bsp.a(alt_tick.o)
 .comment       0x0000000000000023       0x24 ../Prj3_bsp/\libhal_bsp.a(altera_nios2_gen2_irq.o)
 .comment       0x0000000000000023       0x24 ../Prj3_bsp/\libhal_bsp.a(alt_find_dev.o)
 .comment       0x0000000000000023       0x24 ../Prj3_bsp/\libhal_bsp.a(alt_find_file.o)
 .comment       0x0000000000000023       0x24 ../Prj3_bsp/\libhal_bsp.a(alt_get_fd.o)
 .comment       0x0000000000000023       0x24 d:/intelfpga_lite/18.1/nios2eds/bin/gnu/h-x86_64-mingw32/bin/../lib/gcc/nios2-elf/5.3.0/../../../../../H-x86_64-mingw32/nios2-elf/lib/mno-hw-mul\libsmallc.a(lib_a-atexit.o)
 .comment       0x0000000000000023       0x24 d:/intelfpga_lite/18.1/nios2eds/bin/gnu/h-x86_64-mingw32/bin/../lib/gcc/nios2-elf/5.3.0/../../../../../H-x86_64-mingw32/nios2-elf/lib/mno-hw-mul\libsmallc.a(lib_a-exit.o)
 .comment       0x0000000000000023       0x24 d:/intelfpga_lite/18.1/nios2eds/bin/gnu/h-x86_64-mingw32/bin/../lib/gcc/nios2-elf/5.3.0/../../../../../H-x86_64-mingw32/nios2-elf/lib/mno-hw-mul\libsmallc.a(lib_a-int_errno.o)
 .comment       0x0000000000000023       0x24 d:/intelfpga_lite/18.1/nios2eds/bin/gnu/h-x86_64-mingw32/bin/../lib/gcc/nios2-elf/5.3.0/../../../../../H-x86_64-mingw32/nios2-elf/lib/mno-hw-mul\libsmallc.a(lib_a-memcmp.o)
 .comment       0x0000000000000023       0x24 d:/intelfpga_lite/18.1/nios2eds/bin/gnu/h-x86_64-mingw32/bin/../lib/gcc/nios2-elf/5.3.0/../../../../../H-x86_64-mingw32/nios2-elf/lib/mno-hw-mul\libsmallc.a(lib_a-strlen.o)
 .comment       0x0000000000000023       0x24 d:/intelfpga_lite/18.1/nios2eds/bin/gnu/h-x86_64-mingw32/bin/../lib/gcc/nios2-elf/5.3.0/../../../../../H-x86_64-mingw32/nios2-elf/lib/mno-hw-mul\libsmallc.a(lib_a-__atexit.o)
 .comment       0x0000000000000023       0x24 d:/intelfpga_lite/18.1/nios2eds/bin/gnu/h-x86_64-mingw32/bin/../lib/gcc/nios2-elf/5.3.0/../../../../../H-x86_64-mingw32/nios2-elf/lib/mno-hw-mul\libsmallc.a(lib_a-__call_atexit.o)
 .comment       0x0000000000000023       0x24 d:/intelfpga_lite/18.1/nios2eds/bin/gnu/h-x86_64-mingw32/bin/../lib/gcc/nios2-elf/5.3.0/../../../../../H-x86_64-mingw32/nios2-elf/lib/mno-hw-mul\libsmallc.a(lib_a-impure.o)
 .comment       0x0000000000000023       0x24 ../Prj3_bsp/\libhal_bsp.a(alt_exit.o)

.debug
 *(.debug)

.line
 *(.line)

.debug_srcinfo
 *(.debug_srcinfo)

.debug_sfnames
 *(.debug_sfnames)

.debug_aranges  0x0000000000000000      0x578
 *(.debug_aranges)
 .debug_aranges
                0x0000000000000000       0x28 ../Prj3_bsp//obj/HAL/src/crt0.o
 .debug_aranges
                0x0000000000000028       0x20 obj/default/source.o
 .debug_aranges
                0x0000000000000048       0x20 d:/intelfpga_lite/18.1/nios2eds/bin/gnu/h-x86_64-mingw32/bin/../lib/gcc/nios2-elf/5.3.0/mno-hw-mul\libgcc.a(lib2-divmod.o)
 .debug_aranges
                0x0000000000000068       0x20 d:/intelfpga_lite/18.1/nios2eds/bin/gnu/h-x86_64-mingw32/bin/../lib/gcc/nios2-elf/5.3.0/mno-hw-mul\libgcc.a(lib2-mul.o)
 .debug_aranges
                0x0000000000000088       0x20 ../Prj3_bsp/\libhal_bsp.a(alt_iic.o)
 .debug_aranges
                0x00000000000000a8       0x20 ../Prj3_bsp/\libhal_bsp.a(alt_iic_isr_register.o)
 .debug_aranges
                0x00000000000000c8       0x30 ../Prj3_bsp/\libhal_bsp.a(alt_irq_entry.o)
 .debug_aranges
                0x00000000000000f8       0x20 ../Prj3_bsp/\libhal_bsp.a(alt_irq_handler.o)
 .debug_aranges
                0x0000000000000118       0x18 ../Prj3_bsp/\libhal_bsp.a(alt_irq_vars.o)
 .debug_aranges
                0x0000000000000130       0x20 ../Prj3_bsp/\libhal_bsp.a(alt_load.o)
 .debug_aranges
                0x0000000000000150       0x20 ../Prj3_bsp/\libhal_bsp.a(alt_main.o)
 .debug_aranges
                0x0000000000000170       0x20 ../Prj3_bsp/\libhal_bsp.a(alt_sys_init.o)
 .debug_aranges
                0x0000000000000190       0x20 ../Prj3_bsp/\libhal_bsp.a(altera_avalon_jtag_uart_fd.o)
 .debug_aranges
                0x00000000000001b0       0x20 ../Prj3_bsp/\libhal_bsp.a(altera_avalon_jtag_uart_read.o)
 .debug_aranges
                0x00000000000001d0       0x20 ../Prj3_bsp/\libhal_bsp.a(altera_avalon_jtag_uart_write.o)
 .debug_aranges
                0x00000000000001f0       0x20 ../Prj3_bsp/\libhal_bsp.a(altera_avalon_timer_sc.o)
 .debug_aranges
                0x0000000000000210       0x20 ../Prj3_bsp/\libhal_bsp.a(alt_close.o)
 .debug_aranges
                0x0000000000000230       0x20 ../Prj3_bsp/\libhal_bsp.a(alt_dcache_flush_all.o)
 .debug_aranges
                0x0000000000000250       0x20 ../Prj3_bsp/\libhal_bsp.a(alt_dev.o)
 .debug_aranges
                0x0000000000000270       0x20 ../Prj3_bsp/\libhal_bsp.a(alt_dev_llist_insert.o)
 .debug_aranges
                0x0000000000000290       0x20 ../Prj3_bsp/\libhal_bsp.a(alt_do_ctors.o)
 .debug_aranges
                0x00000000000002b0       0x20 ../Prj3_bsp/\libhal_bsp.a(alt_do_dtors.o)
 .debug_aranges
                0x00000000000002d0       0x18 ../Prj3_bsp/\libhal_bsp.a(alt_errno.o)
 .debug_aranges
                0x00000000000002e8       0x38 ../Prj3_bsp/\libhal_bsp.a(alt_exception_entry.o)
 .debug_aranges
                0x0000000000000320       0x20 ../Prj3_bsp/\libhal_bsp.a(alt_icache_flush_all.o)
 .debug_aranges
                0x0000000000000340       0x28 ../Prj3_bsp/\libhal_bsp.a(alt_instruction_exception_entry.o)
 .debug_aranges
                0x0000000000000368       0x20 ../Prj3_bsp/\libhal_bsp.a(alt_io_redirect.o)
 .debug_aranges
                0x0000000000000388       0x20 ../Prj3_bsp/\libhal_bsp.a(alt_open.o)
 .debug_aranges
                0x00000000000003a8       0x20 ../Prj3_bsp/\libhal_bsp.a(alt_release_fd.o)
 .debug_aranges
                0x00000000000003c8       0x20 ../Prj3_bsp/\libhal_bsp.a(alt_tick.o)
 .debug_aranges
                0x00000000000003e8       0x20 ../Prj3_bsp/\libhal_bsp.a(altera_nios2_gen2_irq.o)
 .debug_aranges
                0x0000000000000408       0x20 ../Prj3_bsp/\libhal_bsp.a(alt_find_dev.o)
 .debug_aranges
                0x0000000000000428       0x20 ../Prj3_bsp/\libhal_bsp.a(alt_find_file.o)
 .debug_aranges
                0x0000000000000448       0x20 ../Prj3_bsp/\libhal_bsp.a(alt_get_fd.o)
 .debug_aranges
                0x0000000000000468       0x20 d:/intelfpga_lite/18.1/nios2eds/bin/gnu/h-x86_64-mingw32/bin/../lib/gcc/nios2-elf/5.3.0/../../../../../H-x86_64-mingw32/nios2-elf/lib/mno-hw-mul\libsmallc.a(lib_a-atexit.o)
 .debug_aranges
                0x0000000000000488       0x20 d:/intelfpga_lite/18.1/nios2eds/bin/gnu/h-x86_64-mingw32/bin/../lib/gcc/nios2-elf/5.3.0/../../../../../H-x86_64-mingw32/nios2-elf/lib/mno-hw-mul\libsmallc.a(lib_a-exit.o)
 .debug_aranges
                0x00000000000004a8       0x18 d:/intelfpga_lite/18.1/nios2eds/bin/gnu/h-x86_64-mingw32/bin/../lib/gcc/nios2-elf/5.3.0/../../../../../H-x86_64-mingw32/nios2-elf/lib/mno-hw-mul\libsmallc.a(lib_a-int_errno.o)
 .debug_aranges
                0x00000000000004c0       0x20 d:/intelfpga_lite/18.1/nios2eds/bin/gnu/h-x86_64-mingw32/bin/../lib/gcc/nios2-elf/5.3.0/../../../../../H-x86_64-mingw32/nios2-elf/lib/mno-hw-mul\libsmallc.a(lib_a-memcmp.o)
 .debug_aranges
                0x00000000000004e0       0x20 d:/intelfpga_lite/18.1/nios2eds/bin/gnu/h-x86_64-mingw32/bin/../lib/gcc/nios2-elf/5.3.0/../../../../../H-x86_64-mingw32/nios2-elf/lib/mno-hw-mul\libsmallc.a(lib_a-strlen.o)
 .debug_aranges
                0x0000000000000500       0x20 d:/intelfpga_lite/18.1/nios2eds/bin/gnu/h-x86_64-mingw32/bin/../lib/gcc/nios2-elf/5.3.0/../../../../../H-x86_64-mingw32/nios2-elf/lib/mno-hw-mul\libsmallc.a(lib_a-__atexit.o)
 .debug_aranges
                0x0000000000000520       0x20 d:/intelfpga_lite/18.1/nios2eds/bin/gnu/h-x86_64-mingw32/bin/../lib/gcc/nios2-elf/5.3.0/../../../../../H-x86_64-mingw32/nios2-elf/lib/mno-hw-mul\libsmallc.a(lib_a-__call_atexit.o)
 .debug_aranges
                0x0000000000000540       0x18 d:/intelfpga_lite/18.1/nios2eds/bin/gnu/h-x86_64-mingw32/bin/../lib/gcc/nios2-elf/5.3.0/../../../../../H-x86_64-mingw32/nios2-elf/lib/mno-hw-mul\libsmallc.a(lib_a-impure.o)
 .debug_aranges
                0x0000000000000558       0x20 ../Prj3_bsp/\libhal_bsp.a(alt_exit.o)

.debug_pubnames
 *(.debug_pubnames)

.debug_info     0x0000000000000000     0x59af
 *(.debug_info .gnu.linkonce.wi.*)
 .debug_info    0x0000000000000000       0x5a ../Prj3_bsp//obj/HAL/src/crt0.o
 .debug_info    0x000000000000005a      0x19d obj/default/source.o
 .debug_info    0x00000000000001f7      0x2c6 d:/intelfpga_lite/18.1/nios2eds/bin/gnu/h-x86_64-mingw32/bin/../lib/gcc/nios2-elf/5.3.0/mno-hw-mul\libgcc.a(lib2-divmod.o)
 .debug_info    0x00000000000004bd       0xb4 d:/intelfpga_lite/18.1/nios2eds/bin/gnu/h-x86_64-mingw32/bin/../lib/gcc/nios2-elf/5.3.0/mno-hw-mul\libgcc.a(lib2-mul.o)
 .debug_info    0x0000000000000571      0x350 ../Prj3_bsp/\libhal_bsp.a(alt_iic.o)
 .debug_info    0x00000000000008c1      0x1ef ../Prj3_bsp/\libhal_bsp.a(alt_iic_isr_register.o)
 .debug_info    0x0000000000000ab0       0x63 ../Prj3_bsp/\libhal_bsp.a(alt_irq_entry.o)
 .debug_info    0x0000000000000b13      0x187 ../Prj3_bsp/\libhal_bsp.a(alt_irq_handler.o)
 .debug_info    0x0000000000000c9a       0x88 ../Prj3_bsp/\libhal_bsp.a(alt_irq_vars.o)
 .debug_info    0x0000000000000d22      0x145 ../Prj3_bsp/\libhal_bsp.a(alt_load.o)
 .debug_info    0x0000000000000e67      0x131 ../Prj3_bsp/\libhal_bsp.a(alt_main.o)
 .debug_info    0x0000000000000f98      0x3df ../Prj3_bsp/\libhal_bsp.a(alt_sys_init.o)
 .debug_info    0x0000000000001377      0x3a7 ../Prj3_bsp/\libhal_bsp.a(altera_avalon_jtag_uart_fd.o)
 .debug_info    0x000000000000171e      0x1b2 ../Prj3_bsp/\libhal_bsp.a(altera_avalon_jtag_uart_read.o)
 .debug_info    0x00000000000018d0      0x195 ../Prj3_bsp/\libhal_bsp.a(altera_avalon_jtag_uart_write.o)
 .debug_info    0x0000000000001a65      0x226 ../Prj3_bsp/\libhal_bsp.a(altera_avalon_timer_sc.o)
 .debug_info    0x0000000000001c8b      0x321 ../Prj3_bsp/\libhal_bsp.a(alt_close.o)
 .debug_info    0x0000000000001fac       0x92 ../Prj3_bsp/\libhal_bsp.a(alt_dcache_flush_all.o)
 .debug_info    0x000000000000203e      0x49c ../Prj3_bsp/\libhal_bsp.a(alt_dev.o)
 .debug_info    0x00000000000024da      0x1a9 ../Prj3_bsp/\libhal_bsp.a(alt_dev_llist_insert.o)
 .debug_info    0x0000000000002683       0x83 ../Prj3_bsp/\libhal_bsp.a(alt_do_ctors.o)
 .debug_info    0x0000000000002706       0x83 ../Prj3_bsp/\libhal_bsp.a(alt_do_dtors.o)
 .debug_info    0x0000000000002789       0xa6 ../Prj3_bsp/\libhal_bsp.a(alt_errno.o)
 .debug_info    0x000000000000282f       0x69 ../Prj3_bsp/\libhal_bsp.a(alt_exception_entry.o)
 .debug_info    0x0000000000002898       0x92 ../Prj3_bsp/\libhal_bsp.a(alt_icache_flush_all.o)
 .debug_info    0x000000000000292a      0x1e7 ../Prj3_bsp/\libhal_bsp.a(alt_instruction_exception_entry.o)
 .debug_info    0x0000000000002b11      0x4a5 ../Prj3_bsp/\libhal_bsp.a(alt_io_redirect.o)
 .debug_info    0x0000000000002fb6      0x3bb ../Prj3_bsp/\libhal_bsp.a(alt_open.o)
 .debug_info    0x0000000000003371      0x2b0 ../Prj3_bsp/\libhal_bsp.a(alt_release_fd.o)
 .debug_info    0x0000000000003621      0x299 ../Prj3_bsp/\libhal_bsp.a(alt_tick.o)
 .debug_info    0x00000000000038ba       0x92 ../Prj3_bsp/\libhal_bsp.a(altera_nios2_gen2_irq.o)
 .debug_info    0x000000000000394c      0x2e9 ../Prj3_bsp/\libhal_bsp.a(alt_find_dev.o)
 .debug_info    0x0000000000003c35      0x2e6 ../Prj3_bsp/\libhal_bsp.a(alt_find_file.o)
 .debug_info    0x0000000000003f1b      0x310 ../Prj3_bsp/\libhal_bsp.a(alt_get_fd.o)
 .debug_info    0x000000000000422b       0xfe d:/intelfpga_lite/18.1/nios2eds/bin/gnu/h-x86_64-mingw32/bin/../lib/gcc/nios2-elf/5.3.0/../../../../../H-x86_64-mingw32/nios2-elf/lib/mno-hw-mul\libsmallc.a(lib_a-atexit.o)
 .debug_info    0x0000000000004329       0xe5 d:/intelfpga_lite/18.1/nios2eds/bin/gnu/h-x86_64-mingw32/bin/../lib/gcc/nios2-elf/5.3.0/../../../../../H-x86_64-mingw32/nios2-elf/lib/mno-hw-mul\libsmallc.a(lib_a-exit.o)
 .debug_info    0x000000000000440e       0x8a d:/intelfpga_lite/18.1/nios2eds/bin/gnu/h-x86_64-mingw32/bin/../lib/gcc/nios2-elf/5.3.0/../../../../../H-x86_64-mingw32/nios2-elf/lib/mno-hw-mul\libsmallc.a(lib_a-int_errno.o)
 .debug_info    0x0000000000004498       0xf4 d:/intelfpga_lite/18.1/nios2eds/bin/gnu/h-x86_64-mingw32/bin/../lib/gcc/nios2-elf/5.3.0/../../../../../H-x86_64-mingw32/nios2-elf/lib/mno-hw-mul\libsmallc.a(lib_a-memcmp.o)
 .debug_info    0x000000000000458c       0xc9 d:/intelfpga_lite/18.1/nios2eds/bin/gnu/h-x86_64-mingw32/bin/../lib/gcc/nios2-elf/5.3.0/../../../../../H-x86_64-mingw32/nios2-elf/lib/mno-hw-mul\libsmallc.a(lib_a-strlen.o)
 .debug_info    0x0000000000004655      0x64a d:/intelfpga_lite/18.1/nios2eds/bin/gnu/h-x86_64-mingw32/bin/../lib/gcc/nios2-elf/5.3.0/../../../../../H-x86_64-mingw32/nios2-elf/lib/mno-hw-mul\libsmallc.a(lib_a-__atexit.o)
 .debug_info    0x0000000000004c9f      0x67b d:/intelfpga_lite/18.1/nios2eds/bin/gnu/h-x86_64-mingw32/bin/../lib/gcc/nios2-elf/5.3.0/../../../../../H-x86_64-mingw32/nios2-elf/lib/mno-hw-mul\libsmallc.a(lib_a-__call_atexit.o)
 .debug_info    0x000000000000531a      0x5a9 d:/intelfpga_lite/18.1/nios2eds/bin/gnu/h-x86_64-mingw32/bin/../lib/gcc/nios2-elf/5.3.0/../../../../../H-x86_64-mingw32/nios2-elf/lib/mno-hw-mul\libsmallc.a(lib_a-impure.o)
 .debug_info    0x00000000000058c3       0xec ../Prj3_bsp/\libhal_bsp.a(alt_exit.o)

.debug_abbrev   0x0000000000000000     0x2324
 *(.debug_abbrev)
 .debug_abbrev  0x0000000000000000       0x12 ../Prj3_bsp//obj/HAL/src/crt0.o
 .debug_abbrev  0x0000000000000012       0xe9 obj/default/source.o
 .debug_abbrev  0x00000000000000fb      0x10e d:/intelfpga_lite/18.1/nios2eds/bin/gnu/h-x86_64-mingw32/bin/../lib/gcc/nios2-elf/5.3.0/mno-hw-mul\libgcc.a(lib2-divmod.o)
 .debug_abbrev  0x0000000000000209       0x6f d:/intelfpga_lite/18.1/nios2eds/bin/gnu/h-x86_64-mingw32/bin/../lib/gcc/nios2-elf/5.3.0/mno-hw-mul\libgcc.a(lib2-mul.o)
 .debug_abbrev  0x0000000000000278      0x163 ../Prj3_bsp/\libhal_bsp.a(alt_iic.o)
 .debug_abbrev  0x00000000000003db      0x169 ../Prj3_bsp/\libhal_bsp.a(alt_iic_isr_register.o)
 .debug_abbrev  0x0000000000000544       0x12 ../Prj3_bsp/\libhal_bsp.a(alt_irq_entry.o)
 .debug_abbrev  0x0000000000000556      0x122 ../Prj3_bsp/\libhal_bsp.a(alt_irq_handler.o)
 .debug_abbrev  0x0000000000000678       0x40 ../Prj3_bsp/\libhal_bsp.a(alt_irq_vars.o)
 .debug_abbrev  0x00000000000006b8       0x9f ../Prj3_bsp/\libhal_bsp.a(alt_load.o)
 .debug_abbrev  0x0000000000000757       0xba ../Prj3_bsp/\libhal_bsp.a(alt_main.o)
 .debug_abbrev  0x0000000000000811      0x157 ../Prj3_bsp/\libhal_bsp.a(alt_sys_init.o)
 .debug_abbrev  0x0000000000000968       0xf7 ../Prj3_bsp/\libhal_bsp.a(altera_avalon_jtag_uart_fd.o)
 .debug_abbrev  0x0000000000000a5f       0xd5 ../Prj3_bsp/\libhal_bsp.a(altera_avalon_jtag_uart_read.o)
 .debug_abbrev  0x0000000000000b34       0xd5 ../Prj3_bsp/\libhal_bsp.a(altera_avalon_jtag_uart_write.o)
 .debug_abbrev  0x0000000000000c09      0x155 ../Prj3_bsp/\libhal_bsp.a(altera_avalon_timer_sc.o)
 .debug_abbrev  0x0000000000000d5e      0x11f ../Prj3_bsp/\libhal_bsp.a(alt_close.o)
 .debug_abbrev  0x0000000000000e7d       0x42 ../Prj3_bsp/\libhal_bsp.a(alt_dcache_flush_all.o)
 .debug_abbrev  0x0000000000000ebf       0xd9 ../Prj3_bsp/\libhal_bsp.a(alt_dev.o)
 .debug_abbrev  0x0000000000000f98      0x114 ../Prj3_bsp/\libhal_bsp.a(alt_dev_llist_insert.o)
 .debug_abbrev  0x00000000000010ac       0x79 ../Prj3_bsp/\libhal_bsp.a(alt_do_ctors.o)
 .debug_abbrev  0x0000000000001125       0x79 ../Prj3_bsp/\libhal_bsp.a(alt_do_dtors.o)
 .debug_abbrev  0x000000000000119e       0x5a ../Prj3_bsp/\libhal_bsp.a(alt_errno.o)
 .debug_abbrev  0x00000000000011f8       0x12 ../Prj3_bsp/\libhal_bsp.a(alt_exception_entry.o)
 .debug_abbrev  0x000000000000120a       0x42 ../Prj3_bsp/\libhal_bsp.a(alt_icache_flush_all.o)
 .debug_abbrev  0x000000000000124c       0xdc ../Prj3_bsp/\libhal_bsp.a(alt_instruction_exception_entry.o)
 .debug_abbrev  0x0000000000001328      0x114 ../Prj3_bsp/\libhal_bsp.a(alt_io_redirect.o)
 .debug_abbrev  0x000000000000143c      0x148 ../Prj3_bsp/\libhal_bsp.a(alt_open.o)
 .debug_abbrev  0x0000000000001584       0xde ../Prj3_bsp/\libhal_bsp.a(alt_release_fd.o)
 .debug_abbrev  0x0000000000001662      0x15a ../Prj3_bsp/\libhal_bsp.a(alt_tick.o)
 .debug_abbrev  0x00000000000017bc       0x42 ../Prj3_bsp/\libhal_bsp.a(altera_nios2_gen2_irq.o)
 .debug_abbrev  0x00000000000017fe       0xf0 ../Prj3_bsp/\libhal_bsp.a(alt_find_dev.o)
 .debug_abbrev  0x00000000000018ee       0xf0 ../Prj3_bsp/\libhal_bsp.a(alt_find_file.o)
 .debug_abbrev  0x00000000000019de      0x10d ../Prj3_bsp/\libhal_bsp.a(alt_get_fd.o)
 .debug_abbrev  0x0000000000001aeb       0xaa d:/intelfpga_lite/18.1/nios2eds/bin/gnu/h-x86_64-mingw32/bin/../lib/gcc/nios2-elf/5.3.0/../../../../../H-x86_64-mingw32/nios2-elf/lib/mno-hw-mul\libsmallc.a(lib_a-atexit.o)
 .debug_abbrev  0x0000000000001b95       0x8b d:/intelfpga_lite/18.1/nios2eds/bin/gnu/h-x86_64-mingw32/bin/../lib/gcc/nios2-elf/5.3.0/../../../../../H-x86_64-mingw32/nios2-elf/lib/mno-hw-mul\libsmallc.a(lib_a-exit.o)
 .debug_abbrev  0x0000000000001c20       0x37 d:/intelfpga_lite/18.1/nios2eds/bin/gnu/h-x86_64-mingw32/bin/../lib/gcc/nios2-elf/5.3.0/../../../../../H-x86_64-mingw32/nios2-elf/lib/mno-hw-mul\libsmallc.a(lib_a-int_errno.o)
 .debug_abbrev  0x0000000000001c57       0x7f d:/intelfpga_lite/18.1/nios2eds/bin/gnu/h-x86_64-mingw32/bin/../lib/gcc/nios2-elf/5.3.0/../../../../../H-x86_64-mingw32/nios2-elf/lib/mno-hw-mul\libsmallc.a(lib_a-memcmp.o)
 .debug_abbrev  0x0000000000001cd6       0x7f d:/intelfpga_lite/18.1/nios2eds/bin/gnu/h-x86_64-mingw32/bin/../lib/gcc/nios2-elf/5.3.0/../../../../../H-x86_64-mingw32/nios2-elf/lib/mno-hw-mul\libsmallc.a(lib_a-strlen.o)
 .debug_abbrev  0x0000000000001d55      0x1e6 d:/intelfpga_lite/18.1/nios2eds/bin/gnu/h-x86_64-mingw32/bin/../lib/gcc/nios2-elf/5.3.0/../../../../../H-x86_64-mingw32/nios2-elf/lib/mno-hw-mul\libsmallc.a(lib_a-__atexit.o)
 .debug_abbrev  0x0000000000001f3b      0x1f6 d:/intelfpga_lite/18.1/nios2eds/bin/gnu/h-x86_64-mingw32/bin/../lib/gcc/nios2-elf/5.3.0/../../../../../H-x86_64-mingw32/nios2-elf/lib/mno-hw-mul\libsmallc.a(lib_a-__call_atexit.o)
 .debug_abbrev  0x0000000000002131      0x14a d:/intelfpga_lite/18.1/nios2eds/bin/gnu/h-x86_64-mingw32/bin/../lib/gcc/nios2-elf/5.3.0/../../../../../H-x86_64-mingw32/nios2-elf/lib/mno-hw-mul\libsmallc.a(lib_a-impure.o)
 .debug_abbrev  0x000000000000227b       0xa9 ../Prj3_bsp/\libhal_bsp.a(alt_exit.o)

.debug_line     0x0000000000000000     0x2489
 *(.debug_line)
 .debug_line    0x0000000000000000       0x66 ../Prj3_bsp//obj/HAL/src/crt0.o
 .debug_line    0x0000000000000066       0xa7 obj/default/source.o
 .debug_line    0x000000000000010d      0x105 d:/intelfpga_lite/18.1/nios2eds/bin/gnu/h-x86_64-mingw32/bin/../lib/gcc/nios2-elf/5.3.0/mno-hw-mul\libgcc.a(lib2-divmod.o)
 .debug_line    0x0000000000000212       0x80 d:/intelfpga_lite/18.1/nios2eds/bin/gnu/h-x86_64-mingw32/bin/../lib/gcc/nios2-elf/5.3.0/mno-hw-mul\libgcc.a(lib2-mul.o)
 .debug_line    0x0000000000000292       0xeb ../Prj3_bsp/\libhal_bsp.a(alt_iic.o)
 .debug_line    0x000000000000037d       0xdb ../Prj3_bsp/\libhal_bsp.a(alt_iic_isr_register.o)
 .debug_line    0x0000000000000458       0x6b ../Prj3_bsp/\libhal_bsp.a(alt_irq_entry.o)
 .debug_line    0x00000000000004c3       0xaa ../Prj3_bsp/\libhal_bsp.a(alt_irq_handler.o)
 .debug_line    0x000000000000056d       0x50 ../Prj3_bsp/\libhal_bsp.a(alt_irq_vars.o)
 .debug_line    0x00000000000005bd       0x8e ../Prj3_bsp/\libhal_bsp.a(alt_load.o)
 .debug_line    0x000000000000064b       0xa4 ../Prj3_bsp/\libhal_bsp.a(alt_main.o)
 .debug_line    0x00000000000006ef      0x141 ../Prj3_bsp/\libhal_bsp.a(alt_sys_init.o)
 .debug_line    0x0000000000000830      0x112 ../Prj3_bsp/\libhal_bsp.a(altera_avalon_jtag_uart_fd.o)
 .debug_line    0x0000000000000942       0xfd ../Prj3_bsp/\libhal_bsp.a(altera_avalon_jtag_uart_read.o)
 .debug_line    0x0000000000000a3f       0xf4 ../Prj3_bsp/\libhal_bsp.a(altera_avalon_jtag_uart_write.o)
 .debug_line    0x0000000000000b33       0xfd ../Prj3_bsp/\libhal_bsp.a(altera_avalon_timer_sc.o)
 .debug_line    0x0000000000000c30      0x165 ../Prj3_bsp/\libhal_bsp.a(alt_close.o)
 .debug_line    0x0000000000000d95       0x51 ../Prj3_bsp/\libhal_bsp.a(alt_dcache_flush_all.o)
 .debug_line    0x0000000000000de6       0xf8 ../Prj3_bsp/\libhal_bsp.a(alt_dev.o)
 .debug_line    0x0000000000000ede       0xcf ../Prj3_bsp/\libhal_bsp.a(alt_dev_llist_insert.o)
 .debug_line    0x0000000000000fad       0x59 ../Prj3_bsp/\libhal_bsp.a(alt_do_ctors.o)
 .debug_line    0x0000000000001006       0x59 ../Prj3_bsp/\libhal_bsp.a(alt_do_dtors.o)
 .debug_line    0x000000000000105f       0x51 ../Prj3_bsp/\libhal_bsp.a(alt_errno.o)
 .debug_line    0x00000000000010b0       0xb3 ../Prj3_bsp/\libhal_bsp.a(alt_exception_entry.o)
 .debug_line    0x0000000000001163       0x4f ../Prj3_bsp/\libhal_bsp.a(alt_icache_flush_all.o)
 .debug_line    0x00000000000011b2       0xb9 ../Prj3_bsp/\libhal_bsp.a(alt_instruction_exception_entry.o)
 .debug_line    0x000000000000126b      0x135 ../Prj3_bsp/\libhal_bsp.a(alt_io_redirect.o)
 .debug_line    0x00000000000013a0      0x12b ../Prj3_bsp/\libhal_bsp.a(alt_open.o)
 .debug_line    0x00000000000014cb       0xb0 ../Prj3_bsp/\libhal_bsp.a(alt_release_fd.o)
 .debug_line    0x000000000000157b       0xff ../Prj3_bsp/\libhal_bsp.a(alt_tick.o)
 .debug_line    0x000000000000167a       0x51 ../Prj3_bsp/\libhal_bsp.a(altera_nios2_gen2_irq.o)
 .debug_line    0x00000000000016cb       0xb5 ../Prj3_bsp/\libhal_bsp.a(alt_find_dev.o)
 .debug_line    0x0000000000001780       0xd1 ../Prj3_bsp/\libhal_bsp.a(alt_find_file.o)
 .debug_line    0x0000000000001851       0xd7 ../Prj3_bsp/\libhal_bsp.a(alt_get_fd.o)
 .debug_line    0x0000000000001928       0xe7 d:/intelfpga_lite/18.1/nios2eds/bin/gnu/h-x86_64-mingw32/bin/../lib/gcc/nios2-elf/5.3.0/../../../../../H-x86_64-mingw32/nios2-elf/lib/mno-hw-mul\libsmallc.a(lib_a-atexit.o)
 .debug_line    0x0000000000001a0f      0x159 d:/intelfpga_lite/18.1/nios2eds/bin/gnu/h-x86_64-mingw32/bin/../lib/gcc/nios2-elf/5.3.0/../../../../../H-x86_64-mingw32/nios2-elf/lib/mno-hw-mul\libsmallc.a(lib_a-exit.o)
 .debug_line    0x0000000000001b68       0x5f d:/intelfpga_lite/18.1/nios2eds/bin/gnu/h-x86_64-mingw32/bin/../lib/gcc/nios2-elf/5.3.0/../../../../../H-x86_64-mingw32/nios2-elf/lib/mno-hw-mul\libsmallc.a(lib_a-int_errno.o)
 .debug_line    0x0000000000001bc7      0x160 d:/intelfpga_lite/18.1/nios2eds/bin/gnu/h-x86_64-mingw32/bin/../lib/gcc/nios2-elf/5.3.0/../../../../../H-x86_64-mingw32/nios2-elf/lib/mno-hw-mul\libsmallc.a(lib_a-memcmp.o)
 .debug_line    0x0000000000001d27      0x15c d:/intelfpga_lite/18.1/nios2eds/bin/gnu/h-x86_64-mingw32/bin/../lib/gcc/nios2-elf/5.3.0/../../../../../H-x86_64-mingw32/nios2-elf/lib/mno-hw-mul\libsmallc.a(lib_a-strlen.o)
 .debug_line    0x0000000000001e83      0x20d d:/intelfpga_lite/18.1/nios2eds/bin/gnu/h-x86_64-mingw32/bin/../lib/gcc/nios2-elf/5.3.0/../../../../../H-x86_64-mingw32/nios2-elf/lib/mno-hw-mul\libsmallc.a(lib_a-__atexit.o)
 .debug_line    0x0000000000002090      0x232 d:/intelfpga_lite/18.1/nios2eds/bin/gnu/h-x86_64-mingw32/bin/../lib/gcc/nios2-elf/5.3.0/../../../../../H-x86_64-mingw32/nios2-elf/lib/mno-hw-mul\libsmallc.a(lib_a-__call_atexit.o)
 .debug_line    0x00000000000022c2      0x156 d:/intelfpga_lite/18.1/nios2eds/bin/gnu/h-x86_64-mingw32/bin/../lib/gcc/nios2-elf/5.3.0/../../../../../H-x86_64-mingw32/nios2-elf/lib/mno-hw-mul\libsmallc.a(lib_a-impure.o)
 .debug_line    0x0000000000002418       0x71 ../Prj3_bsp/\libhal_bsp.a(alt_exit.o)

.debug_frame    0x0000000000000000      0xa14
 *(.debug_frame)
 .debug_frame   0x0000000000000000       0x78 obj/default/source.o
 .debug_frame   0x0000000000000078       0x50 d:/intelfpga_lite/18.1/nios2eds/bin/gnu/h-x86_64-mingw32/bin/../lib/gcc/nios2-elf/5.3.0/mno-hw-mul\libgcc.a(lib2-divmod.o)
 .debug_frame   0x00000000000000c8       0x20 d:/intelfpga_lite/18.1/nios2eds/bin/gnu/h-x86_64-mingw32/bin/../lib/gcc/nios2-elf/5.3.0/mno-hw-mul\libgcc.a(lib2-mul.o)
 .debug_frame   0x00000000000000e8       0xa4 ../Prj3_bsp/\libhal_bsp.a(alt_iic.o)
 .debug_frame   0x000000000000018c       0x38 ../Prj3_bsp/\libhal_bsp.a(alt_iic_isr_register.o)
 .debug_frame   0x00000000000001c4       0x38 ../Prj3_bsp/\libhal_bsp.a(alt_irq_handler.o)
 .debug_frame   0x00000000000001fc       0x5c ../Prj3_bsp/\libhal_bsp.a(alt_load.o)
 .debug_frame   0x0000000000000258       0x2c ../Prj3_bsp/\libhal_bsp.a(alt_main.o)
 .debug_frame   0x0000000000000284       0x88 ../Prj3_bsp/\libhal_bsp.a(alt_sys_init.o)
 .debug_frame   0x000000000000030c       0x60 ../Prj3_bsp/\libhal_bsp.a(altera_avalon_jtag_uart_fd.o)
 .debug_frame   0x000000000000036c       0x34 ../Prj3_bsp/\libhal_bsp.a(altera_avalon_jtag_uart_read.o)
 .debug_frame   0x00000000000003a0       0x34 ../Prj3_bsp/\libhal_bsp.a(altera_avalon_jtag_uart_write.o)
 .debug_frame   0x00000000000003d4       0x60 ../Prj3_bsp/\libhal_bsp.a(altera_avalon_timer_sc.o)
 .debug_frame   0x0000000000000434       0x60 ../Prj3_bsp/\libhal_bsp.a(alt_close.o)
 .debug_frame   0x0000000000000494       0x34 ../Prj3_bsp/\libhal_bsp.a(alt_dcache_flush_all.o)
 .debug_frame   0x00000000000004c8       0x34 ../Prj3_bsp/\libhal_bsp.a(alt_dev.o)
 .debug_frame   0x00000000000004fc       0x60 ../Prj3_bsp/\libhal_bsp.a(alt_dev_llist_insert.o)
 .debug_frame   0x000000000000055c       0x38 ../Prj3_bsp/\libhal_bsp.a(alt_do_ctors.o)
 .debug_frame   0x0000000000000594       0x38 ../Prj3_bsp/\libhal_bsp.a(alt_do_dtors.o)
 .debug_frame   0x00000000000005cc       0x34 ../Prj3_bsp/\libhal_bsp.a(alt_icache_flush_all.o)
 .debug_frame   0x0000000000000600       0x5c ../Prj3_bsp/\libhal_bsp.a(alt_instruction_exception_entry.o)
 .debug_frame   0x000000000000065c       0x64 ../Prj3_bsp/\libhal_bsp.a(alt_io_redirect.o)
 .debug_frame   0x00000000000006c0       0x8c ../Prj3_bsp/\libhal_bsp.a(alt_open.o)
 .debug_frame   0x000000000000074c       0x3c ../Prj3_bsp/\libhal_bsp.a(alt_release_fd.o)
 .debug_frame   0x0000000000000788       0x5c ../Prj3_bsp/\libhal_bsp.a(alt_tick.o)
 .debug_frame   0x00000000000007e4       0x34 ../Prj3_bsp/\libhal_bsp.a(altera_nios2_gen2_irq.o)
 .debug_frame   0x0000000000000818       0x38 ../Prj3_bsp/\libhal_bsp.a(alt_find_dev.o)
 .debug_frame   0x0000000000000850       0x38 ../Prj3_bsp/\libhal_bsp.a(alt_find_file.o)
 .debug_frame   0x0000000000000888       0x3c ../Prj3_bsp/\libhal_bsp.a(alt_get_fd.o)
 .debug_frame   0x00000000000008c4       0x20 d:/intelfpga_lite/18.1/nios2eds/bin/gnu/h-x86_64-mingw32/bin/../lib/gcc/nios2-elf/5.3.0/../../../../../H-x86_64-mingw32/nios2-elf/lib/mno-hw-mul\libsmallc.a(lib_a-atexit.o)
 .debug_frame   0x00000000000008e4       0x28 d:/intelfpga_lite/18.1/nios2eds/bin/gnu/h-x86_64-mingw32/bin/../lib/gcc/nios2-elf/5.3.0/../../../../../H-x86_64-mingw32/nios2-elf/lib/mno-hw-mul\libsmallc.a(lib_a-exit.o)
 .debug_frame   0x000000000000090c       0x20 d:/intelfpga_lite/18.1/nios2eds/bin/gnu/h-x86_64-mingw32/bin/../lib/gcc/nios2-elf/5.3.0/../../../../../H-x86_64-mingw32/nios2-elf/lib/mno-hw-mul\libsmallc.a(lib_a-memcmp.o)
 .debug_frame   0x000000000000092c       0x20 d:/intelfpga_lite/18.1/nios2eds/bin/gnu/h-x86_64-mingw32/bin/../lib/gcc/nios2-elf/5.3.0/../../../../../H-x86_64-mingw32/nios2-elf/lib/mno-hw-mul\libsmallc.a(lib_a-strlen.o)
 .debug_frame   0x000000000000094c       0x48 d:/intelfpga_lite/18.1/nios2eds/bin/gnu/h-x86_64-mingw32/bin/../lib/gcc/nios2-elf/5.3.0/../../../../../H-x86_64-mingw32/nios2-elf/lib/mno-hw-mul\libsmallc.a(lib_a-__atexit.o)
 .debug_frame   0x0000000000000994       0x54 d:/intelfpga_lite/18.1/nios2eds/bin/gnu/h-x86_64-mingw32/bin/../lib/gcc/nios2-elf/5.3.0/../../../../../H-x86_64-mingw32/nios2-elf/lib/mno-hw-mul\libsmallc.a(lib_a-__call_atexit.o)
 .debug_frame   0x00000000000009e8       0x2c ../Prj3_bsp/\libhal_bsp.a(alt_exit.o)

.debug_str      0x0000000000000000     0x199c
 *(.debug_str)
 .debug_str     0x0000000000000000      0x115 obj/default/source.o
                                        0x162 (size before relaxing)
 .debug_str     0x0000000000000115      0x187 d:/intelfpga_lite/18.1/nios2eds/bin/gnu/h-x86_64-mingw32/bin/../lib/gcc/nios2-elf/5.3.0/mno-hw-mul\libgcc.a(lib2-divmod.o)
                                        0x1d2 (size before relaxing)
 .debug_str     0x000000000000029c       0x40 d:/intelfpga_lite/18.1/nios2eds/bin/gnu/h-x86_64-mingw32/bin/../lib/gcc/nios2-elf/5.3.0/mno-hw-mul\libgcc.a(lib2-mul.o)
                                        0x193 (size before relaxing)
 .debug_str     0x00000000000002dc      0x11d ../Prj3_bsp/\libhal_bsp.a(alt_iic.o)
                                        0x22a (size before relaxing)
 .debug_str     0x00000000000003f9       0x4c ../Prj3_bsp/\libhal_bsp.a(alt_iic_isr_register.o)
                                        0x1d4 (size before relaxing)
 .debug_str     0x0000000000000445       0x3a ../Prj3_bsp/\libhal_bsp.a(alt_irq_handler.o)
                                        0x183 (size before relaxing)
 .debug_str     0x000000000000047f       0x17 ../Prj3_bsp/\libhal_bsp.a(alt_irq_vars.o)
                                        0x126 (size before relaxing)
 .debug_str     0x0000000000000496       0xe9 ../Prj3_bsp/\libhal_bsp.a(alt_load.o)
                                        0x1fe (size before relaxing)
 .debug_str     0x000000000000057f       0x70 ../Prj3_bsp/\libhal_bsp.a(alt_main.o)
                                        0x189 (size before relaxing)
 .debug_str     0x00000000000005ef      0x18a ../Prj3_bsp/\libhal_bsp.a(alt_sys_init.o)
                                        0x2f8 (size before relaxing)
 .debug_str     0x0000000000000779       0x77 ../Prj3_bsp/\libhal_bsp.a(altera_avalon_jtag_uart_fd.o)
                                        0x2c1 (size before relaxing)
 .debug_str     0x00000000000007f0       0x48 ../Prj3_bsp/\libhal_bsp.a(altera_avalon_jtag_uart_read.o)
                                        0x20b (size before relaxing)
 .debug_str     0x0000000000000838       0x4a ../Prj3_bsp/\libhal_bsp.a(altera_avalon_jtag_uart_write.o)
                                        0x201 (size before relaxing)
 .debug_str     0x0000000000000882       0x7f ../Prj3_bsp/\libhal_bsp.a(altera_avalon_timer_sc.o)
                                        0x237 (size before relaxing)
 .debug_str     0x0000000000000901       0x44 ../Prj3_bsp/\libhal_bsp.a(alt_close.o)
                                        0x1f7 (size before relaxing)
 .debug_str     0x0000000000000945       0x34 ../Prj3_bsp/\libhal_bsp.a(alt_dcache_flush_all.o)
                                        0x141 (size before relaxing)
 .debug_str     0x0000000000000979      0x120 ../Prj3_bsp/\libhal_bsp.a(alt_dev.o)
                                        0x2f1 (size before relaxing)
 .debug_str     0x0000000000000a99       0x45 ../Prj3_bsp/\libhal_bsp.a(alt_dev_llist_insert.o)
                                        0x1b8 (size before relaxing)
 .debug_str     0x0000000000000ade       0x48 ../Prj3_bsp/\libhal_bsp.a(alt_do_ctors.o)
                                         0xbc (size before relaxing)
 .debug_str     0x0000000000000b26       0x4c ../Prj3_bsp/\libhal_bsp.a(alt_do_dtors.o)
                                         0xbb (size before relaxing)
 .debug_str     0x0000000000000b72       0x14 ../Prj3_bsp/\libhal_bsp.a(alt_errno.o)
                                        0x131 (size before relaxing)
 .debug_str     0x0000000000000b86       0x34 ../Prj3_bsp/\libhal_bsp.a(alt_icache_flush_all.o)
                                        0x141 (size before relaxing)
 .debug_str     0x0000000000000bba      0x48b ../Prj3_bsp/\libhal_bsp.a(alt_instruction_exception_entry.o)
                                        0x58c (size before relaxing)
 .debug_str     0x0000000000001045       0x56 ../Prj3_bsp/\libhal_bsp.a(alt_io_redirect.o)
                                        0x302 (size before relaxing)
 .debug_str     0x000000000000109b       0x2f ../Prj3_bsp/\libhal_bsp.a(alt_open.o)
                                        0x237 (size before relaxing)
 .debug_str     0x00000000000010ca       0x28 ../Prj3_bsp/\libhal_bsp.a(alt_release_fd.o)
                                        0x1bf (size before relaxing)
 .debug_str     0x00000000000010f2       0x78 ../Prj3_bsp/\libhal_bsp.a(alt_tick.o)
                                        0x23e (size before relaxing)
 .debug_str     0x000000000000116a       0x3b ../Prj3_bsp/\libhal_bsp.a(altera_nios2_gen2_irq.o)
                                        0x148 (size before relaxing)
 .debug_str     0x00000000000011a5       0x24 ../Prj3_bsp/\libhal_bsp.a(alt_find_dev.o)
                                        0x1d8 (size before relaxing)
 .debug_str     0x00000000000011c9       0x26 ../Prj3_bsp/\libhal_bsp.a(alt_find_file.o)
                                        0x1e6 (size before relaxing)
 .debug_str     0x00000000000011ef       0x30 ../Prj3_bsp/\libhal_bsp.a(alt_get_fd.o)
                                        0x208 (size before relaxing)
 .debug_str     0x000000000000121f      0x177 d:/intelfpga_lite/18.1/nios2eds/bin/gnu/h-x86_64-mingw32/bin/../lib/gcc/nios2-elf/5.3.0/../../../../../H-x86_64-mingw32/nios2-elf/lib/mno-hw-mul\libsmallc.a(lib_a-atexit.o)
                                        0x21c (size before relaxing)
 .debug_str     0x0000000000001396       0x4c d:/intelfpga_lite/18.1/nios2eds/bin/gnu/h-x86_64-mingw32/bin/../lib/gcc/nios2-elf/5.3.0/../../../../../H-x86_64-mingw32/nios2-elf/lib/mno-hw-mul\libsmallc.a(lib_a-exit.o)
                                        0x1f0 (size before relaxing)
 .debug_str     0x00000000000013e2       0xd3 d:/intelfpga_lite/18.1/nios2eds/bin/gnu/h-x86_64-mingw32/bin/../lib/gcc/nios2-elf/5.3.0/../../../../../H-x86_64-mingw32/nios2-elf/lib/mno-hw-mul\libsmallc.a(lib_a-int_errno.o)
                                        0x1d8 (size before relaxing)
 .debug_str     0x00000000000014b5       0xe0 d:/intelfpga_lite/18.1/nios2eds/bin/gnu/h-x86_64-mingw32/bin/../lib/gcc/nios2-elf/5.3.0/../../../../../H-x86_64-mingw32/nios2-elf/lib/mno-hw-mul\libsmallc.a(lib_a-memcmp.o)
                                        0x1df (size before relaxing)
 .debug_str     0x0000000000001595       0x44 d:/intelfpga_lite/18.1/nios2eds/bin/gnu/h-x86_64-mingw32/bin/../lib/gcc/nios2-elf/5.3.0/../../../../../H-x86_64-mingw32/nios2-elf/lib/mno-hw-mul\libsmallc.a(lib_a-strlen.o)
                                        0x1e5 (size before relaxing)
 .debug_str     0x00000000000015d9      0x2ec d:/intelfpga_lite/18.1/nios2eds/bin/gnu/h-x86_64-mingw32/bin/../lib/gcc/nios2-elf/5.3.0/../../../../../H-x86_64-mingw32/nios2-elf/lib/mno-hw-mul\libsmallc.a(lib_a-__atexit.o)
                                        0x4ff (size before relaxing)
 .debug_str     0x00000000000018c5       0x65 d:/intelfpga_lite/18.1/nios2eds/bin/gnu/h-x86_64-mingw32/bin/../lib/gcc/nios2-elf/5.3.0/../../../../../H-x86_64-mingw32/nios2-elf/lib/mno-hw-mul\libsmallc.a(lib_a-__call_atexit.o)
                                        0x4eb (size before relaxing)
 .debug_str     0x000000000000192a       0x48 d:/intelfpga_lite/18.1/nios2eds/bin/gnu/h-x86_64-mingw32/bin/../lib/gcc/nios2-elf/5.3.0/../../../../../H-x86_64-mingw32/nios2-elf/lib/mno-hw-mul\libsmallc.a(lib_a-impure.o)
                                        0x4be (size before relaxing)
 .debug_str     0x0000000000001972       0x2a ../Prj3_bsp/\libhal_bsp.a(alt_exit.o)
                                        0x13d (size before relaxing)

.debug_loc      0x0000000000000000      0x974
 *(.debug_loc)
 .debug_loc     0x0000000000000000      0x4ce d:/intelfpga_lite/18.1/nios2eds/bin/gnu/h-x86_64-mingw32/bin/../lib/gcc/nios2-elf/5.3.0/mno-hw-mul\libgcc.a(lib2-divmod.o)
 .debug_loc     0x00000000000004ce       0x93 d:/intelfpga_lite/18.1/nios2eds/bin/gnu/h-x86_64-mingw32/bin/../lib/gcc/nios2-elf/5.3.0/mno-hw-mul\libgcc.a(lib2-mul.o)
 .debug_loc     0x0000000000000561       0x2c d:/intelfpga_lite/18.1/nios2eds/bin/gnu/h-x86_64-mingw32/bin/../lib/gcc/nios2-elf/5.3.0/../../../../../H-x86_64-mingw32/nios2-elf/lib/mno-hw-mul\libsmallc.a(lib_a-atexit.o)
 .debug_loc     0x000000000000058d       0x1e d:/intelfpga_lite/18.1/nios2eds/bin/gnu/h-x86_64-mingw32/bin/../lib/gcc/nios2-elf/5.3.0/../../../../../H-x86_64-mingw32/nios2-elf/lib/mno-hw-mul\libsmallc.a(lib_a-exit.o)
 .debug_loc     0x00000000000005ab       0x94 d:/intelfpga_lite/18.1/nios2eds/bin/gnu/h-x86_64-mingw32/bin/../lib/gcc/nios2-elf/5.3.0/../../../../../H-x86_64-mingw32/nios2-elf/lib/mno-hw-mul\libsmallc.a(lib_a-memcmp.o)
 .debug_loc     0x000000000000063f       0x1e d:/intelfpga_lite/18.1/nios2eds/bin/gnu/h-x86_64-mingw32/bin/../lib/gcc/nios2-elf/5.3.0/../../../../../H-x86_64-mingw32/nios2-elf/lib/mno-hw-mul\libsmallc.a(lib_a-strlen.o)
 .debug_loc     0x000000000000065d      0x1c0 d:/intelfpga_lite/18.1/nios2eds/bin/gnu/h-x86_64-mingw32/bin/../lib/gcc/nios2-elf/5.3.0/../../../../../H-x86_64-mingw32/nios2-elf/lib/mno-hw-mul\libsmallc.a(lib_a-__atexit.o)
 .debug_loc     0x000000000000081d      0x157 d:/intelfpga_lite/18.1/nios2eds/bin/gnu/h-x86_64-mingw32/bin/../lib/gcc/nios2-elf/5.3.0/../../../../../H-x86_64-mingw32/nios2-elf/lib/mno-hw-mul\libsmallc.a(lib_a-__call_atexit.o)

.debug_macinfo
 *(.debug_macinfo)

.debug_weaknames
 *(.debug_weaknames)

.debug_funcnames
 *(.debug_funcnames)

.debug_typenames
 *(.debug_typenames)

.debug_varnames
 *(.debug_varnames)

.debug_alt_sim_info
                0x0000000000000000       0x10
 *(.debug_alt_sim_info)
 .debug_alt_sim_info
                0x0000000000000000       0x10 ../Prj3_bsp//obj/HAL/src/crt0.o
                0x0000000000010000                __alt_data_end = 0x10000
                0x0000000000010000                PROVIDE (__alt_stack_pointer, __alt_data_end)
                [!provide]                        PROVIDE (__alt_stack_limit, __alt_stack_base)
                [!provide]                        PROVIDE (__alt_heap_start, end)
                [!provide]                        PROVIDE (__alt_heap_limit, 0x10000)
OUTPUT(Prj3.elf elf32-littlenios2)

.debug_ranges   0x0000000000000000      0x190
 .debug_ranges  0x0000000000000000       0x20 ../Prj3_bsp//obj/HAL/src/crt0.o
 .debug_ranges  0x0000000000000020       0x60 d:/intelfpga_lite/18.1/nios2eds/bin/gnu/h-x86_64-mingw32/bin/../lib/gcc/nios2-elf/5.3.0/mno-hw-mul\libgcc.a(lib2-divmod.o)
 .debug_ranges  0x0000000000000080       0x28 ../Prj3_bsp/\libhal_bsp.a(alt_irq_entry.o)
 .debug_ranges  0x00000000000000a8       0x10 ../Prj3_bsp/\libhal_bsp.a(alt_irq_handler.o)
 .debug_ranges  0x00000000000000b8       0x18 ../Prj3_bsp/\libhal_bsp.a(altera_avalon_jtag_uart_read.o)
 .debug_ranges  0x00000000000000d0       0x30 ../Prj3_bsp/\libhal_bsp.a(alt_exception_entry.o)
 .debug_ranges  0x0000000000000100       0x18 ../Prj3_bsp/\libhal_bsp.a(alt_instruction_exception_entry.o)
 .debug_ranges  0x0000000000000118       0x10 d:/intelfpga_lite/18.1/nios2eds/bin/gnu/h-x86_64-mingw32/bin/../lib/gcc/nios2-elf/5.3.0/../../../../../H-x86_64-mingw32/nios2-elf/lib/mno-hw-mul\libsmallc.a(lib_a-atexit.o)
 .debug_ranges  0x0000000000000128       0x10 d:/intelfpga_lite/18.1/nios2eds/bin/gnu/h-x86_64-mingw32/bin/../lib/gcc/nios2-elf/5.3.0/../../../../../H-x86_64-mingw32/nios2-elf/lib/mno-hw-mul\libsmallc.a(lib_a-exit.o)
 .debug_ranges  0x0000000000000138       0x10 d:/intelfpga_lite/18.1/nios2eds/bin/gnu/h-x86_64-mingw32/bin/../lib/gcc/nios2-elf/5.3.0/../../../../../H-x86_64-mingw32/nios2-elf/lib/mno-hw-mul\libsmallc.a(lib_a-memcmp.o)
 .debug_ranges  0x0000000000000148       0x10 d:/intelfpga_lite/18.1/nios2eds/bin/gnu/h-x86_64-mingw32/bin/../lib/gcc/nios2-elf/5.3.0/../../../../../H-x86_64-mingw32/nios2-elf/lib/mno-hw-mul\libsmallc.a(lib_a-strlen.o)
 .debug_ranges  0x0000000000000158       0x10 d:/intelfpga_lite/18.1/nios2eds/bin/gnu/h-x86_64-mingw32/bin/../lib/gcc/nios2-elf/5.3.0/../../../../../H-x86_64-mingw32/nios2-elf/lib/mno-hw-mul\libsmallc.a(lib_a-__atexit.o)
 .debug_ranges  0x0000000000000168       0x28 d:/intelfpga_lite/18.1/nios2eds/bin/gnu/h-x86_64-mingw32/bin/../lib/gcc/nios2-elf/5.3.0/../../../../../H-x86_64-mingw32/nios2-elf/lib/mno-hw-mul\libsmallc.a(lib_a-__call_atexit.o)
